<html>
<body>
<pre>
<h1>µVision Build Log</h1>
<h2>Project:</h2>
D:\DATE\Master\Mikrokopter\embedded-uav-quadcopter\trunk\Project\STM32F10x_StdPeriph_Template\MDK-ARM\Project.uvproj
Project File Date:  05/12/2012

<h2>Output:</h2>
Build target 'STM3210C-EVAL'
compiling stm32f10x_it.c...
compiling main.c...
compiling PPM.c...
..\PPM.c(205): warning:  #177-D: variable "index" was declared but never referenced
compiling stm32f10x_rcc.c...
compiling stm32f10x_gpio.c...
compiling misc.c...
compiling stm32f10x_exti.c...
compiling stm32f10x_spi.c...
compiling stm32f10x_fsmc.c...
compiling stm32f10x_usart.c...
compiling stm32f10x_sdio.c...
compiling stm32f10x_dma.c...
compiling stm32f10x_i2c.c...
compiling stm32f10x_adc.c...
Project build/rebuild aborted.
Target not created
Build target 'STM3210C-EVAL'
compiling stm32f10x_it.c...
compiling main.c...
compiling PPM.c...
..\PPM.c(205): warning:  #177-D: variable "index" was declared but never referenced
compiling stm32f10x_rcc.c...
compiling stm32f10x_gpio.c...
compiling misc.c...
compiling stm32f10x_exti.c...
compiling stm32f10x_spi.c...
compiling stm32f10x_fsmc.c...
compiling stm32f10x_usart.c...
compiling stm32f10x_sdio.c...
compiling stm32f10x_dma.c...
compiling stm32f10x_i2c.c...
compiling stm32f10x_adc.c...
compiling stm32f10x_bkp.c...
compiling stm32f10x_can.c...
compiling stm32f10x_cec.c...
compiling stm32f10x_crc.c...
compiling stm32f10x_dac.c...
compiling stm32f10x_dbgmcu.c...
compiling stm32f10x_flash.c...
compiling stm32f10x_iwdg.c...
compiling stm32f10x_pwr.c...
compiling stm32f10x_rtc.c...
compiling stm32f10x_tim.c...
compiling stm32f10x_wwdg.c...
compiling core_cm3.c...
compiling system_stm32f10x.c...
compiling stm32_eval.c...
compiling stm32_eval_spi_sd.c...
compiling stm3210c_eval_lcd.c...
compiling stm3210c_eval_ioe.c...
assembling startup_stm32f10x_cl.s...
compiling heap_2.c...
compiling list.c...
compiling port.c...
compiling queue.c...
compiling tasks.c...
linking...
Program Size: Code=8096 RO-data=5012 RW-data=208 ZI-data=18776  
FromELF: creating hex file...
".\STM3210C-EVAL\STM3210C-EVAL.axf" - 0 Error(s), 1 Warning(s).
Load "D:\\DATE\\Master\\Mikrokopter\\embedded-uav-quadcopter\\trunk\\Project\\STM32F10x_StdPeriph_Template\\MDK-ARM\\STM3210C-EVAL\\STM3210C-EVAL.AXF" 
