<!doctype html public "-//w3c//dtd html 4.0 transitional//en">
<html><head>
<title>Static Call Graph - [.\STM3210C-EVAL\STM3210C-EVAL.axf]</title></head>
<body><HR>
<H1>Static Call Graph for image .\STM3210C-EVAL\STM3210C-EVAL.axf</H1><HR>
<BR><P>#&#060CALLGRAPH&#062# ARM Linker, 4.1 [Build 894]: Last Updated: Fri May 18 22:07:03 2012
<BR><P>
<H3>Maximum Stack Usage =        192 bytes + Unknown(Cycles, Untraceable Function Pointers)</H3><H3>
Call chain for Maximum Stack Depth:</H3>
main &rArr; vTaskStartScheduler &rArr; xTaskGenericCreate &rArr; pvPortMalloc &rArr; xTaskResumeAll &rArr; vTaskIncrementTick
<P>
<H3>
Mutually Recursive functions
</H3> <LI><a href="#[1c]">ADC1_2_IRQHandler</a>&nbsp;&nbsp;&nbsp;&rArr;&nbsp;&nbsp;&nbsp;<a href="#[1c]">ADC1_2_IRQHandler</a><BR>
 <LI><a href="#[4c]">AddTask</a>&nbsp;&nbsp;&nbsp;&rArr;&nbsp;&nbsp;&nbsp;<a href="#[4c]">AddTask</a><BR>
 <LI><a href="#[4]">BusFault_Handler</a>&nbsp;&nbsp;&nbsp;&rArr;&nbsp;&nbsp;&nbsp;<a href="#[4]">BusFault_Handler</a><BR>
 <LI><a href="#[2]">HardFault_Handler</a>&nbsp;&nbsp;&nbsp;&rArr;&nbsp;&nbsp;&nbsp;<a href="#[2]">HardFault_Handler</a><BR>
 <LI><a href="#[3]">MemManage_Handler</a>&nbsp;&nbsp;&nbsp;&rArr;&nbsp;&nbsp;&nbsp;<a href="#[3]">MemManage_Handler</a><BR>
 <LI><a href="#[4b]">MyTask</a>&nbsp;&nbsp;&nbsp;&rArr;&nbsp;&nbsp;&nbsp;<a href="#[4b]">MyTask</a><BR>
 <LI><a href="#[5]">UsageFault_Handler</a>&nbsp;&nbsp;&nbsp;&rArr;&nbsp;&nbsp;&nbsp;<a href="#[5]">UsageFault_Handler</a><BR>
</UL>
<P>
<H3>
Function Pointers
</H3><UL>
 <LI><a href="#[1c]">ADC1_2_IRQHandler</a> from startup_stm32f10x_cl.o(.text) referenced from startup_stm32f10x_cl.o(RESET)
 <LI><a href="#[4c]">AddTask</a> from main.o(i.AddTask) referenced from main.o(i.main)
 <LI><a href="#[4]">BusFault_Handler</a> from stm32f10x_it.o(i.BusFault_Handler) referenced from startup_stm32f10x_cl.o(RESET)
 <LI><a href="#[1e]">CAN1_RX0_IRQHandler</a> from startup_stm32f10x_cl.o(.text) referenced from startup_stm32f10x_cl.o(RESET)
 <LI><a href="#[1f]">CAN1_RX1_IRQHandler</a> from startup_stm32f10x_cl.o(.text) referenced from startup_stm32f10x_cl.o(RESET)
 <LI><a href="#[20]">CAN1_SCE_IRQHandler</a> from startup_stm32f10x_cl.o(.text) referenced from startup_stm32f10x_cl.o(RESET)
 <LI><a href="#[1d]">CAN1_TX_IRQHandler</a> from startup_stm32f10x_cl.o(.text) referenced from startup_stm32f10x_cl.o(RESET)
 <LI><a href="#[43]">CAN2_RX0_IRQHandler</a> from startup_stm32f10x_cl.o(.text) referenced from startup_stm32f10x_cl.o(RESET)
 <LI><a href="#[44]">CAN2_RX1_IRQHandler</a> from startup_stm32f10x_cl.o(.text) referenced from startup_stm32f10x_cl.o(RESET)
 <LI><a href="#[45]">CAN2_SCE_IRQHandler</a> from startup_stm32f10x_cl.o(.text) referenced from startup_stm32f10x_cl.o(RESET)
 <LI><a href="#[42]">CAN2_TX_IRQHandler</a> from startup_stm32f10x_cl.o(.text) referenced from startup_stm32f10x_cl.o(RESET)
 <LI><a href="#[15]">DMA1_Channel1_IRQHandler</a> from startup_stm32f10x_cl.o(.text) referenced from startup_stm32f10x_cl.o(RESET)
 <LI><a href="#[16]">DMA1_Channel2_IRQHandler</a> from startup_stm32f10x_cl.o(.text) referenced from startup_stm32f10x_cl.o(RESET)
 <LI><a href="#[17]">DMA1_Channel3_IRQHandler</a> from startup_stm32f10x_cl.o(.text) referenced from startup_stm32f10x_cl.o(RESET)
 <LI><a href="#[18]">DMA1_Channel4_IRQHandler</a> from startup_stm32f10x_cl.o(.text) referenced from startup_stm32f10x_cl.o(RESET)
 <LI><a href="#[19]">DMA1_Channel5_IRQHandler</a> from startup_stm32f10x_cl.o(.text) referenced from startup_stm32f10x_cl.o(RESET)
 <LI><a href="#[1a]">DMA1_Channel6_IRQHandler</a> from startup_stm32f10x_cl.o(.text) referenced from startup_stm32f10x_cl.o(RESET)
 <LI><a href="#[1b]">DMA1_Channel7_IRQHandler</a> from startup_stm32f10x_cl.o(.text) referenced from startup_stm32f10x_cl.o(RESET)
 <LI><a href="#[3b]">DMA2_Channel1_IRQHandler</a> from startup_stm32f10x_cl.o(.text) referenced from startup_stm32f10x_cl.o(RESET)
 <LI><a href="#[3c]">DMA2_Channel2_IRQHandler</a> from startup_stm32f10x_cl.o(.text) referenced from startup_stm32f10x_cl.o(RESET)
 <LI><a href="#[3d]">DMA2_Channel3_IRQHandler</a> from startup_stm32f10x_cl.o(.text) referenced from startup_stm32f10x_cl.o(RESET)
 <LI><a href="#[3e]">DMA2_Channel4_IRQHandler</a> from startup_stm32f10x_cl.o(.text) referenced from startup_stm32f10x_cl.o(RESET)
 <LI><a href="#[3f]">DMA2_Channel5_IRQHandler</a> from startup_stm32f10x_cl.o(.text) referenced from startup_stm32f10x_cl.o(RESET)
 <LI><a href="#[4d]">DataTask</a> from main.o(i.DataTask) referenced from main.o(i.main)
 <LI><a href="#[7]">DebugMon_Handler</a> from stm32f10x_it.o(i.DebugMon_Handler) referenced from startup_stm32f10x_cl.o(RESET)
 <LI><a href="#[40]">ETH_IRQHandler</a> from startup_stm32f10x_cl.o(.text) referenced from startup_stm32f10x_cl.o(RESET)
 <LI><a href="#[41]">ETH_WKUP_IRQHandler</a> from startup_stm32f10x_cl.o(.text) referenced from startup_stm32f10x_cl.o(RESET)
 <LI><a href="#[10]">EXTI0_IRQHandler</a> from startup_stm32f10x_cl.o(.text) referenced from startup_stm32f10x_cl.o(RESET)
 <LI><a href="#[32]">EXTI15_10_IRQHandler</a> from startup_stm32f10x_cl.o(.text) referenced from startup_stm32f10x_cl.o(RESET)
 <LI><a href="#[11]">EXTI1_IRQHandler</a> from startup_stm32f10x_cl.o(.text) referenced from startup_stm32f10x_cl.o(RESET)
 <LI><a href="#[12]">EXTI2_IRQHandler</a> from startup_stm32f10x_cl.o(.text) referenced from startup_stm32f10x_cl.o(RESET)
 <LI><a href="#[13]">EXTI3_IRQHandler</a> from startup_stm32f10x_cl.o(.text) referenced from startup_stm32f10x_cl.o(RESET)
 <LI><a href="#[14]">EXTI4_IRQHandler</a> from startup_stm32f10x_cl.o(.text) referenced from startup_stm32f10x_cl.o(RESET)
 <LI><a href="#[21]">EXTI9_5_IRQHandler</a> from startup_stm32f10x_cl.o(.text) referenced from startup_stm32f10x_cl.o(RESET)
 <LI><a href="#[e]">FLASH_IRQHandler</a> from startup_stm32f10x_cl.o(.text) referenced from startup_stm32f10x_cl.o(RESET)
 <LI><a href="#[2]">HardFault_Handler</a> from stm32f10x_it.o(i.HardFault_Handler) referenced from startup_stm32f10x_cl.o(RESET)
 <LI><a href="#[2a]">I2C1_ER_IRQHandler</a> from startup_stm32f10x_cl.o(.text) referenced from startup_stm32f10x_cl.o(RESET)
 <LI><a href="#[29]">I2C1_EV_IRQHandler</a> from startup_stm32f10x_cl.o(.text) referenced from startup_stm32f10x_cl.o(RESET)
 <LI><a href="#[2c]">I2C2_ER_IRQHandler</a> from startup_stm32f10x_cl.o(.text) referenced from startup_stm32f10x_cl.o(RESET)
 <LI><a href="#[2b]">I2C2_EV_IRQHandler</a> from startup_stm32f10x_cl.o(.text) referenced from startup_stm32f10x_cl.o(RESET)
 <LI><a href="#[3]">MemManage_Handler</a> from stm32f10x_it.o(i.MemManage_Handler) referenced from startup_stm32f10x_cl.o(RESET)
 <LI><a href="#[4b]">MyTask</a> from main.o(i.MyTask) referenced from main.o(i.main)
 <LI><a href="#[1]">NMI_Handler</a> from stm32f10x_it.o(i.NMI_Handler) referenced from startup_stm32f10x_cl.o(RESET)
 <LI><a href="#[46]">OTG_FS_IRQHandler</a> from startup_stm32f10x_cl.o(.text) referenced from startup_stm32f10x_cl.o(RESET)
 <LI><a href="#[34]">OTG_FS_WKUP_IRQHandler</a> from startup_stm32f10x_cl.o(.text) referenced from startup_stm32f10x_cl.o(RESET)
 <LI><a href="#[b]">PVD_IRQHandler</a> from startup_stm32f10x_cl.o(.text) referenced from startup_stm32f10x_cl.o(RESET)
 <LI><a href="#[8]">PendSV_Handler</a> from stm32f10x_it.o(i.PendSV_Handler) referenced from startup_stm32f10x_cl.o(RESET)
 <LI><a href="#[f]">RCC_IRQHandler</a> from startup_stm32f10x_cl.o(.text) referenced from startup_stm32f10x_cl.o(RESET)
 <LI><a href="#[33]">RTCAlarm_IRQHandler</a> from startup_stm32f10x_cl.o(.text) referenced from startup_stm32f10x_cl.o(RESET)
 <LI><a href="#[d]">RTC_IRQHandler</a> from startup_stm32f10x_cl.o(.text) referenced from startup_stm32f10x_cl.o(RESET)
 <LI><a href="#[0]">Reset_Handler</a> from startup_stm32f10x_cl.o(.text) referenced from startup_stm32f10x_cl.o(RESET)
 <LI><a href="#[2d]">SPI1_IRQHandler</a> from startup_stm32f10x_cl.o(.text) referenced from startup_stm32f10x_cl.o(RESET)
 <LI><a href="#[2e]">SPI2_IRQHandler</a> from startup_stm32f10x_cl.o(.text) referenced from startup_stm32f10x_cl.o(RESET)
 <LI><a href="#[36]">SPI3_IRQHandler</a> from startup_stm32f10x_cl.o(.text) referenced from startup_stm32f10x_cl.o(RESET)
 <LI><a href="#[6]">SVC_Handler</a> from stm32f10x_it.o(i.SVC_Handler) referenced from startup_stm32f10x_cl.o(RESET)
 <LI><a href="#[9]">SysTick_Handler</a> from stm32f10x_it.o(i.SysTick_Handler) referenced from startup_stm32f10x_cl.o(RESET)
 <LI><a href="#[48]">SystemInit</a> from system_stm32f10x.o(i.SystemInit) referenced from startup_stm32f10x_cl.o(.text)
 <LI><a href="#[c]">TAMPER_IRQHandler</a> from startup_stm32f10x_cl.o(.text) referenced from startup_stm32f10x_cl.o(RESET)
 <LI><a href="#[22]">TIM1_BRK_IRQHandler</a> from startup_stm32f10x_cl.o(.text) referenced from startup_stm32f10x_cl.o(RESET)
 <LI><a href="#[25]">TIM1_CC_IRQHandler</a> from startup_stm32f10x_cl.o(.text) referenced from startup_stm32f10x_cl.o(RESET)
 <LI><a href="#[24]">TIM1_TRG_COM_IRQHandler</a> from startup_stm32f10x_cl.o(.text) referenced from startup_stm32f10x_cl.o(RESET)
 <LI><a href="#[23]">TIM1_UP_IRQHandler</a> from startup_stm32f10x_cl.o(.text) referenced from startup_stm32f10x_cl.o(RESET)
 <LI><a href="#[26]">TIM2_IRQHandler</a> from startup_stm32f10x_cl.o(.text) referenced from startup_stm32f10x_cl.o(RESET)
 <LI><a href="#[27]">TIM3_IRQHandler</a> from ppm.o(i.TIM3_IRQHandler) referenced from startup_stm32f10x_cl.o(RESET)
 <LI><a href="#[28]">TIM4_IRQHandler</a> from startup_stm32f10x_cl.o(.text) referenced from startup_stm32f10x_cl.o(RESET)
 <LI><a href="#[35]">TIM5_IRQHandler</a> from startup_stm32f10x_cl.o(.text) referenced from startup_stm32f10x_cl.o(RESET)
 <LI><a href="#[39]">TIM6_IRQHandler</a> from startup_stm32f10x_cl.o(.text) referenced from startup_stm32f10x_cl.o(RESET)
 <LI><a href="#[3a]">TIM7_IRQHandler</a> from startup_stm32f10x_cl.o(.text) referenced from startup_stm32f10x_cl.o(RESET)
 <LI><a href="#[37]">UART4_IRQHandler</a> from startup_stm32f10x_cl.o(.text) referenced from startup_stm32f10x_cl.o(RESET)
 <LI><a href="#[38]">UART5_IRQHandler</a> from startup_stm32f10x_cl.o(.text) referenced from startup_stm32f10x_cl.o(RESET)
 <LI><a href="#[2f]">USART1_IRQHandler</a> from startup_stm32f10x_cl.o(.text) referenced from startup_stm32f10x_cl.o(RESET)
 <LI><a href="#[30]">USART2_IRQHandler</a> from startup_stm32f10x_cl.o(.text) referenced from startup_stm32f10x_cl.o(RESET)
 <LI><a href="#[31]">USART3_IRQHandler</a> from startup_stm32f10x_cl.o(.text) referenced from startup_stm32f10x_cl.o(RESET)
 <LI><a href="#[5]">UsageFault_Handler</a> from stm32f10x_it.o(i.UsageFault_Handler) referenced from startup_stm32f10x_cl.o(RESET)
 <LI><a href="#[a]">WWDG_IRQHandler</a> from startup_stm32f10x_cl.o(.text) referenced from startup_stm32f10x_cl.o(RESET)
 <LI><a href="#[49]">__main</a> from entry.o(.ARM.Collect$$$$00000000) referenced from startup_stm32f10x_cl.o(.text)
 <LI><a href="#[4a]">fputc</a> from main.o(i.fputc) referenced from printf2.o(i.__0printf$2)
 <LI><a href="#[47]">main</a> from main.o(i.main) referenced from entry8.o(.ARM.Collect$$$$00000009)
 <LI><a href="#[4e]">prvIdleTask</a> from tasks.o(i.prvIdleTask) referenced from tasks.o(i.vTaskStartScheduler)
</UL>
<P>
<H3>
Global Symbols
</H3>
<P><STRONG><a name="[49]"></a>__main</STRONG> (Thumb, 0 bytes, Stack size unknown bytes, entry.o(.ARM.Collect$$$$00000000))
<BR>[Address Reference Count : 1]<UL><LI> startup_stm32f10x_cl.o(.text)
</UL>
<P><STRONG><a name="[c4]"></a>_main_stk</STRONG> (Thumb, 0 bytes, Stack size unknown bytes, entry2.o(.ARM.Collect$$$$00000001))

<P><STRONG><a name="[4f]"></a>_main_scatterload</STRONG> (Thumb, 0 bytes, Stack size unknown bytes, entry5.o(.ARM.Collect$$$$00000004))
<BR><BR>[Calls]<UL><LI><a href="#[50]">&gt;&gt;</a>&nbsp;&nbsp;&nbsp;__scatterload
</UL>

<P><STRONG><a name="[56]"></a>__main_after_scatterload</STRONG> (Thumb, 0 bytes, Stack size unknown bytes, entry5.o(.ARM.Collect$$$$00000004))
<BR><BR>[Called By]<UL><LI><a href="#[50]">&gt;&gt;</a>&nbsp;&nbsp;&nbsp;__scatterload
</UL>

<P><STRONG><a name="[c5]"></a>_main_clock</STRONG> (Thumb, 0 bytes, Stack size unknown bytes, entry7b.o(.ARM.Collect$$$$00000008))

<P><STRONG><a name="[c6]"></a>_main_init</STRONG> (Thumb, 0 bytes, Stack size unknown bytes, entry8.o(.ARM.Collect$$$$00000009))

<P><STRONG><a name="[8a]"></a>vPortSVCHandler</STRONG> (Thumb, 28 bytes, Stack size 0 bytes, port.o(.emb_text))
<BR><BR>[Called By]<UL><LI><a href="#[6]">&gt;&gt;</a>&nbsp;&nbsp;&nbsp;SVC_Handler
</UL>

<P><STRONG><a name="[bf]"></a>vPortStartFirstTask</STRONG> (Thumb, 16 bytes, Stack size 0 bytes, port.o(.emb_text))
<BR><BR>[Called By]<UL><LI><a href="#[be]">&gt;&gt;</a>&nbsp;&nbsp;&nbsp;xPortStartScheduler
</UL>

<P><STRONG><a name="[51]"></a>xPortPendSVHandler</STRONG> (Thumb, 56 bytes, Stack size 0 bytes, port.o(.emb_text))
<BR><BR>[Calls]<UL><LI><a href="#[52]">&gt;&gt;</a>&nbsp;&nbsp;&nbsp;vTaskSwitchContext
</UL>
<BR>[Called By]<UL><LI><a href="#[8]">&gt;&gt;</a>&nbsp;&nbsp;&nbsp;PendSV_Handler
</UL>

<P><STRONG><a name="[ba]"></a>vPortSetInterruptMask</STRONG> (Thumb, 14 bytes, Stack size 0 bytes, port.o(.emb_text))
<BR><BR>[Called By]<UL><LI><a href="#[ae]">&gt;&gt;</a>&nbsp;&nbsp;&nbsp;vTaskStartScheduler
<LI><a href="#[8b]">&gt;&gt;</a>&nbsp;&nbsp;&nbsp;xPortSysTickHandler
<LI><a href="#[b4]">&gt;&gt;</a>&nbsp;&nbsp;&nbsp;vPortEnterCritical
</UL>

<P><STRONG><a name="[bb]"></a>vPortClearInterruptMask</STRONG> (Thumb, 14 bytes, Stack size 0 bytes, port.o(.emb_text))
<BR><BR>[Called By]<UL><LI><a href="#[8b]">&gt;&gt;</a>&nbsp;&nbsp;&nbsp;xPortSysTickHandler
<LI><a href="#[b6]">&gt;&gt;</a>&nbsp;&nbsp;&nbsp;vPortExitCritical
</UL>

<P><STRONG><a name="[0]"></a>Reset_Handler</STRONG> (Thumb, 8 bytes, Stack size 0 bytes, startup_stm32f10x_cl.o(.text))
<BR>[Address Reference Count : 1]<UL><LI> startup_stm32f10x_cl.o(RESET)
</UL>
<P><STRONG><a name="[1c]"></a>ADC1_2_IRQHandler</STRONG> (Thumb, 0 bytes, Stack size 0 bytes, startup_stm32f10x_cl.o(.text))
<BR><BR>[Calls]<UL><LI><a href="#[1c]">&gt;&gt;</a>&nbsp;&nbsp;&nbsp;ADC1_2_IRQHandler
</UL>
<BR>[Called By]<UL><LI><a href="#[1c]">&gt;&gt;</a>&nbsp;&nbsp;&nbsp;ADC1_2_IRQHandler
</UL>
<BR>[Address Reference Count : 1]<UL><LI> startup_stm32f10x_cl.o(RESET)
</UL>
<P><STRONG><a name="[1e]"></a>CAN1_RX0_IRQHandler</STRONG> (Thumb, 0 bytes, Stack size 0 bytes, startup_stm32f10x_cl.o(.text))
<BR>[Address Reference Count : 1]<UL><LI> startup_stm32f10x_cl.o(RESET)
</UL>
<P><STRONG><a name="[1f]"></a>CAN1_RX1_IRQHandler</STRONG> (Thumb, 0 bytes, Stack size 0 bytes, startup_stm32f10x_cl.o(.text))
<BR>[Address Reference Count : 1]<UL><LI> startup_stm32f10x_cl.o(RESET)
</UL>
<P><STRONG><a name="[20]"></a>CAN1_SCE_IRQHandler</STRONG> (Thumb, 0 bytes, Stack size 0 bytes, startup_stm32f10x_cl.o(.text))
<BR>[Address Reference Count : 1]<UL><LI> startup_stm32f10x_cl.o(RESET)
</UL>
<P><STRONG><a name="[1d]"></a>CAN1_TX_IRQHandler</STRONG> (Thumb, 0 bytes, Stack size 0 bytes, startup_stm32f10x_cl.o(.text))
<BR>[Address Reference Count : 1]<UL><LI> startup_stm32f10x_cl.o(RESET)
</UL>
<P><STRONG><a name="[43]"></a>CAN2_RX0_IRQHandler</STRONG> (Thumb, 0 bytes, Stack size 0 bytes, startup_stm32f10x_cl.o(.text))
<BR>[Address Reference Count : 1]<UL><LI> startup_stm32f10x_cl.o(RESET)
</UL>
<P><STRONG><a name="[44]"></a>CAN2_RX1_IRQHandler</STRONG> (Thumb, 0 bytes, Stack size 0 bytes, startup_stm32f10x_cl.o(.text))
<BR>[Address Reference Count : 1]<UL><LI> startup_stm32f10x_cl.o(RESET)
</UL>
<P><STRONG><a name="[45]"></a>CAN2_SCE_IRQHandler</STRONG> (Thumb, 0 bytes, Stack size 0 bytes, startup_stm32f10x_cl.o(.text))
<BR>[Address Reference Count : 1]<UL><LI> startup_stm32f10x_cl.o(RESET)
</UL>
<P><STRONG><a name="[42]"></a>CAN2_TX_IRQHandler</STRONG> (Thumb, 0 bytes, Stack size 0 bytes, startup_stm32f10x_cl.o(.text))
<BR>[Address Reference Count : 1]<UL><LI> startup_stm32f10x_cl.o(RESET)
</UL>
<P><STRONG><a name="[15]"></a>DMA1_Channel1_IRQHandler</STRONG> (Thumb, 0 bytes, Stack size 0 bytes, startup_stm32f10x_cl.o(.text))
<BR>[Address Reference Count : 1]<UL><LI> startup_stm32f10x_cl.o(RESET)
</UL>
<P><STRONG><a name="[16]"></a>DMA1_Channel2_IRQHandler</STRONG> (Thumb, 0 bytes, Stack size 0 bytes, startup_stm32f10x_cl.o(.text))
<BR>[Address Reference Count : 1]<UL><LI> startup_stm32f10x_cl.o(RESET)
</UL>
<P><STRONG><a name="[17]"></a>DMA1_Channel3_IRQHandler</STRONG> (Thumb, 0 bytes, Stack size 0 bytes, startup_stm32f10x_cl.o(.text))
<BR>[Address Reference Count : 1]<UL><LI> startup_stm32f10x_cl.o(RESET)
</UL>
<P><STRONG><a name="[18]"></a>DMA1_Channel4_IRQHandler</STRONG> (Thumb, 0 bytes, Stack size 0 bytes, startup_stm32f10x_cl.o(.text))
<BR>[Address Reference Count : 1]<UL><LI> startup_stm32f10x_cl.o(RESET)
</UL>
<P><STRONG><a name="[19]"></a>DMA1_Channel5_IRQHandler</STRONG> (Thumb, 0 bytes, Stack size 0 bytes, startup_stm32f10x_cl.o(.text))
<BR>[Address Reference Count : 1]<UL><LI> startup_stm32f10x_cl.o(RESET)
</UL>
<P><STRONG><a name="[1a]"></a>DMA1_Channel6_IRQHandler</STRONG> (Thumb, 0 bytes, Stack size 0 bytes, startup_stm32f10x_cl.o(.text))
<BR>[Address Reference Count : 1]<UL><LI> startup_stm32f10x_cl.o(RESET)
</UL>
<P><STRONG><a name="[1b]"></a>DMA1_Channel7_IRQHandler</STRONG> (Thumb, 0 bytes, Stack size 0 bytes, startup_stm32f10x_cl.o(.text))
<BR>[Address Reference Count : 1]<UL><LI> startup_stm32f10x_cl.o(RESET)
</UL>
<P><STRONG><a name="[3b]"></a>DMA2_Channel1_IRQHandler</STRONG> (Thumb, 0 bytes, Stack size 0 bytes, startup_stm32f10x_cl.o(.text))
<BR>[Address Reference Count : 1]<UL><LI> startup_stm32f10x_cl.o(RESET)
</UL>
<P><STRONG><a name="[3c]"></a>DMA2_Channel2_IRQHandler</STRONG> (Thumb, 0 bytes, Stack size 0 bytes, startup_stm32f10x_cl.o(.text))
<BR>[Address Reference Count : 1]<UL><LI> startup_stm32f10x_cl.o(RESET)
</UL>
<P><STRONG><a name="[3d]"></a>DMA2_Channel3_IRQHandler</STRONG> (Thumb, 0 bytes, Stack size 0 bytes, startup_stm32f10x_cl.o(.text))
<BR>[Address Reference Count : 1]<UL><LI> startup_stm32f10x_cl.o(RESET)
</UL>
<P><STRONG><a name="[3e]"></a>DMA2_Channel4_IRQHandler</STRONG> (Thumb, 0 bytes, Stack size 0 bytes, startup_stm32f10x_cl.o(.text))
<BR>[Address Reference Count : 1]<UL><LI> startup_stm32f10x_cl.o(RESET)
</UL>
<P><STRONG><a name="[3f]"></a>DMA2_Channel5_IRQHandler</STRONG> (Thumb, 0 bytes, Stack size 0 bytes, startup_stm32f10x_cl.o(.text))
<BR>[Address Reference Count : 1]<UL><LI> startup_stm32f10x_cl.o(RESET)
</UL>
<P><STRONG><a name="[40]"></a>ETH_IRQHandler</STRONG> (Thumb, 0 bytes, Stack size 0 bytes, startup_stm32f10x_cl.o(.text))
<BR>[Address Reference Count : 1]<UL><LI> startup_stm32f10x_cl.o(RESET)
</UL>
<P><STRONG><a name="[41]"></a>ETH_WKUP_IRQHandler</STRONG> (Thumb, 0 bytes, Stack size 0 bytes, startup_stm32f10x_cl.o(.text))
<BR>[Address Reference Count : 1]<UL><LI> startup_stm32f10x_cl.o(RESET)
</UL>
<P><STRONG><a name="[10]"></a>EXTI0_IRQHandler</STRONG> (Thumb, 0 bytes, Stack size 0 bytes, startup_stm32f10x_cl.o(.text))
<BR>[Address Reference Count : 1]<UL><LI> startup_stm32f10x_cl.o(RESET)
</UL>
<P><STRONG><a name="[32]"></a>EXTI15_10_IRQHandler</STRONG> (Thumb, 0 bytes, Stack size 0 bytes, startup_stm32f10x_cl.o(.text))
<BR>[Address Reference Count : 1]<UL><LI> startup_stm32f10x_cl.o(RESET)
</UL>
<P><STRONG><a name="[11]"></a>EXTI1_IRQHandler</STRONG> (Thumb, 0 bytes, Stack size 0 bytes, startup_stm32f10x_cl.o(.text))
<BR>[Address Reference Count : 1]<UL><LI> startup_stm32f10x_cl.o(RESET)
</UL>
<P><STRONG><a name="[12]"></a>EXTI2_IRQHandler</STRONG> (Thumb, 0 bytes, Stack size 0 bytes, startup_stm32f10x_cl.o(.text))
<BR>[Address Reference Count : 1]<UL><LI> startup_stm32f10x_cl.o(RESET)
</UL>
<P><STRONG><a name="[13]"></a>EXTI3_IRQHandler</STRONG> (Thumb, 0 bytes, Stack size 0 bytes, startup_stm32f10x_cl.o(.text))
<BR>[Address Reference Count : 1]<UL><LI> startup_stm32f10x_cl.o(RESET)
</UL>
<P><STRONG><a name="[14]"></a>EXTI4_IRQHandler</STRONG> (Thumb, 0 bytes, Stack size 0 bytes, startup_stm32f10x_cl.o(.text))
<BR>[Address Reference Count : 1]<UL><LI> startup_stm32f10x_cl.o(RESET)
</UL>
<P><STRONG><a name="[21]"></a>EXTI9_5_IRQHandler</STRONG> (Thumb, 0 bytes, Stack size 0 bytes, startup_stm32f10x_cl.o(.text))
<BR>[Address Reference Count : 1]<UL><LI> startup_stm32f10x_cl.o(RESET)
</UL>
<P><STRONG><a name="[e]"></a>FLASH_IRQHandler</STRONG> (Thumb, 0 bytes, Stack size 0 bytes, startup_stm32f10x_cl.o(.text))
<BR>[Address Reference Count : 1]<UL><LI> startup_stm32f10x_cl.o(RESET)
</UL>
<P><STRONG><a name="[2a]"></a>I2C1_ER_IRQHandler</STRONG> (Thumb, 0 bytes, Stack size 0 bytes, startup_stm32f10x_cl.o(.text))
<BR>[Address Reference Count : 1]<UL><LI> startup_stm32f10x_cl.o(RESET)
</UL>
<P><STRONG><a name="[29]"></a>I2C1_EV_IRQHandler</STRONG> (Thumb, 0 bytes, Stack size 0 bytes, startup_stm32f10x_cl.o(.text))
<BR>[Address Reference Count : 1]<UL><LI> startup_stm32f10x_cl.o(RESET)
</UL>
<P><STRONG><a name="[2c]"></a>I2C2_ER_IRQHandler</STRONG> (Thumb, 0 bytes, Stack size 0 bytes, startup_stm32f10x_cl.o(.text))
<BR>[Address Reference Count : 1]<UL><LI> startup_stm32f10x_cl.o(RESET)
</UL>
<P><STRONG><a name="[2b]"></a>I2C2_EV_IRQHandler</STRONG> (Thumb, 0 bytes, Stack size 0 bytes, startup_stm32f10x_cl.o(.text))
<BR>[Address Reference Count : 1]<UL><LI> startup_stm32f10x_cl.o(RESET)
</UL>
<P><STRONG><a name="[46]"></a>OTG_FS_IRQHandler</STRONG> (Thumb, 0 bytes, Stack size 0 bytes, startup_stm32f10x_cl.o(.text))
<BR>[Address Reference Count : 1]<UL><LI> startup_stm32f10x_cl.o(RESET)
</UL>
<P><STRONG><a name="[34]"></a>OTG_FS_WKUP_IRQHandler</STRONG> (Thumb, 0 bytes, Stack size 0 bytes, startup_stm32f10x_cl.o(.text))
<BR>[Address Reference Count : 1]<UL><LI> startup_stm32f10x_cl.o(RESET)
</UL>
<P><STRONG><a name="[b]"></a>PVD_IRQHandler</STRONG> (Thumb, 0 bytes, Stack size 0 bytes, startup_stm32f10x_cl.o(.text))
<BR>[Address Reference Count : 1]<UL><LI> startup_stm32f10x_cl.o(RESET)
</UL>
<P><STRONG><a name="[f]"></a>RCC_IRQHandler</STRONG> (Thumb, 0 bytes, Stack size 0 bytes, startup_stm32f10x_cl.o(.text))
<BR>[Address Reference Count : 1]<UL><LI> startup_stm32f10x_cl.o(RESET)
</UL>
<P><STRONG><a name="[33]"></a>RTCAlarm_IRQHandler</STRONG> (Thumb, 0 bytes, Stack size 0 bytes, startup_stm32f10x_cl.o(.text))
<BR>[Address Reference Count : 1]<UL><LI> startup_stm32f10x_cl.o(RESET)
</UL>
<P><STRONG><a name="[d]"></a>RTC_IRQHandler</STRONG> (Thumb, 0 bytes, Stack size 0 bytes, startup_stm32f10x_cl.o(.text))
<BR>[Address Reference Count : 1]<UL><LI> startup_stm32f10x_cl.o(RESET)
</UL>
<P><STRONG><a name="[2d]"></a>SPI1_IRQHandler</STRONG> (Thumb, 0 bytes, Stack size 0 bytes, startup_stm32f10x_cl.o(.text))
<BR>[Address Reference Count : 1]<UL><LI> startup_stm32f10x_cl.o(RESET)
</UL>
<P><STRONG><a name="[2e]"></a>SPI2_IRQHandler</STRONG> (Thumb, 0 bytes, Stack size 0 bytes, startup_stm32f10x_cl.o(.text))
<BR>[Address Reference Count : 1]<UL><LI> startup_stm32f10x_cl.o(RESET)
</UL>
<P><STRONG><a name="[36]"></a>SPI3_IRQHandler</STRONG> (Thumb, 0 bytes, Stack size 0 bytes, startup_stm32f10x_cl.o(.text))
<BR>[Address Reference Count : 1]<UL><LI> startup_stm32f10x_cl.o(RESET)
</UL>
<P><STRONG><a name="[c]"></a>TAMPER_IRQHandler</STRONG> (Thumb, 0 bytes, Stack size 0 bytes, startup_stm32f10x_cl.o(.text))
<BR>[Address Reference Count : 1]<UL><LI> startup_stm32f10x_cl.o(RESET)
</UL>
<P><STRONG><a name="[22]"></a>TIM1_BRK_IRQHandler</STRONG> (Thumb, 0 bytes, Stack size 0 bytes, startup_stm32f10x_cl.o(.text))
<BR>[Address Reference Count : 1]<UL><LI> startup_stm32f10x_cl.o(RESET)
</UL>
<P><STRONG><a name="[25]"></a>TIM1_CC_IRQHandler</STRONG> (Thumb, 0 bytes, Stack size 0 bytes, startup_stm32f10x_cl.o(.text))
<BR>[Address Reference Count : 1]<UL><LI> startup_stm32f10x_cl.o(RESET)
</UL>
<P><STRONG><a name="[24]"></a>TIM1_TRG_COM_IRQHandler</STRONG> (Thumb, 0 bytes, Stack size 0 bytes, startup_stm32f10x_cl.o(.text))
<BR>[Address Reference Count : 1]<UL><LI> startup_stm32f10x_cl.o(RESET)
</UL>
<P><STRONG><a name="[23]"></a>TIM1_UP_IRQHandler</STRONG> (Thumb, 0 bytes, Stack size 0 bytes, startup_stm32f10x_cl.o(.text))
<BR>[Address Reference Count : 1]<UL><LI> startup_stm32f10x_cl.o(RESET)
</UL>
<P><STRONG><a name="[26]"></a>TIM2_IRQHandler</STRONG> (Thumb, 0 bytes, Stack size 0 bytes, startup_stm32f10x_cl.o(.text))
<BR>[Address Reference Count : 1]<UL><LI> startup_stm32f10x_cl.o(RESET)
</UL>
<P><STRONG><a name="[28]"></a>TIM4_IRQHandler</STRONG> (Thumb, 0 bytes, Stack size 0 bytes, startup_stm32f10x_cl.o(.text))
<BR>[Address Reference Count : 1]<UL><LI> startup_stm32f10x_cl.o(RESET)
</UL>
<P><STRONG><a name="[35]"></a>TIM5_IRQHandler</STRONG> (Thumb, 0 bytes, Stack size 0 bytes, startup_stm32f10x_cl.o(.text))
<BR>[Address Reference Count : 1]<UL><LI> startup_stm32f10x_cl.o(RESET)
</UL>
<P><STRONG><a name="[39]"></a>TIM6_IRQHandler</STRONG> (Thumb, 0 bytes, Stack size 0 bytes, startup_stm32f10x_cl.o(.text))
<BR>[Address Reference Count : 1]<UL><LI> startup_stm32f10x_cl.o(RESET)
</UL>
<P><STRONG><a name="[3a]"></a>TIM7_IRQHandler</STRONG> (Thumb, 0 bytes, Stack size 0 bytes, startup_stm32f10x_cl.o(.text))
<BR>[Address Reference Count : 1]<UL><LI> startup_stm32f10x_cl.o(RESET)
</UL>
<P><STRONG><a name="[37]"></a>UART4_IRQHandler</STRONG> (Thumb, 0 bytes, Stack size 0 bytes, startup_stm32f10x_cl.o(.text))
<BR>[Address Reference Count : 1]<UL><LI> startup_stm32f10x_cl.o(RESET)
</UL>
<P><STRONG><a name="[38]"></a>UART5_IRQHandler</STRONG> (Thumb, 0 bytes, Stack size 0 bytes, startup_stm32f10x_cl.o(.text))
<BR>[Address Reference Count : 1]<UL><LI> startup_stm32f10x_cl.o(RESET)
</UL>
<P><STRONG><a name="[2f]"></a>USART1_IRQHandler</STRONG> (Thumb, 0 bytes, Stack size 0 bytes, startup_stm32f10x_cl.o(.text))
<BR>[Address Reference Count : 1]<UL><LI> startup_stm32f10x_cl.o(RESET)
</UL>
<P><STRONG><a name="[30]"></a>USART2_IRQHandler</STRONG> (Thumb, 0 bytes, Stack size 0 bytes, startup_stm32f10x_cl.o(.text))
<BR>[Address Reference Count : 1]<UL><LI> startup_stm32f10x_cl.o(RESET)
</UL>
<P><STRONG><a name="[31]"></a>USART3_IRQHandler</STRONG> (Thumb, 0 bytes, Stack size 0 bytes, startup_stm32f10x_cl.o(.text))
<BR>[Address Reference Count : 1]<UL><LI> startup_stm32f10x_cl.o(RESET)
</UL>
<P><STRONG><a name="[a]"></a>WWDG_IRQHandler</STRONG> (Thumb, 0 bytes, Stack size 0 bytes, startup_stm32f10x_cl.o(.text))
<BR>[Address Reference Count : 1]<UL><LI> startup_stm32f10x_cl.o(RESET)
</UL>
<P><STRONG><a name="[54]"></a>__aeabi_memset</STRONG> (Thumb, 14 bytes, Stack size 0 bytes, memseta.o(.text))
<BR><BR>[Called By]<UL><LI><a href="#[ad]">&gt;&gt;</a>&nbsp;&nbsp;&nbsp;xTaskGenericCreate
<LI><a href="#[55]">&gt;&gt;</a>&nbsp;&nbsp;&nbsp;_memset$wrapper
<LI><a href="#[53]">&gt;&gt;</a>&nbsp;&nbsp;&nbsp;__aeabi_memclr
</UL>

<P><STRONG><a name="[c7]"></a>__aeabi_memset4</STRONG> (Thumb, 0 bytes, Stack size 0 bytes, memseta.o(.text), UNUSED)

<P><STRONG><a name="[c8]"></a>__aeabi_memset8</STRONG> (Thumb, 0 bytes, Stack size 0 bytes, memseta.o(.text), UNUSED)

<P><STRONG><a name="[53]"></a>__aeabi_memclr</STRONG> (Thumb, 4 bytes, Stack size 0 bytes, memseta.o(.text), UNUSED)
<BR><BR>[Calls]<UL><LI><a href="#[54]">&gt;&gt;</a>&nbsp;&nbsp;&nbsp;__aeabi_memset
</UL>

<P><STRONG><a name="[c9]"></a>__aeabi_memclr4</STRONG> (Thumb, 0 bytes, Stack size 0 bytes, memseta.o(.text), UNUSED)

<P><STRONG><a name="[ca]"></a>__aeabi_memclr8</STRONG> (Thumb, 0 bytes, Stack size 0 bytes, memseta.o(.text), UNUSED)

<P><STRONG><a name="[55]"></a>_memset$wrapper</STRONG> (Thumb, 20 bytes, Stack size 8 bytes, memseta.o(.text), UNUSED)
<BR><BR>[Calls]<UL><LI><a href="#[54]">&gt;&gt;</a>&nbsp;&nbsp;&nbsp;__aeabi_memset
</UL>

<P><STRONG><a name="[c0]"></a>strncpy</STRONG> (Thumb, 24 bytes, Stack size 8 bytes, strncpy.o(.text))
<BR><BR>[Stack]<UL><LI>Max Depth = 8<LI>Call Chain = strncpy
</UL>
<BR>[Called By]<UL><LI><a href="#[ad]">&gt;&gt;</a>&nbsp;&nbsp;&nbsp;xTaskGenericCreate
</UL>

<P><STRONG><a name="[50]"></a>__scatterload</STRONG> (Thumb, 28 bytes, Stack size 0 bytes, init.o(.text))
<BR><BR>[Calls]<UL><LI><a href="#[56]">&gt;&gt;</a>&nbsp;&nbsp;&nbsp;__main_after_scatterload
</UL>
<BR>[Called By]<UL><LI><a href="#[4f]">&gt;&gt;</a>&nbsp;&nbsp;&nbsp;_main_scatterload
</UL>

<P><STRONG><a name="[cb]"></a>__scatterload_rt2</STRONG> (Thumb, 0 bytes, Stack size 0 bytes, init.o(.text), UNUSED)

<P><STRONG><a name="[5d]"></a>ADC_Cmd</STRONG> (Thumb, 20 bytes, Stack size 0 bytes, stm32f10x_adc.o(i.ADC_Cmd))
<BR><BR>[Called By]<UL><LI><a href="#[4d]">&gt;&gt;</a>&nbsp;&nbsp;&nbsp;DataTask
</UL>

<P><STRONG><a name="[61]"></a>ADC_GetCalibrationStatus</STRONG> (Thumb, 14 bytes, Stack size 0 bytes, stm32f10x_adc.o(i.ADC_GetCalibrationStatus))
<BR><BR>[Called By]<UL><LI><a href="#[4d]">&gt;&gt;</a>&nbsp;&nbsp;&nbsp;DataTask
</UL>

<P><STRONG><a name="[63]"></a>ADC_GetConversionValue</STRONG> (Thumb, 6 bytes, Stack size 0 bytes, stm32f10x_adc.o(i.ADC_GetConversionValue))
<BR><BR>[Called By]<UL><LI><a href="#[4d]">&gt;&gt;</a>&nbsp;&nbsp;&nbsp;DataTask
</UL>

<P><STRONG><a name="[5f]"></a>ADC_GetResetCalibrationStatus</STRONG> (Thumb, 14 bytes, Stack size 0 bytes, stm32f10x_adc.o(i.ADC_GetResetCalibrationStatus))
<BR><BR>[Called By]<UL><LI><a href="#[4d]">&gt;&gt;</a>&nbsp;&nbsp;&nbsp;DataTask
</UL>

<P><STRONG><a name="[5b]"></a>ADC_Init</STRONG> (Thumb, 62 bytes, Stack size 8 bytes, stm32f10x_adc.o(i.ADC_Init))
<BR><BR>[Stack]<UL><LI>Max Depth = 8<LI>Call Chain = ADC_Init
</UL>
<BR>[Called By]<UL><LI><a href="#[4d]">&gt;&gt;</a>&nbsp;&nbsp;&nbsp;DataTask
</UL>

<P><STRONG><a name="[5c]"></a>ADC_RegularChannelConfig</STRONG> (Thumb, 116 bytes, Stack size 16 bytes, stm32f10x_adc.o(i.ADC_RegularChannelConfig))
<BR><BR>[Stack]<UL><LI>Max Depth = 16<LI>Call Chain = ADC_RegularChannelConfig
</UL>
<BR>[Called By]<UL><LI><a href="#[4d]">&gt;&gt;</a>&nbsp;&nbsp;&nbsp;DataTask
</UL>

<P><STRONG><a name="[5e]"></a>ADC_ResetCalibration</STRONG> (Thumb, 10 bytes, Stack size 0 bytes, stm32f10x_adc.o(i.ADC_ResetCalibration))
<BR><BR>[Called By]<UL><LI><a href="#[4d]">&gt;&gt;</a>&nbsp;&nbsp;&nbsp;DataTask
</UL>

<P><STRONG><a name="[62]"></a>ADC_SoftwareStartConvCmd</STRONG> (Thumb, 20 bytes, Stack size 0 bytes, stm32f10x_adc.o(i.ADC_SoftwareStartConvCmd))
<BR><BR>[Called By]<UL><LI><a href="#[4d]">&gt;&gt;</a>&nbsp;&nbsp;&nbsp;DataTask
</UL>

<P><STRONG><a name="[60]"></a>ADC_StartCalibration</STRONG> (Thumb, 10 bytes, Stack size 0 bytes, stm32f10x_adc.o(i.ADC_StartCalibration))
<BR><BR>[Called By]<UL><LI><a href="#[4d]">&gt;&gt;</a>&nbsp;&nbsp;&nbsp;DataTask
</UL>

<P><STRONG><a name="[4c]"></a>AddTask</STRONG> (Thumb, 8 bytes, Stack size 0 bytes, main.o(i.AddTask))
<BR><BR>[Stack]<UL><LI>Max Depth = 64 + In Cycle
<LI>Call Chain = AddTask &rArr;  AddTask (Cycle)
</UL>
<BR>[Calls]<UL><LI><a href="#[57]">&gt;&gt;</a>&nbsp;&nbsp;&nbsp;vTaskDelay
<LI><a href="#[4c]">&gt;&gt;</a>&nbsp;&nbsp;&nbsp;AddTask
</UL>
<BR>[Called By]<UL><LI><a href="#[4c]">&gt;&gt;</a>&nbsp;&nbsp;&nbsp;AddTask
</UL>
<BR>[Address Reference Count : 1]<UL><LI> main.o(i.main)
</UL>
<P><STRONG><a name="[4]"></a>BusFault_Handler</STRONG> (Thumb, 2 bytes, Stack size 0 bytes, stm32f10x_it.o(i.BusFault_Handler))
<BR><BR>[Calls]<UL><LI><a href="#[4]">&gt;&gt;</a>&nbsp;&nbsp;&nbsp;BusFault_Handler
</UL>
<BR>[Called By]<UL><LI><a href="#[4]">&gt;&gt;</a>&nbsp;&nbsp;&nbsp;BusFault_Handler
</UL>
<BR>[Address Reference Count : 1]<UL><LI> startup_stm32f10x_cl.o(RESET)
</UL>
<P><STRONG><a name="[4d]"></a>DataTask</STRONG> (Thumb, 132 bytes, Stack size 24 bytes, main.o(i.DataTask))
<BR><BR>[Stack]<UL><LI>Max Depth = 88<LI>Call Chain = DataTask &rArr; vTaskDelayUntil &rArr; xTaskResumeAll &rArr; vTaskIncrementTick
</UL>
<BR>[Calls]<UL><LI><a href="#[58]">&gt;&gt;</a>&nbsp;&nbsp;&nbsp;xTaskGetTickCount
<LI><a href="#[64]">&gt;&gt;</a>&nbsp;&nbsp;&nbsp;vTaskDelayUntil
<LI><a href="#[60]">&gt;&gt;</a>&nbsp;&nbsp;&nbsp;ADC_StartCalibration
<LI><a href="#[62]">&gt;&gt;</a>&nbsp;&nbsp;&nbsp;ADC_SoftwareStartConvCmd
<LI><a href="#[5e]">&gt;&gt;</a>&nbsp;&nbsp;&nbsp;ADC_ResetCalibration
<LI><a href="#[5c]">&gt;&gt;</a>&nbsp;&nbsp;&nbsp;ADC_RegularChannelConfig
<LI><a href="#[5b]">&gt;&gt;</a>&nbsp;&nbsp;&nbsp;ADC_Init
<LI><a href="#[5f]">&gt;&gt;</a>&nbsp;&nbsp;&nbsp;ADC_GetResetCalibrationStatus
<LI><a href="#[63]">&gt;&gt;</a>&nbsp;&nbsp;&nbsp;ADC_GetConversionValue
<LI><a href="#[61]">&gt;&gt;</a>&nbsp;&nbsp;&nbsp;ADC_GetCalibrationStatus
<LI><a href="#[5d]">&gt;&gt;</a>&nbsp;&nbsp;&nbsp;ADC_Cmd
<LI><a href="#[59]">&gt;&gt;</a>&nbsp;&nbsp;&nbsp;RCC_Configuration_ADC
<LI><a href="#[5a]">&gt;&gt;</a>&nbsp;&nbsp;&nbsp;GPIO_Configuration_ADC
</UL>
<BR>[Address Reference Count : 1]<UL><LI> main.o(i.main)
</UL>
<P><STRONG><a name="[7]"></a>DebugMon_Handler</STRONG> (Thumb, 2 bytes, Stack size 0 bytes, stm32f10x_it.o(i.DebugMon_Handler))
<BR>[Address Reference Count : 1]<UL><LI> startup_stm32f10x_cl.o(RESET)
</UL>
<P><STRONG><a name="[5a]"></a>GPIO_Configuration_ADC</STRONG> (Thumb, 24 bytes, Stack size 8 bytes, main.o(i.GPIO_Configuration_ADC))
<BR><BR>[Stack]<UL><LI>Max Depth = 32<LI>Call Chain = GPIO_Configuration_ADC &rArr; GPIO_Init
</UL>
<BR>[Calls]<UL><LI><a href="#[65]">&gt;&gt;</a>&nbsp;&nbsp;&nbsp;GPIO_Init
</UL>
<BR>[Called By]<UL><LI><a href="#[4d]">&gt;&gt;</a>&nbsp;&nbsp;&nbsp;DataTask
</UL>

<P><STRONG><a name="[66]"></a>GPIO_Configuration_PPM</STRONG> (Thumb, 56 bytes, Stack size 16 bytes, ppm.o(i.GPIO_Configuration_PPM))
<BR><BR>[Stack]<UL><LI>Max Depth = 40<LI>Call Chain = GPIO_Configuration_PPM &rArr; GPIO_Init
</UL>
<BR>[Calls]<UL><LI><a href="#[65]">&gt;&gt;</a>&nbsp;&nbsp;&nbsp;GPIO_Init
</UL>
<BR>[Called By]<UL><LI><a href="#[a6]">&gt;&gt;</a>&nbsp;&nbsp;&nbsp;initPPM
</UL>

<P><STRONG><a name="[65]"></a>GPIO_Init</STRONG> (Thumb, 164 bytes, Stack size 24 bytes, stm32f10x_gpio.o(i.GPIO_Init))
<BR><BR>[Stack]<UL><LI>Max Depth = 24<LI>Call Chain = GPIO_Init
</UL>
<BR>[Called By]<UL><LI><a href="#[66]">&gt;&gt;</a>&nbsp;&nbsp;&nbsp;GPIO_Configuration_PPM
<LI><a href="#[89]">&gt;&gt;</a>&nbsp;&nbsp;&nbsp;STM_EVAL_LEDInit
<LI><a href="#[86]">&gt;&gt;</a>&nbsp;&nbsp;&nbsp;STM_EVAL_COMInit
<LI><a href="#[5a]">&gt;&gt;</a>&nbsp;&nbsp;&nbsp;GPIO_Configuration_ADC
<LI><a href="#[72]">&gt;&gt;</a>&nbsp;&nbsp;&nbsp;LCD_SPIConfig
<LI><a href="#[6c]">&gt;&gt;</a>&nbsp;&nbsp;&nbsp;LCD_CtrlLinesConfig
</UL>

<P><STRONG><a name="[73]"></a>GPIO_PinRemapConfig</STRONG> (Thumb, 82 bytes, Stack size 20 bytes, stm32f10x_gpio.o(i.GPIO_PinRemapConfig))
<BR><BR>[Stack]<UL><LI>Max Depth = 20<LI>Call Chain = GPIO_PinRemapConfig
</UL>
<BR>[Called By]<UL><LI><a href="#[86]">&gt;&gt;</a>&nbsp;&nbsp;&nbsp;STM_EVAL_COMInit
<LI><a href="#[72]">&gt;&gt;</a>&nbsp;&nbsp;&nbsp;LCD_SPIConfig
</UL>

<P><STRONG><a name="[6e]"></a>GPIO_WriteBit</STRONG> (Thumb, 10 bytes, Stack size 0 bytes, stm32f10x_gpio.o(i.GPIO_WriteBit))
<BR><BR>[Called By]<UL><LI><a href="#[6b]">&gt;&gt;</a>&nbsp;&nbsp;&nbsp;LCD_CtrlLinesWrite
</UL>

<P><STRONG><a name="[2]"></a>HardFault_Handler</STRONG> (Thumb, 2 bytes, Stack size 0 bytes, stm32f10x_it.o(i.HardFault_Handler))
<BR><BR>[Calls]<UL><LI><a href="#[2]">&gt;&gt;</a>&nbsp;&nbsp;&nbsp;HardFault_Handler
</UL>
<BR>[Called By]<UL><LI><a href="#[2]">&gt;&gt;</a>&nbsp;&nbsp;&nbsp;HardFault_Handler
</UL>
<BR>[Address Reference Count : 1]<UL><LI> startup_stm32f10x_cl.o(RESET)
</UL>
<P><STRONG><a name="[67]"></a>LCD_Clear</STRONG> (Thumb, 50 bytes, Stack size 16 bytes, stm3210c_eval_lcd.o(i.LCD_Clear))
<BR><BR>[Stack]<UL><LI>Max Depth = 64<LI>Call Chain = LCD_Clear &rArr; LCD_SetCursor &rArr; LCD_WriteReg &rArr; LCD_WriteRegIndex &rArr; LCD_nCS_StartByte
</UL>
<BR>[Calls]<UL><LI><a href="#[69]">&gt;&gt;</a>&nbsp;&nbsp;&nbsp;LCD_WriteRAM_Prepare
<LI><a href="#[6a]">&gt;&gt;</a>&nbsp;&nbsp;&nbsp;LCD_WriteRAM
<LI><a href="#[68]">&gt;&gt;</a>&nbsp;&nbsp;&nbsp;LCD_SetCursor
<LI><a href="#[6b]">&gt;&gt;</a>&nbsp;&nbsp;&nbsp;LCD_CtrlLinesWrite
</UL>
<BR>[Called By]<UL><LI><a href="#[47]">&gt;&gt;</a>&nbsp;&nbsp;&nbsp;main
</UL>

<P><STRONG><a name="[6c]"></a>LCD_CtrlLinesConfig</STRONG> (Thumb, 38 bytes, Stack size 8 bytes, stm3210c_eval_lcd.o(i.LCD_CtrlLinesConfig))
<BR><BR>[Stack]<UL><LI>Max Depth = 32<LI>Call Chain = LCD_CtrlLinesConfig &rArr; GPIO_Init
</UL>
<BR>[Calls]<UL><LI><a href="#[6d]">&gt;&gt;</a>&nbsp;&nbsp;&nbsp;RCC_APB2PeriphClockCmd
<LI><a href="#[65]">&gt;&gt;</a>&nbsp;&nbsp;&nbsp;GPIO_Init
</UL>
<BR>[Called By]<UL><LI><a href="#[79]">&gt;&gt;</a>&nbsp;&nbsp;&nbsp;LCD_Setup
</UL>

<P><STRONG><a name="[6b]"></a>LCD_CtrlLinesWrite</STRONG> (Thumb, 4 bytes, Stack size 0 bytes, stm3210c_eval_lcd.o(i.LCD_CtrlLinesWrite))
<BR><BR>[Calls]<UL><LI><a href="#[6e]">&gt;&gt;</a>&nbsp;&nbsp;&nbsp;GPIO_WriteBit
</UL>
<BR>[Called By]<UL><LI><a href="#[67]">&gt;&gt;</a>&nbsp;&nbsp;&nbsp;LCD_Clear
<LI><a href="#[7e]">&gt;&gt;</a>&nbsp;&nbsp;&nbsp;LCD_nCS_StartByte
<LI><a href="#[7d]">&gt;&gt;</a>&nbsp;&nbsp;&nbsp;LCD_WriteRegIndex
<LI><a href="#[78]">&gt;&gt;</a>&nbsp;&nbsp;&nbsp;LCD_WriteReg
<LI><a href="#[70]">&gt;&gt;</a>&nbsp;&nbsp;&nbsp;LCD_DrawChar
</UL>

<P><STRONG><a name="[6f]"></a>LCD_DisplayChar</STRONG> (Thumb, 26 bytes, Stack size 8 bytes, stm3210c_eval_lcd.o(i.LCD_DisplayChar))
<BR><BR>[Stack]<UL><LI>Max Depth = 104<LI>Call Chain = LCD_DisplayChar &rArr; LCD_DrawChar &rArr; LCD_SetCursor &rArr; LCD_WriteReg &rArr; LCD_WriteRegIndex &rArr; LCD_nCS_StartByte
</UL>
<BR>[Calls]<UL><LI><a href="#[70]">&gt;&gt;</a>&nbsp;&nbsp;&nbsp;LCD_DrawChar
</UL>
<BR>[Called By]<UL><LI><a href="#[71]">&gt;&gt;</a>&nbsp;&nbsp;&nbsp;LCD_DisplayStringLine
</UL>

<P><STRONG><a name="[71]"></a>LCD_DisplayStringLine</STRONG> (Thumb, 56 bytes, Stack size 24 bytes, stm3210c_eval_lcd.o(i.LCD_DisplayStringLine))
<BR><BR>[Stack]<UL><LI>Max Depth = 128<LI>Call Chain = LCD_DisplayStringLine &rArr; LCD_DisplayChar &rArr; LCD_DrawChar &rArr; LCD_SetCursor &rArr; LCD_WriteReg &rArr; LCD_WriteRegIndex &rArr; LCD_nCS_StartByte
</UL>
<BR>[Calls]<UL><LI><a href="#[6f]">&gt;&gt;</a>&nbsp;&nbsp;&nbsp;LCD_DisplayChar
</UL>
<BR>[Called By]<UL><LI><a href="#[47]">&gt;&gt;</a>&nbsp;&nbsp;&nbsp;main
</UL>

<P><STRONG><a name="[70]"></a>LCD_DrawChar</STRONG> (Thumb, 132 bytes, Stack size 48 bytes, stm3210c_eval_lcd.o(i.LCD_DrawChar))
<BR><BR>[Stack]<UL><LI>Max Depth = 96<LI>Call Chain = LCD_DrawChar &rArr; LCD_SetCursor &rArr; LCD_WriteReg &rArr; LCD_WriteRegIndex &rArr; LCD_nCS_StartByte
</UL>
<BR>[Calls]<UL><LI><a href="#[69]">&gt;&gt;</a>&nbsp;&nbsp;&nbsp;LCD_WriteRAM_Prepare
<LI><a href="#[6a]">&gt;&gt;</a>&nbsp;&nbsp;&nbsp;LCD_WriteRAM
<LI><a href="#[68]">&gt;&gt;</a>&nbsp;&nbsp;&nbsp;LCD_SetCursor
<LI><a href="#[6b]">&gt;&gt;</a>&nbsp;&nbsp;&nbsp;LCD_CtrlLinesWrite
</UL>
<BR>[Called By]<UL><LI><a href="#[6f]">&gt;&gt;</a>&nbsp;&nbsp;&nbsp;LCD_DisplayChar
</UL>

<P><STRONG><a name="[a9]"></a>LCD_GetFont</STRONG> (Thumb, 6 bytes, Stack size 0 bytes, stm3210c_eval_lcd.o(i.LCD_GetFont))
<BR><BR>[Called By]<UL><LI><a href="#[47]">&gt;&gt;</a>&nbsp;&nbsp;&nbsp;main
</UL>

<P><STRONG><a name="[72]"></a>LCD_SPIConfig</STRONG> (Thumb, 158 bytes, Stack size 32 bytes, stm3210c_eval_lcd.o(i.LCD_SPIConfig))
<BR><BR>[Stack]<UL><LI>Max Depth = 56<LI>Call Chain = LCD_SPIConfig &rArr; GPIO_Init
</UL>
<BR>[Calls]<UL><LI><a href="#[74]">&gt;&gt;</a>&nbsp;&nbsp;&nbsp;RCC_APB1PeriphClockCmd
<LI><a href="#[6d]">&gt;&gt;</a>&nbsp;&nbsp;&nbsp;RCC_APB2PeriphClockCmd
<LI><a href="#[65]">&gt;&gt;</a>&nbsp;&nbsp;&nbsp;GPIO_Init
<LI><a href="#[76]">&gt;&gt;</a>&nbsp;&nbsp;&nbsp;SPI_Init
<LI><a href="#[75]">&gt;&gt;</a>&nbsp;&nbsp;&nbsp;SPI_I2S_DeInit
<LI><a href="#[77]">&gt;&gt;</a>&nbsp;&nbsp;&nbsp;SPI_Cmd
<LI><a href="#[73]">&gt;&gt;</a>&nbsp;&nbsp;&nbsp;GPIO_PinRemapConfig
</UL>
<BR>[Called By]<UL><LI><a href="#[79]">&gt;&gt;</a>&nbsp;&nbsp;&nbsp;LCD_Setup
</UL>

<P><STRONG><a name="[a7]"></a>LCD_SetBackColor</STRONG> (Thumb, 6 bytes, Stack size 0 bytes, stm3210c_eval_lcd.o(i.LCD_SetBackColor))
<BR><BR>[Called By]<UL><LI><a href="#[47]">&gt;&gt;</a>&nbsp;&nbsp;&nbsp;main
</UL>

<P><STRONG><a name="[68]"></a>LCD_SetCursor</STRONG> (Thumb, 24 bytes, Stack size 8 bytes, stm3210c_eval_lcd.o(i.LCD_SetCursor))
<BR><BR>[Stack]<UL><LI>Max Depth = 48<LI>Call Chain = LCD_SetCursor &rArr; LCD_WriteReg &rArr; LCD_WriteRegIndex &rArr; LCD_nCS_StartByte
</UL>
<BR>[Calls]<UL><LI><a href="#[78]">&gt;&gt;</a>&nbsp;&nbsp;&nbsp;LCD_WriteReg
</UL>
<BR>[Called By]<UL><LI><a href="#[67]">&gt;&gt;</a>&nbsp;&nbsp;&nbsp;LCD_Clear
<LI><a href="#[70]">&gt;&gt;</a>&nbsp;&nbsp;&nbsp;LCD_DrawChar
</UL>

<P><STRONG><a name="[a8]"></a>LCD_SetTextColor</STRONG> (Thumb, 6 bytes, Stack size 0 bytes, stm3210c_eval_lcd.o(i.LCD_SetTextColor))
<BR><BR>[Called By]<UL><LI><a href="#[47]">&gt;&gt;</a>&nbsp;&nbsp;&nbsp;main
</UL>

<P><STRONG><a name="[79]"></a>LCD_Setup</STRONG> (Thumb, 518 bytes, Stack size 8 bytes, stm3210c_eval_lcd.o(i.LCD_Setup))
<BR><BR>[Stack]<UL><LI>Max Depth = 64<LI>Call Chain = LCD_Setup &rArr; LCD_SPIConfig &rArr; GPIO_Init
</UL>
<BR>[Calls]<UL><LI><a href="#[78]">&gt;&gt;</a>&nbsp;&nbsp;&nbsp;LCD_WriteReg
<LI><a href="#[72]">&gt;&gt;</a>&nbsp;&nbsp;&nbsp;LCD_SPIConfig
<LI><a href="#[6c]">&gt;&gt;</a>&nbsp;&nbsp;&nbsp;LCD_CtrlLinesConfig
<LI><a href="#[7a]">&gt;&gt;</a>&nbsp;&nbsp;&nbsp;delay
</UL>
<BR>[Called By]<UL><LI><a href="#[85]">&gt;&gt;</a>&nbsp;&nbsp;&nbsp;STM3210C_LCD_Init
</UL>

<P><STRONG><a name="[6a]"></a>LCD_WriteRAM</STRONG> (Thumb, 48 bytes, Stack size 16 bytes, stm3210c_eval_lcd.o(i.LCD_WriteRAM))
<BR><BR>[Stack]<UL><LI>Max Depth = 16<LI>Call Chain = LCD_WriteRAM
</UL>
<BR>[Calls]<UL><LI><a href="#[7b]">&gt;&gt;</a>&nbsp;&nbsp;&nbsp;SPI_I2S_SendData
<LI><a href="#[7c]">&gt;&gt;</a>&nbsp;&nbsp;&nbsp;SPI_I2S_GetFlagStatus
</UL>
<BR>[Called By]<UL><LI><a href="#[67]">&gt;&gt;</a>&nbsp;&nbsp;&nbsp;LCD_Clear
<LI><a href="#[70]">&gt;&gt;</a>&nbsp;&nbsp;&nbsp;LCD_DrawChar
</UL>

<P><STRONG><a name="[69]"></a>LCD_WriteRAM_Prepare</STRONG> (Thumb, 18 bytes, Stack size 8 bytes, stm3210c_eval_lcd.o(i.LCD_WriteRAM_Prepare))
<BR><BR>[Stack]<UL><LI>Max Depth = 32<LI>Call Chain = LCD_WriteRAM_Prepare &rArr; LCD_WriteRegIndex &rArr; LCD_nCS_StartByte
</UL>
<BR>[Calls]<UL><LI><a href="#[7e]">&gt;&gt;</a>&nbsp;&nbsp;&nbsp;LCD_nCS_StartByte
<LI><a href="#[7d]">&gt;&gt;</a>&nbsp;&nbsp;&nbsp;LCD_WriteRegIndex
</UL>
<BR>[Called By]<UL><LI><a href="#[67]">&gt;&gt;</a>&nbsp;&nbsp;&nbsp;LCD_Clear
<LI><a href="#[70]">&gt;&gt;</a>&nbsp;&nbsp;&nbsp;LCD_DrawChar
</UL>

<P><STRONG><a name="[78]"></a>LCD_WriteReg</STRONG> (Thumb, 70 bytes, Stack size 16 bytes, stm3210c_eval_lcd.o(i.LCD_WriteReg))
<BR><BR>[Stack]<UL><LI>Max Depth = 40<LI>Call Chain = LCD_WriteReg &rArr; LCD_WriteRegIndex &rArr; LCD_nCS_StartByte
</UL>
<BR>[Calls]<UL><LI><a href="#[7b]">&gt;&gt;</a>&nbsp;&nbsp;&nbsp;SPI_I2S_SendData
<LI><a href="#[7c]">&gt;&gt;</a>&nbsp;&nbsp;&nbsp;SPI_I2S_GetFlagStatus
<LI><a href="#[7e]">&gt;&gt;</a>&nbsp;&nbsp;&nbsp;LCD_nCS_StartByte
<LI><a href="#[7d]">&gt;&gt;</a>&nbsp;&nbsp;&nbsp;LCD_WriteRegIndex
<LI><a href="#[6b]">&gt;&gt;</a>&nbsp;&nbsp;&nbsp;LCD_CtrlLinesWrite
</UL>
<BR>[Called By]<UL><LI><a href="#[79]">&gt;&gt;</a>&nbsp;&nbsp;&nbsp;LCD_Setup
<LI><a href="#[68]">&gt;&gt;</a>&nbsp;&nbsp;&nbsp;LCD_SetCursor
</UL>

<P><STRONG><a name="[7d]"></a>LCD_WriteRegIndex</STRONG> (Thumb, 66 bytes, Stack size 16 bytes, stm3210c_eval_lcd.o(i.LCD_WriteRegIndex))
<BR><BR>[Stack]<UL><LI>Max Depth = 24<LI>Call Chain = LCD_WriteRegIndex &rArr; LCD_nCS_StartByte
</UL>
<BR>[Calls]<UL><LI><a href="#[7b]">&gt;&gt;</a>&nbsp;&nbsp;&nbsp;SPI_I2S_SendData
<LI><a href="#[7c]">&gt;&gt;</a>&nbsp;&nbsp;&nbsp;SPI_I2S_GetFlagStatus
<LI><a href="#[7e]">&gt;&gt;</a>&nbsp;&nbsp;&nbsp;LCD_nCS_StartByte
<LI><a href="#[6b]">&gt;&gt;</a>&nbsp;&nbsp;&nbsp;LCD_CtrlLinesWrite
</UL>
<BR>[Called By]<UL><LI><a href="#[78]">&gt;&gt;</a>&nbsp;&nbsp;&nbsp;LCD_WriteReg
<LI><a href="#[69]">&gt;&gt;</a>&nbsp;&nbsp;&nbsp;LCD_WriteRAM_Prepare
</UL>

<P><STRONG><a name="[7e]"></a>LCD_nCS_StartByte</STRONG> (Thumb, 38 bytes, Stack size 8 bytes, stm3210c_eval_lcd.o(i.LCD_nCS_StartByte))
<BR><BR>[Stack]<UL><LI>Max Depth = 8<LI>Call Chain = LCD_nCS_StartByte
</UL>
<BR>[Calls]<UL><LI><a href="#[7b]">&gt;&gt;</a>&nbsp;&nbsp;&nbsp;SPI_I2S_SendData
<LI><a href="#[7c]">&gt;&gt;</a>&nbsp;&nbsp;&nbsp;SPI_I2S_GetFlagStatus
<LI><a href="#[6b]">&gt;&gt;</a>&nbsp;&nbsp;&nbsp;LCD_CtrlLinesWrite
</UL>
<BR>[Called By]<UL><LI><a href="#[7d]">&gt;&gt;</a>&nbsp;&nbsp;&nbsp;LCD_WriteRegIndex
<LI><a href="#[78]">&gt;&gt;</a>&nbsp;&nbsp;&nbsp;LCD_WriteReg
<LI><a href="#[69]">&gt;&gt;</a>&nbsp;&nbsp;&nbsp;LCD_WriteRAM_Prepare
</UL>

<P><STRONG><a name="[3]"></a>MemManage_Handler</STRONG> (Thumb, 2 bytes, Stack size 0 bytes, stm32f10x_it.o(i.MemManage_Handler))
<BR><BR>[Calls]<UL><LI><a href="#[3]">&gt;&gt;</a>&nbsp;&nbsp;&nbsp;MemManage_Handler
</UL>
<BR>[Called By]<UL><LI><a href="#[3]">&gt;&gt;</a>&nbsp;&nbsp;&nbsp;MemManage_Handler
</UL>
<BR>[Address Reference Count : 1]<UL><LI> startup_stm32f10x_cl.o(RESET)
</UL>
<P><STRONG><a name="[4b]"></a>MyTask</STRONG> (Thumb, 8 bytes, Stack size 0 bytes, main.o(i.MyTask))
<BR><BR>[Stack]<UL><LI>Max Depth = 64 + In Cycle
<LI>Call Chain = MyTask &rArr;  MyTask (Cycle)
</UL>
<BR>[Calls]<UL><LI><a href="#[57]">&gt;&gt;</a>&nbsp;&nbsp;&nbsp;vTaskDelay
<LI><a href="#[4b]">&gt;&gt;</a>&nbsp;&nbsp;&nbsp;MyTask
</UL>
<BR>[Called By]<UL><LI><a href="#[4b]">&gt;&gt;</a>&nbsp;&nbsp;&nbsp;MyTask
</UL>
<BR>[Address Reference Count : 1]<UL><LI> main.o(i.main)
</UL>
<P><STRONG><a name="[1]"></a>NMI_Handler</STRONG> (Thumb, 2 bytes, Stack size 0 bytes, stm32f10x_it.o(i.NMI_Handler))
<BR>[Address Reference Count : 1]<UL><LI> startup_stm32f10x_cl.o(RESET)
</UL>
<P><STRONG><a name="[7f]"></a>NVIC_Configuration_PPM</STRONG> (Thumb, 32 bytes, Stack size 8 bytes, ppm.o(i.NVIC_Configuration_PPM))
<BR><BR>[Stack]<UL><LI>Max Depth = 24<LI>Call Chain = NVIC_Configuration_PPM &rArr; NVIC_Init
</UL>
<BR>[Calls]<UL><LI><a href="#[80]">&gt;&gt;</a>&nbsp;&nbsp;&nbsp;NVIC_Init
</UL>
<BR>[Called By]<UL><LI><a href="#[a6]">&gt;&gt;</a>&nbsp;&nbsp;&nbsp;initPPM
</UL>

<P><STRONG><a name="[80]"></a>NVIC_Init</STRONG> (Thumb, 90 bytes, Stack size 16 bytes, misc.o(i.NVIC_Init))
<BR><BR>[Stack]<UL><LI>Max Depth = 16<LI>Call Chain = NVIC_Init
</UL>
<BR>[Called By]<UL><LI><a href="#[7f]">&gt;&gt;</a>&nbsp;&nbsp;&nbsp;NVIC_Configuration_PPM
</UL>

<P><STRONG><a name="[ac]"></a>NVIC_PriorityGroupConfig</STRONG> (Thumb, 10 bytes, Stack size 0 bytes, misc.o(i.NVIC_PriorityGroupConfig))
<BR><BR>[Called By]<UL><LI><a href="#[47]">&gt;&gt;</a>&nbsp;&nbsp;&nbsp;main
</UL>

<P><STRONG><a name="[8]"></a>PendSV_Handler</STRONG> (Thumb, 4 bytes, Stack size 0 bytes, stm32f10x_it.o(i.PendSV_Handler))
<BR><BR>[Calls]<UL><LI><a href="#[51]">&gt;&gt;</a>&nbsp;&nbsp;&nbsp;xPortPendSVHandler
</UL>
<BR>[Address Reference Count : 1]<UL><LI> startup_stm32f10x_cl.o(RESET)
</UL>
<P><STRONG><a name="[81]"></a>RCC_ADCCLKConfig</STRONG> (Thumb, 14 bytes, Stack size 0 bytes, stm32f10x_rcc.o(i.RCC_ADCCLKConfig))
<BR><BR>[Called By]<UL><LI><a href="#[59]">&gt;&gt;</a>&nbsp;&nbsp;&nbsp;RCC_Configuration_ADC
</UL>

<P><STRONG><a name="[74]"></a>RCC_APB1PeriphClockCmd</STRONG> (Thumb, 18 bytes, Stack size 0 bytes, stm32f10x_rcc.o(i.RCC_APB1PeriphClockCmd))
<BR><BR>[Called By]<UL><LI><a href="#[82]">&gt;&gt;</a>&nbsp;&nbsp;&nbsp;RCC_Configuration_PPM
<LI><a href="#[86]">&gt;&gt;</a>&nbsp;&nbsp;&nbsp;STM_EVAL_COMInit
<LI><a href="#[72]">&gt;&gt;</a>&nbsp;&nbsp;&nbsp;LCD_SPIConfig
</UL>

<P><STRONG><a name="[84]"></a>RCC_APB1PeriphResetCmd</STRONG> (Thumb, 18 bytes, Stack size 0 bytes, stm32f10x_rcc.o(i.RCC_APB1PeriphResetCmd))
<BR><BR>[Called By]<UL><LI><a href="#[93]">&gt;&gt;</a>&nbsp;&nbsp;&nbsp;TIM_DeInit
<LI><a href="#[75]">&gt;&gt;</a>&nbsp;&nbsp;&nbsp;SPI_I2S_DeInit
</UL>

<P><STRONG><a name="[6d]"></a>RCC_APB2PeriphClockCmd</STRONG> (Thumb, 18 bytes, Stack size 0 bytes, stm32f10x_rcc.o(i.RCC_APB2PeriphClockCmd))
<BR><BR>[Called By]<UL><LI><a href="#[82]">&gt;&gt;</a>&nbsp;&nbsp;&nbsp;RCC_Configuration_PPM
<LI><a href="#[89]">&gt;&gt;</a>&nbsp;&nbsp;&nbsp;STM_EVAL_LEDInit
<LI><a href="#[86]">&gt;&gt;</a>&nbsp;&nbsp;&nbsp;STM_EVAL_COMInit
<LI><a href="#[59]">&gt;&gt;</a>&nbsp;&nbsp;&nbsp;RCC_Configuration_ADC
<LI><a href="#[72]">&gt;&gt;</a>&nbsp;&nbsp;&nbsp;LCD_SPIConfig
<LI><a href="#[6c]">&gt;&gt;</a>&nbsp;&nbsp;&nbsp;LCD_CtrlLinesConfig
</UL>

<P><STRONG><a name="[83]"></a>RCC_APB2PeriphResetCmd</STRONG> (Thumb, 18 bytes, Stack size 0 bytes, stm32f10x_rcc.o(i.RCC_APB2PeriphResetCmd))
<BR><BR>[Called By]<UL><LI><a href="#[93]">&gt;&gt;</a>&nbsp;&nbsp;&nbsp;TIM_DeInit
<LI><a href="#[75]">&gt;&gt;</a>&nbsp;&nbsp;&nbsp;SPI_I2S_DeInit
</UL>

<P><STRONG><a name="[59]"></a>RCC_Configuration_ADC</STRONG> (Thumb, 24 bytes, Stack size 8 bytes, main.o(i.RCC_Configuration_ADC))
<BR><BR>[Stack]<UL><LI>Max Depth = 8<LI>Call Chain = RCC_Configuration_ADC
</UL>
<BR>[Calls]<UL><LI><a href="#[6d]">&gt;&gt;</a>&nbsp;&nbsp;&nbsp;RCC_APB2PeriphClockCmd
<LI><a href="#[81]">&gt;&gt;</a>&nbsp;&nbsp;&nbsp;RCC_ADCCLKConfig
</UL>
<BR>[Called By]<UL><LI><a href="#[4d]">&gt;&gt;</a>&nbsp;&nbsp;&nbsp;DataTask
</UL>

<P><STRONG><a name="[82]"></a>RCC_Configuration_PPM</STRONG> (Thumb, 30 bytes, Stack size 8 bytes, ppm.o(i.RCC_Configuration_PPM))
<BR><BR>[Stack]<UL><LI>Max Depth = 8<LI>Call Chain = RCC_Configuration_PPM
</UL>
<BR>[Calls]<UL><LI><a href="#[74]">&gt;&gt;</a>&nbsp;&nbsp;&nbsp;RCC_APB1PeriphClockCmd
<LI><a href="#[6d]">&gt;&gt;</a>&nbsp;&nbsp;&nbsp;RCC_APB2PeriphClockCmd
</UL>
<BR>[Called By]<UL><LI><a href="#[a6]">&gt;&gt;</a>&nbsp;&nbsp;&nbsp;initPPM
</UL>

<P><STRONG><a name="[a1]"></a>RCC_GetClocksFreq</STRONG> (Thumb, 138 bytes, Stack size 8 bytes, stm32f10x_rcc.o(i.RCC_GetClocksFreq))
<BR><BR>[Stack]<UL><LI>Max Depth = 8<LI>Call Chain = RCC_GetClocksFreq
</UL>
<BR>[Called By]<UL><LI><a href="#[87]">&gt;&gt;</a>&nbsp;&nbsp;&nbsp;USART_Init
</UL>

<P><STRONG><a name="[77]"></a>SPI_Cmd</STRONG> (Thumb, 20 bytes, Stack size 0 bytes, stm32f10x_spi.o(i.SPI_Cmd))
<BR><BR>[Called By]<UL><LI><a href="#[72]">&gt;&gt;</a>&nbsp;&nbsp;&nbsp;LCD_SPIConfig
</UL>

<P><STRONG><a name="[75]"></a>SPI_I2S_DeInit</STRONG> (Thumb, 72 bytes, Stack size 8 bytes, stm32f10x_spi.o(i.SPI_I2S_DeInit))
<BR><BR>[Stack]<UL><LI>Max Depth = 8<LI>Call Chain = SPI_I2S_DeInit
</UL>
<BR>[Calls]<UL><LI><a href="#[83]">&gt;&gt;</a>&nbsp;&nbsp;&nbsp;RCC_APB2PeriphResetCmd
<LI><a href="#[84]">&gt;&gt;</a>&nbsp;&nbsp;&nbsp;RCC_APB1PeriphResetCmd
</UL>
<BR>[Called By]<UL><LI><a href="#[72]">&gt;&gt;</a>&nbsp;&nbsp;&nbsp;LCD_SPIConfig
</UL>

<P><STRONG><a name="[7c]"></a>SPI_I2S_GetFlagStatus</STRONG> (Thumb, 14 bytes, Stack size 0 bytes, stm32f10x_spi.o(i.SPI_I2S_GetFlagStatus))
<BR><BR>[Called By]<UL><LI><a href="#[7e]">&gt;&gt;</a>&nbsp;&nbsp;&nbsp;LCD_nCS_StartByte
<LI><a href="#[7d]">&gt;&gt;</a>&nbsp;&nbsp;&nbsp;LCD_WriteRegIndex
<LI><a href="#[78]">&gt;&gt;</a>&nbsp;&nbsp;&nbsp;LCD_WriteReg
<LI><a href="#[6a]">&gt;&gt;</a>&nbsp;&nbsp;&nbsp;LCD_WriteRAM
</UL>

<P><STRONG><a name="[7b]"></a>SPI_I2S_SendData</STRONG> (Thumb, 4 bytes, Stack size 0 bytes, stm32f10x_spi.o(i.SPI_I2S_SendData))
<BR><BR>[Called By]<UL><LI><a href="#[7e]">&gt;&gt;</a>&nbsp;&nbsp;&nbsp;LCD_nCS_StartByte
<LI><a href="#[7d]">&gt;&gt;</a>&nbsp;&nbsp;&nbsp;LCD_WriteRegIndex
<LI><a href="#[78]">&gt;&gt;</a>&nbsp;&nbsp;&nbsp;LCD_WriteReg
<LI><a href="#[6a]">&gt;&gt;</a>&nbsp;&nbsp;&nbsp;LCD_WriteRAM
</UL>

<P><STRONG><a name="[76]"></a>SPI_Init</STRONG> (Thumb, 56 bytes, Stack size 12 bytes, stm32f10x_spi.o(i.SPI_Init))
<BR><BR>[Stack]<UL><LI>Max Depth = 12<LI>Call Chain = SPI_Init
</UL>
<BR>[Called By]<UL><LI><a href="#[72]">&gt;&gt;</a>&nbsp;&nbsp;&nbsp;LCD_SPIConfig
</UL>

<P><STRONG><a name="[85]"></a>STM3210C_LCD_Init</STRONG> (Thumb, 16 bytes, Stack size 8 bytes, stm3210c_eval_lcd.o(i.STM3210C_LCD_Init))
<BR><BR>[Stack]<UL><LI>Max Depth = 72<LI>Call Chain = STM3210C_LCD_Init &rArr; LCD_Setup &rArr; LCD_SPIConfig &rArr; GPIO_Init
</UL>
<BR>[Calls]<UL><LI><a href="#[79]">&gt;&gt;</a>&nbsp;&nbsp;&nbsp;LCD_Setup
</UL>
<BR>[Called By]<UL><LI><a href="#[47]">&gt;&gt;</a>&nbsp;&nbsp;&nbsp;main
</UL>

<P><STRONG><a name="[86]"></a>STM_EVAL_COMInit</STRONG> (Thumb, 148 bytes, Stack size 24 bytes, stm32_eval.o(i.STM_EVAL_COMInit))
<BR><BR>[Stack]<UL><LI>Max Depth = 64<LI>Call Chain = STM_EVAL_COMInit &rArr; USART_Init &rArr; RCC_GetClocksFreq
</UL>
<BR>[Calls]<UL><LI><a href="#[74]">&gt;&gt;</a>&nbsp;&nbsp;&nbsp;RCC_APB1PeriphClockCmd
<LI><a href="#[6d]">&gt;&gt;</a>&nbsp;&nbsp;&nbsp;RCC_APB2PeriphClockCmd
<LI><a href="#[65]">&gt;&gt;</a>&nbsp;&nbsp;&nbsp;GPIO_Init
<LI><a href="#[87]">&gt;&gt;</a>&nbsp;&nbsp;&nbsp;USART_Init
<LI><a href="#[88]">&gt;&gt;</a>&nbsp;&nbsp;&nbsp;USART_Cmd
<LI><a href="#[73]">&gt;&gt;</a>&nbsp;&nbsp;&nbsp;GPIO_PinRemapConfig
</UL>
<BR>[Called By]<UL><LI><a href="#[47]">&gt;&gt;</a>&nbsp;&nbsp;&nbsp;main
</UL>

<P><STRONG><a name="[89]"></a>STM_EVAL_LEDInit</STRONG> (Thumb, 54 bytes, Stack size 16 bytes, stm32_eval.o(i.STM_EVAL_LEDInit))
<BR><BR>[Stack]<UL><LI>Max Depth = 40<LI>Call Chain = STM_EVAL_LEDInit &rArr; GPIO_Init
</UL>
<BR>[Calls]<UL><LI><a href="#[6d]">&gt;&gt;</a>&nbsp;&nbsp;&nbsp;RCC_APB2PeriphClockCmd
<LI><a href="#[65]">&gt;&gt;</a>&nbsp;&nbsp;&nbsp;GPIO_Init
</UL>
<BR>[Called By]<UL><LI><a href="#[47]">&gt;&gt;</a>&nbsp;&nbsp;&nbsp;main
</UL>

<P><STRONG><a name="[ab]"></a>STM_EVAL_LEDOn</STRONG> (Thumb, 16 bytes, Stack size 0 bytes, stm32_eval.o(i.STM_EVAL_LEDOn))
<BR><BR>[Called By]<UL><LI><a href="#[47]">&gt;&gt;</a>&nbsp;&nbsp;&nbsp;main
</UL>

<P><STRONG><a name="[6]"></a>SVC_Handler</STRONG> (Thumb, 4 bytes, Stack size 0 bytes, stm32f10x_it.o(i.SVC_Handler))
<BR><BR>[Calls]<UL><LI><a href="#[8a]">&gt;&gt;</a>&nbsp;&nbsp;&nbsp;vPortSVCHandler
</UL>
<BR>[Address Reference Count : 1]<UL><LI> startup_stm32f10x_cl.o(RESET)
</UL>
<P><STRONG><a name="[9]"></a>SysTick_Handler</STRONG> (Thumb, 4 bytes, Stack size 0 bytes, stm32f10x_it.o(i.SysTick_Handler))
<BR><BR>[Stack]<UL><LI>Max Depth = 32<LI>Call Chain = SysTick_Handler &rArr; xPortSysTickHandler &rArr; vTaskIncrementTick
</UL>
<BR>[Calls]<UL><LI><a href="#[8b]">&gt;&gt;</a>&nbsp;&nbsp;&nbsp;xPortSysTickHandler
</UL>
<BR>[Address Reference Count : 1]<UL><LI> startup_stm32f10x_cl.o(RESET)
</UL>
<P><STRONG><a name="[48]"></a>SystemInit</STRONG> (Thumb, 64 bytes, Stack size 8 bytes, system_stm32f10x.o(i.SystemInit))
<BR><BR>[Stack]<UL><LI>Max Depth = 8<LI>Call Chain = SystemInit
</UL>
<BR>[Calls]<UL><LI><a href="#[8c]">&gt;&gt;</a>&nbsp;&nbsp;&nbsp;SetSysClockTo72
</UL>
<BR>[Address Reference Count : 1]<UL><LI> startup_stm32f10x_cl.o(.text)
</UL>
<P><STRONG><a name="[27]"></a>TIM3_IRQHandler</STRONG> (Thumb, 282 bytes, Stack size 24 bytes, ppm.o(i.TIM3_IRQHandler))
<BR><BR>[Stack]<UL><LI>Max Depth = 24<LI>Call Chain = TIM3_IRQHandler
</UL>
<BR>[Calls]<UL><LI><a href="#[91]">&gt;&gt;</a>&nbsp;&nbsp;&nbsp;TIM_SetCompare1
<LI><a href="#[8d]">&gt;&gt;</a>&nbsp;&nbsp;&nbsp;TIM_GetITStatus
<LI><a href="#[90]">&gt;&gt;</a>&nbsp;&nbsp;&nbsp;TIM_GetCapture2
<LI><a href="#[8f]">&gt;&gt;</a>&nbsp;&nbsp;&nbsp;TIM_GetCapture1
<LI><a href="#[8e]">&gt;&gt;</a>&nbsp;&nbsp;&nbsp;TIM_ClearITPendingBit
</UL>
<BR>[Address Reference Count : 1]<UL><LI> startup_stm32f10x_cl.o(RESET)
</UL>
<P><STRONG><a name="[98]"></a>TIM_ARRPreloadConfig</STRONG> (Thumb, 20 bytes, Stack size 0 bytes, stm32f10x_tim.o(i.TIM_ARRPreloadConfig))
<BR><BR>[Called By]<UL><LI><a href="#[92]">&gt;&gt;</a>&nbsp;&nbsp;&nbsp;TIM_Configuration_PPM
</UL>

<P><STRONG><a name="[8e]"></a>TIM_ClearITPendingBit</STRONG> (Thumb, 6 bytes, Stack size 0 bytes, stm32f10x_tim.o(i.TIM_ClearITPendingBit))
<BR><BR>[Called By]<UL><LI><a href="#[27]">&gt;&gt;</a>&nbsp;&nbsp;&nbsp;TIM3_IRQHandler
</UL>

<P><STRONG><a name="[9a]"></a>TIM_Cmd</STRONG> (Thumb, 20 bytes, Stack size 0 bytes, stm32f10x_tim.o(i.TIM_Cmd))
<BR><BR>[Called By]<UL><LI><a href="#[92]">&gt;&gt;</a>&nbsp;&nbsp;&nbsp;TIM_Configuration_PPM
</UL>

<P><STRONG><a name="[92]"></a>TIM_Configuration_PPM</STRONG> (Thumb, 122 bytes, Stack size 16 bytes, ppm.o(i.TIM_Configuration_PPM))
<BR><BR>[Stack]<UL><LI>Max Depth = 72<LI>Call Chain = TIM_Configuration_PPM &rArr; TIM_ICInit &rArr; TI2_Config
</UL>
<BR>[Calls]<UL><LI><a href="#[94]">&gt;&gt;</a>&nbsp;&nbsp;&nbsp;TIM_TimeBaseInit
<LI><a href="#[97]">&gt;&gt;</a>&nbsp;&nbsp;&nbsp;TIM_OC1PreloadConfig
<LI><a href="#[96]">&gt;&gt;</a>&nbsp;&nbsp;&nbsp;TIM_OC1Init
<LI><a href="#[99]">&gt;&gt;</a>&nbsp;&nbsp;&nbsp;TIM_ITConfig
<LI><a href="#[95]">&gt;&gt;</a>&nbsp;&nbsp;&nbsp;TIM_ICInit
<LI><a href="#[93]">&gt;&gt;</a>&nbsp;&nbsp;&nbsp;TIM_DeInit
<LI><a href="#[9a]">&gt;&gt;</a>&nbsp;&nbsp;&nbsp;TIM_Cmd
<LI><a href="#[98]">&gt;&gt;</a>&nbsp;&nbsp;&nbsp;TIM_ARRPreloadConfig
</UL>
<BR>[Called By]<UL><LI><a href="#[a6]">&gt;&gt;</a>&nbsp;&nbsp;&nbsp;initPPM
</UL>

<P><STRONG><a name="[93]"></a>TIM_DeInit</STRONG> (Thumb, 304 bytes, Stack size 8 bytes, stm32f10x_tim.o(i.TIM_DeInit))
<BR><BR>[Stack]<UL><LI>Max Depth = 8<LI>Call Chain = TIM_DeInit
</UL>
<BR>[Calls]<UL><LI><a href="#[83]">&gt;&gt;</a>&nbsp;&nbsp;&nbsp;RCC_APB2PeriphResetCmd
<LI><a href="#[84]">&gt;&gt;</a>&nbsp;&nbsp;&nbsp;RCC_APB1PeriphResetCmd
</UL>
<BR>[Called By]<UL><LI><a href="#[92]">&gt;&gt;</a>&nbsp;&nbsp;&nbsp;TIM_Configuration_PPM
</UL>

<P><STRONG><a name="[8f]"></a>TIM_GetCapture1</STRONG> (Thumb, 4 bytes, Stack size 0 bytes, stm32f10x_tim.o(i.TIM_GetCapture1))
<BR><BR>[Called By]<UL><LI><a href="#[27]">&gt;&gt;</a>&nbsp;&nbsp;&nbsp;TIM3_IRQHandler
</UL>

<P><STRONG><a name="[90]"></a>TIM_GetCapture2</STRONG> (Thumb, 4 bytes, Stack size 0 bytes, stm32f10x_tim.o(i.TIM_GetCapture2))
<BR><BR>[Called By]<UL><LI><a href="#[27]">&gt;&gt;</a>&nbsp;&nbsp;&nbsp;TIM3_IRQHandler
</UL>

<P><STRONG><a name="[8d]"></a>TIM_GetITStatus</STRONG> (Thumb, 22 bytes, Stack size 0 bytes, stm32f10x_tim.o(i.TIM_GetITStatus))
<BR><BR>[Called By]<UL><LI><a href="#[27]">&gt;&gt;</a>&nbsp;&nbsp;&nbsp;TIM3_IRQHandler
</UL>

<P><STRONG><a name="[95]"></a>TIM_ICInit</STRONG> (Thumb, 270 bytes, Stack size 40 bytes, stm32f10x_tim.o(i.TIM_ICInit))
<BR><BR>[Stack]<UL><LI>Max Depth = 56<LI>Call Chain = TIM_ICInit &rArr; TI2_Config
</UL>
<BR>[Calls]<UL><LI><a href="#[a0]">&gt;&gt;</a>&nbsp;&nbsp;&nbsp;TIM_SetIC4Prescaler
<LI><a href="#[9f]">&gt;&gt;</a>&nbsp;&nbsp;&nbsp;TIM_SetIC3Prescaler
<LI><a href="#[9e]">&gt;&gt;</a>&nbsp;&nbsp;&nbsp;TIM_SetIC2Prescaler
<LI><a href="#[9c]">&gt;&gt;</a>&nbsp;&nbsp;&nbsp;TIM_SetIC1Prescaler
<LI><a href="#[9d]">&gt;&gt;</a>&nbsp;&nbsp;&nbsp;TI2_Config
<LI><a href="#[9b]">&gt;&gt;</a>&nbsp;&nbsp;&nbsp;TI1_Config
</UL>
<BR>[Called By]<UL><LI><a href="#[92]">&gt;&gt;</a>&nbsp;&nbsp;&nbsp;TIM_Configuration_PPM
</UL>

<P><STRONG><a name="[99]"></a>TIM_ITConfig</STRONG> (Thumb, 16 bytes, Stack size 0 bytes, stm32f10x_tim.o(i.TIM_ITConfig))
<BR><BR>[Called By]<UL><LI><a href="#[92]">&gt;&gt;</a>&nbsp;&nbsp;&nbsp;TIM_Configuration_PPM
</UL>

<P><STRONG><a name="[96]"></a>TIM_OC1Init</STRONG> (Thumb, 106 bytes, Stack size 12 bytes, stm32f10x_tim.o(i.TIM_OC1Init))
<BR><BR>[Stack]<UL><LI>Max Depth = 12<LI>Call Chain = TIM_OC1Init
</UL>
<BR>[Called By]<UL><LI><a href="#[92]">&gt;&gt;</a>&nbsp;&nbsp;&nbsp;TIM_Configuration_PPM
</UL>

<P><STRONG><a name="[97]"></a>TIM_OC1PreloadConfig</STRONG> (Thumb, 12 bytes, Stack size 0 bytes, stm32f10x_tim.o(i.TIM_OC1PreloadConfig))
<BR><BR>[Called By]<UL><LI><a href="#[92]">&gt;&gt;</a>&nbsp;&nbsp;&nbsp;TIM_Configuration_PPM
</UL>

<P><STRONG><a name="[91]"></a>TIM_SetCompare1</STRONG> (Thumb, 4 bytes, Stack size 0 bytes, stm32f10x_tim.o(i.TIM_SetCompare1))
<BR><BR>[Called By]<UL><LI><a href="#[27]">&gt;&gt;</a>&nbsp;&nbsp;&nbsp;TIM3_IRQHandler
</UL>

<P><STRONG><a name="[9c]"></a>TIM_SetIC1Prescaler</STRONG> (Thumb, 16 bytes, Stack size 0 bytes, stm32f10x_tim.o(i.TIM_SetIC1Prescaler))
<BR><BR>[Called By]<UL><LI><a href="#[95]">&gt;&gt;</a>&nbsp;&nbsp;&nbsp;TIM_ICInit
</UL>

<P><STRONG><a name="[9e]"></a>TIM_SetIC2Prescaler</STRONG> (Thumb, 18 bytes, Stack size 0 bytes, stm32f10x_tim.o(i.TIM_SetIC2Prescaler))
<BR><BR>[Called By]<UL><LI><a href="#[95]">&gt;&gt;</a>&nbsp;&nbsp;&nbsp;TIM_ICInit
</UL>

<P><STRONG><a name="[9f]"></a>TIM_SetIC3Prescaler</STRONG> (Thumb, 16 bytes, Stack size 0 bytes, stm32f10x_tim.o(i.TIM_SetIC3Prescaler))
<BR><BR>[Called By]<UL><LI><a href="#[95]">&gt;&gt;</a>&nbsp;&nbsp;&nbsp;TIM_ICInit
</UL>

<P><STRONG><a name="[a0]"></a>TIM_SetIC4Prescaler</STRONG> (Thumb, 18 bytes, Stack size 0 bytes, stm32f10x_tim.o(i.TIM_SetIC4Prescaler))
<BR><BR>[Called By]<UL><LI><a href="#[95]">&gt;&gt;</a>&nbsp;&nbsp;&nbsp;TIM_ICInit
</UL>

<P><STRONG><a name="[94]"></a>TIM_TimeBaseInit</STRONG> (Thumb, 114 bytes, Stack size 12 bytes, stm32f10x_tim.o(i.TIM_TimeBaseInit))
<BR><BR>[Stack]<UL><LI>Max Depth = 12<LI>Call Chain = TIM_TimeBaseInit
</UL>
<BR>[Called By]<UL><LI><a href="#[92]">&gt;&gt;</a>&nbsp;&nbsp;&nbsp;TIM_Configuration_PPM
</UL>

<P><STRONG><a name="[88]"></a>USART_Cmd</STRONG> (Thumb, 20 bytes, Stack size 0 bytes, stm32f10x_usart.o(i.USART_Cmd))
<BR><BR>[Called By]<UL><LI><a href="#[86]">&gt;&gt;</a>&nbsp;&nbsp;&nbsp;STM_EVAL_COMInit
</UL>

<P><STRONG><a name="[a5]"></a>USART_GetFlagStatus</STRONG> (Thumb, 14 bytes, Stack size 0 bytes, stm32f10x_usart.o(i.USART_GetFlagStatus))
<BR><BR>[Called By]<UL><LI><a href="#[4a]">&gt;&gt;</a>&nbsp;&nbsp;&nbsp;fputc
</UL>

<P><STRONG><a name="[87]"></a>USART_Init</STRONG> (Thumb, 176 bytes, Stack size 32 bytes, stm32f10x_usart.o(i.USART_Init))
<BR><BR>[Stack]<UL><LI>Max Depth = 40<LI>Call Chain = USART_Init &rArr; RCC_GetClocksFreq
</UL>
<BR>[Calls]<UL><LI><a href="#[a1]">&gt;&gt;</a>&nbsp;&nbsp;&nbsp;RCC_GetClocksFreq
</UL>
<BR>[Called By]<UL><LI><a href="#[86]">&gt;&gt;</a>&nbsp;&nbsp;&nbsp;STM_EVAL_COMInit
</UL>

<P><STRONG><a name="[a4]"></a>USART_SendData</STRONG> (Thumb, 8 bytes, Stack size 0 bytes, stm32f10x_usart.o(i.USART_SendData))
<BR><BR>[Called By]<UL><LI><a href="#[4a]">&gt;&gt;</a>&nbsp;&nbsp;&nbsp;fputc
</UL>

<P><STRONG><a name="[5]"></a>UsageFault_Handler</STRONG> (Thumb, 2 bytes, Stack size 0 bytes, stm32f10x_it.o(i.UsageFault_Handler))
<BR><BR>[Calls]<UL><LI><a href="#[5]">&gt;&gt;</a>&nbsp;&nbsp;&nbsp;UsageFault_Handler
</UL>
<BR>[Called By]<UL><LI><a href="#[5]">&gt;&gt;</a>&nbsp;&nbsp;&nbsp;UsageFault_Handler
</UL>
<BR>[Address Reference Count : 1]<UL><LI> startup_stm32f10x_cl.o(RESET)
</UL>
<P><STRONG><a name="[a2]"></a>__0printf$2</STRONG> (Thumb, 22 bytes, Stack size 24 bytes, printf2.o(i.__0printf$2), UNUSED)
<BR><BR>[Calls]<UL><LI><a href="#[a3]">&gt;&gt;</a>&nbsp;&nbsp;&nbsp;_printf_core
</UL>

<P><STRONG><a name="[cc]"></a>__1printf$2</STRONG> (Thumb, 0 bytes, Stack size 24 bytes, printf2.o(i.__0printf$2), UNUSED)

<P><STRONG><a name="[aa]"></a>__2printf</STRONG> (Thumb, 0 bytes, Stack size 24 bytes, printf2.o(i.__0printf$2))
<BR><BR>[Stack]<UL><LI>Max Depth = 24<LI>Call Chain = __2printf
</UL>
<BR>[Called By]<UL><LI><a href="#[47]">&gt;&gt;</a>&nbsp;&nbsp;&nbsp;main
</UL>

<P><STRONG><a name="[cd]"></a>__scatterload_copy</STRONG> (Thumb, 14 bytes, Stack size unknown bytes, handlers.o(i.__scatterload_copy), UNUSED)

<P><STRONG><a name="[ce]"></a>__scatterload_null</STRONG> (Thumb, 2 bytes, Stack size unknown bytes, handlers.o(i.__scatterload_null), UNUSED)

<P><STRONG><a name="[cf]"></a>__scatterload_zeroinit</STRONG> (Thumb, 14 bytes, Stack size unknown bytes, handlers.o(i.__scatterload_zeroinit), UNUSED)

<P><STRONG><a name="[4a]"></a>fputc</STRONG> (Thumb, 30 bytes, Stack size 16 bytes, main.o(i.fputc))
<BR><BR>[Stack]<UL><LI>Max Depth = 16<LI>Call Chain = fputc
</UL>
<BR>[Calls]<UL><LI><a href="#[a4]">&gt;&gt;</a>&nbsp;&nbsp;&nbsp;USART_SendData
<LI><a href="#[a5]">&gt;&gt;</a>&nbsp;&nbsp;&nbsp;USART_GetFlagStatus
</UL>
<BR>[Address Reference Count : 1]<UL><LI> printf2.o(i.__0printf$2)
</UL>
<P><STRONG><a name="[a6]"></a>initPPM</STRONG> (Thumb, 22 bytes, Stack size 8 bytes, ppm.o(i.initPPM))
<BR><BR>[Stack]<UL><LI>Max Depth = 80<LI>Call Chain = initPPM &rArr; TIM_Configuration_PPM &rArr; TIM_ICInit &rArr; TI2_Config
</UL>
<BR>[Calls]<UL><LI><a href="#[92]">&gt;&gt;</a>&nbsp;&nbsp;&nbsp;TIM_Configuration_PPM
<LI><a href="#[82]">&gt;&gt;</a>&nbsp;&nbsp;&nbsp;RCC_Configuration_PPM
<LI><a href="#[7f]">&gt;&gt;</a>&nbsp;&nbsp;&nbsp;NVIC_Configuration_PPM
<LI><a href="#[66]">&gt;&gt;</a>&nbsp;&nbsp;&nbsp;GPIO_Configuration_PPM
</UL>
<BR>[Called By]<UL><LI><a href="#[47]">&gt;&gt;</a>&nbsp;&nbsp;&nbsp;main
</UL>

<P><STRONG><a name="[47]"></a>main</STRONG> (Thumb, 256 bytes, Stack size 32 bytes, main.o(i.main))
<BR><BR>[Stack]<UL><LI>Max Depth = 192<LI>Call Chain = main &rArr; vTaskStartScheduler &rArr; xTaskGenericCreate &rArr; pvPortMalloc &rArr; xTaskResumeAll &rArr; vTaskIncrementTick
</UL>
<BR>[Calls]<UL><LI><a href="#[ad]">&gt;&gt;</a>&nbsp;&nbsp;&nbsp;xTaskGenericCreate
<LI><a href="#[ae]">&gt;&gt;</a>&nbsp;&nbsp;&nbsp;vTaskStartScheduler
<LI><a href="#[a6]">&gt;&gt;</a>&nbsp;&nbsp;&nbsp;initPPM
<LI><a href="#[ab]">&gt;&gt;</a>&nbsp;&nbsp;&nbsp;STM_EVAL_LEDOn
<LI><a href="#[89]">&gt;&gt;</a>&nbsp;&nbsp;&nbsp;STM_EVAL_LEDInit
<LI><a href="#[86]">&gt;&gt;</a>&nbsp;&nbsp;&nbsp;STM_EVAL_COMInit
<LI><a href="#[85]">&gt;&gt;</a>&nbsp;&nbsp;&nbsp;STM3210C_LCD_Init
<LI><a href="#[ac]">&gt;&gt;</a>&nbsp;&nbsp;&nbsp;NVIC_PriorityGroupConfig
<LI><a href="#[a8]">&gt;&gt;</a>&nbsp;&nbsp;&nbsp;LCD_SetTextColor
<LI><a href="#[a7]">&gt;&gt;</a>&nbsp;&nbsp;&nbsp;LCD_SetBackColor
<LI><a href="#[a9]">&gt;&gt;</a>&nbsp;&nbsp;&nbsp;LCD_GetFont
<LI><a href="#[71]">&gt;&gt;</a>&nbsp;&nbsp;&nbsp;LCD_DisplayStringLine
<LI><a href="#[67]">&gt;&gt;</a>&nbsp;&nbsp;&nbsp;LCD_Clear
<LI><a href="#[aa]">&gt;&gt;</a>&nbsp;&nbsp;&nbsp;__2printf
</UL>
<BR>[Address Reference Count : 1]<UL><LI> entry8.o(.ARM.Collect$$$$00000009)
</UL>
<P><STRONG><a name="[b9]"></a>pvPortMalloc</STRONG> (Thumb, 168 bytes, Stack size 24 bytes, heap_2.o(i.pvPortMalloc))
<BR><BR>[Stack]<UL><LI>Max Depth = 80<LI>Call Chain = pvPortMalloc &rArr; xTaskResumeAll &rArr; vTaskIncrementTick
</UL>
<BR>[Calls]<UL><LI><a href="#[b3]">&gt;&gt;</a>&nbsp;&nbsp;&nbsp;xTaskResumeAll
<LI><a href="#[b2]">&gt;&gt;</a>&nbsp;&nbsp;&nbsp;vTaskSuspendAll
</UL>
<BR>[Called By]<UL><LI><a href="#[ad]">&gt;&gt;</a>&nbsp;&nbsp;&nbsp;xTaskGenericCreate
</UL>

<P><STRONG><a name="[c2]"></a>pxPortInitialiseStack</STRONG> (Thumb, 28 bytes, Stack size 8 bytes, port.o(i.pxPortInitialiseStack))
<BR><BR>[Stack]<UL><LI>Max Depth = 8<LI>Call Chain = pxPortInitialiseStack
</UL>
<BR>[Called By]<UL><LI><a href="#[ad]">&gt;&gt;</a>&nbsp;&nbsp;&nbsp;xTaskGenericCreate
</UL>

<P><STRONG><a name="[c3]"></a>vListInitialise</STRONG> (Thumb, 22 bytes, Stack size 0 bytes, list.o(i.vListInitialise))
<BR><BR>[Called By]<UL><LI><a href="#[ad]">&gt;&gt;</a>&nbsp;&nbsp;&nbsp;xTaskGenericCreate
</UL>

<P><STRONG><a name="[c1]"></a>vListInitialiseItem</STRONG> (Thumb, 6 bytes, Stack size 0 bytes, list.o(i.vListInitialiseItem))
<BR><BR>[Called By]<UL><LI><a href="#[ad]">&gt;&gt;</a>&nbsp;&nbsp;&nbsp;xTaskGenericCreate
</UL>

<P><STRONG><a name="[b0]"></a>vListInsert</STRONG> (Thumb, 48 bytes, Stack size 8 bytes, list.o(i.vListInsert))
<BR><BR>[Stack]<UL><LI>Max Depth = 8<LI>Call Chain = vListInsert
</UL>
<BR>[Called By]<UL><LI><a href="#[af]">&gt;&gt;</a>&nbsp;&nbsp;&nbsp;prvAddCurrentTaskToDelayedList
</UL>

<P><STRONG><a name="[bd]"></a>vListInsertEnd</STRONG> (Thumb, 28 bytes, Stack size 0 bytes, list.o(i.vListInsertEnd))
<BR><BR>[Called By]<UL><LI><a href="#[ad]">&gt;&gt;</a>&nbsp;&nbsp;&nbsp;xTaskGenericCreate
<LI><a href="#[bc]">&gt;&gt;</a>&nbsp;&nbsp;&nbsp;vTaskIncrementTick
<LI><a href="#[b3]">&gt;&gt;</a>&nbsp;&nbsp;&nbsp;xTaskResumeAll
</UL>

<P><STRONG><a name="[b5]"></a>vListRemove</STRONG> (Thumb, 36 bytes, Stack size 0 bytes, list.o(i.vListRemove))
<BR><BR>[Called By]<UL><LI><a href="#[64]">&gt;&gt;</a>&nbsp;&nbsp;&nbsp;vTaskDelayUntil
<LI><a href="#[57]">&gt;&gt;</a>&nbsp;&nbsp;&nbsp;vTaskDelay
<LI><a href="#[b1]">&gt;&gt;</a>&nbsp;&nbsp;&nbsp;prvCheckTasksWaitingTermination
<LI><a href="#[bc]">&gt;&gt;</a>&nbsp;&nbsp;&nbsp;vTaskIncrementTick
<LI><a href="#[b3]">&gt;&gt;</a>&nbsp;&nbsp;&nbsp;xTaskResumeAll
</UL>

<P><STRONG><a name="[b4]"></a>vPortEnterCritical</STRONG> (Thumb, 16 bytes, Stack size 8 bytes, port.o(i.vPortEnterCritical))
<BR><BR>[Stack]<UL><LI>Max Depth = 8<LI>Call Chain = vPortEnterCritical
</UL>
<BR>[Calls]<UL><LI><a href="#[ba]">&gt;&gt;</a>&nbsp;&nbsp;&nbsp;vPortSetInterruptMask
</UL>
<BR>[Called By]<UL><LI><a href="#[58]">&gt;&gt;</a>&nbsp;&nbsp;&nbsp;xTaskGetTickCount
<LI><a href="#[ad]">&gt;&gt;</a>&nbsp;&nbsp;&nbsp;xTaskGenericCreate
<LI><a href="#[b1]">&gt;&gt;</a>&nbsp;&nbsp;&nbsp;prvCheckTasksWaitingTermination
<LI><a href="#[b3]">&gt;&gt;</a>&nbsp;&nbsp;&nbsp;xTaskResumeAll
</UL>

<P><STRONG><a name="[b6]"></a>vPortExitCritical</STRONG> (Thumb, 16 bytes, Stack size 0 bytes, port.o(i.vPortExitCritical))
<BR><BR>[Calls]<UL><LI><a href="#[bb]">&gt;&gt;</a>&nbsp;&nbsp;&nbsp;vPortClearInterruptMask
</UL>
<BR>[Called By]<UL><LI><a href="#[58]">&gt;&gt;</a>&nbsp;&nbsp;&nbsp;xTaskGetTickCount
<LI><a href="#[ad]">&gt;&gt;</a>&nbsp;&nbsp;&nbsp;xTaskGenericCreate
<LI><a href="#[b1]">&gt;&gt;</a>&nbsp;&nbsp;&nbsp;prvCheckTasksWaitingTermination
<LI><a href="#[b3]">&gt;&gt;</a>&nbsp;&nbsp;&nbsp;xTaskResumeAll
</UL>

<P><STRONG><a name="[b7]"></a>vPortFree</STRONG> (Thumb, 56 bytes, Stack size 8 bytes, heap_2.o(i.vPortFree))
<BR><BR>[Stack]<UL><LI>Max Depth = 64<LI>Call Chain = vPortFree &rArr; xTaskResumeAll &rArr; vTaskIncrementTick
</UL>
<BR>[Calls]<UL><LI><a href="#[b3]">&gt;&gt;</a>&nbsp;&nbsp;&nbsp;xTaskResumeAll
<LI><a href="#[b2]">&gt;&gt;</a>&nbsp;&nbsp;&nbsp;vTaskSuspendAll
</UL>
<BR>[Called By]<UL><LI><a href="#[ad]">&gt;&gt;</a>&nbsp;&nbsp;&nbsp;xTaskGenericCreate
<LI><a href="#[b1]">&gt;&gt;</a>&nbsp;&nbsp;&nbsp;prvCheckTasksWaitingTermination
</UL>

<P><STRONG><a name="[b8]"></a>vPortYieldFromISR</STRONG> (Thumb, 10 bytes, Stack size 0 bytes, port.o(i.vPortYieldFromISR))
<BR><BR>[Called By]<UL><LI><a href="#[ad]">&gt;&gt;</a>&nbsp;&nbsp;&nbsp;xTaskGenericCreate
<LI><a href="#[64]">&gt;&gt;</a>&nbsp;&nbsp;&nbsp;vTaskDelayUntil
<LI><a href="#[57]">&gt;&gt;</a>&nbsp;&nbsp;&nbsp;vTaskDelay
<LI><a href="#[4e]">&gt;&gt;</a>&nbsp;&nbsp;&nbsp;prvIdleTask
<LI><a href="#[b3]">&gt;&gt;</a>&nbsp;&nbsp;&nbsp;xTaskResumeAll
</UL>

<P><STRONG><a name="[57]"></a>vTaskDelay</STRONG> (Thumb, 48 bytes, Stack size 8 bytes, tasks.o(i.vTaskDelay))
<BR><BR>[Stack]<UL><LI>Max Depth = 64<LI>Call Chain = vTaskDelay &rArr; xTaskResumeAll &rArr; vTaskIncrementTick
</UL>
<BR>[Calls]<UL><LI><a href="#[af]">&gt;&gt;</a>&nbsp;&nbsp;&nbsp;prvAddCurrentTaskToDelayedList
<LI><a href="#[b8]">&gt;&gt;</a>&nbsp;&nbsp;&nbsp;vPortYieldFromISR
<LI><a href="#[b5]">&gt;&gt;</a>&nbsp;&nbsp;&nbsp;vListRemove
<LI><a href="#[b3]">&gt;&gt;</a>&nbsp;&nbsp;&nbsp;xTaskResumeAll
<LI><a href="#[b2]">&gt;&gt;</a>&nbsp;&nbsp;&nbsp;vTaskSuspendAll
</UL>
<BR>[Called By]<UL><LI><a href="#[4b]">&gt;&gt;</a>&nbsp;&nbsp;&nbsp;MyTask
<LI><a href="#[4c]">&gt;&gt;</a>&nbsp;&nbsp;&nbsp;AddTask
</UL>

<P><STRONG><a name="[64]"></a>vTaskDelayUntil</STRONG> (Thumb, 76 bytes, Stack size 8 bytes, tasks.o(i.vTaskDelayUntil))
<BR><BR>[Stack]<UL><LI>Max Depth = 64<LI>Call Chain = vTaskDelayUntil &rArr; xTaskResumeAll &rArr; vTaskIncrementTick
</UL>
<BR>[Calls]<UL><LI><a href="#[af]">&gt;&gt;</a>&nbsp;&nbsp;&nbsp;prvAddCurrentTaskToDelayedList
<LI><a href="#[b8]">&gt;&gt;</a>&nbsp;&nbsp;&nbsp;vPortYieldFromISR
<LI><a href="#[b5]">&gt;&gt;</a>&nbsp;&nbsp;&nbsp;vListRemove
<LI><a href="#[b3]">&gt;&gt;</a>&nbsp;&nbsp;&nbsp;xTaskResumeAll
<LI><a href="#[b2]">&gt;&gt;</a>&nbsp;&nbsp;&nbsp;vTaskSuspendAll
</UL>
<BR>[Called By]<UL><LI><a href="#[4d]">&gt;&gt;</a>&nbsp;&nbsp;&nbsp;DataTask
</UL>

<P><STRONG><a name="[bc]"></a>vTaskIncrementTick</STRONG> (Thumb, 150 bytes, Stack size 24 bytes, tasks.o(i.vTaskIncrementTick))
<BR><BR>[Stack]<UL><LI>Max Depth = 24<LI>Call Chain = vTaskIncrementTick
</UL>
<BR>[Calls]<UL><LI><a href="#[b5]">&gt;&gt;</a>&nbsp;&nbsp;&nbsp;vListRemove
<LI><a href="#[bd]">&gt;&gt;</a>&nbsp;&nbsp;&nbsp;vListInsertEnd
</UL>
<BR>[Called By]<UL><LI><a href="#[8b]">&gt;&gt;</a>&nbsp;&nbsp;&nbsp;xPortSysTickHandler
<LI><a href="#[b3]">&gt;&gt;</a>&nbsp;&nbsp;&nbsp;xTaskResumeAll
</UL>

<P><STRONG><a name="[ae]"></a>vTaskStartScheduler</STRONG> (Thumb, 50 bytes, Stack size 24 bytes, tasks.o(i.vTaskStartScheduler))
<BR><BR>[Stack]<UL><LI>Max Depth = 160<LI>Call Chain = vTaskStartScheduler &rArr; xTaskGenericCreate &rArr; pvPortMalloc &rArr; xTaskResumeAll &rArr; vTaskIncrementTick
</UL>
<BR>[Calls]<UL><LI><a href="#[ad]">&gt;&gt;</a>&nbsp;&nbsp;&nbsp;xTaskGenericCreate
<LI><a href="#[be]">&gt;&gt;</a>&nbsp;&nbsp;&nbsp;xPortStartScheduler
<LI><a href="#[ba]">&gt;&gt;</a>&nbsp;&nbsp;&nbsp;vPortSetInterruptMask
</UL>
<BR>[Called By]<UL><LI><a href="#[47]">&gt;&gt;</a>&nbsp;&nbsp;&nbsp;main
</UL>

<P><STRONG><a name="[b2]"></a>vTaskSuspendAll</STRONG> (Thumb, 10 bytes, Stack size 0 bytes, tasks.o(i.vTaskSuspendAll))
<BR><BR>[Called By]<UL><LI><a href="#[64]">&gt;&gt;</a>&nbsp;&nbsp;&nbsp;vTaskDelayUntil
<LI><a href="#[57]">&gt;&gt;</a>&nbsp;&nbsp;&nbsp;vTaskDelay
<LI><a href="#[b1]">&gt;&gt;</a>&nbsp;&nbsp;&nbsp;prvCheckTasksWaitingTermination
<LI><a href="#[b7]">&gt;&gt;</a>&nbsp;&nbsp;&nbsp;vPortFree
<LI><a href="#[b9]">&gt;&gt;</a>&nbsp;&nbsp;&nbsp;pvPortMalloc
</UL>

<P><STRONG><a name="[52]"></a>vTaskSwitchContext</STRONG> (Thumb, 66 bytes, Stack size 0 bytes, tasks.o(i.vTaskSwitchContext))
<BR><BR>[Called By]<UL><LI><a href="#[51]">&gt;&gt;</a>&nbsp;&nbsp;&nbsp;xPortPendSVHandler
</UL>

<P><STRONG><a name="[be]"></a>xPortStartScheduler</STRONG> (Thumb, 46 bytes, Stack size 8 bytes, port.o(i.xPortStartScheduler))
<BR><BR>[Stack]<UL><LI>Max Depth = 8<LI>Call Chain = xPortStartScheduler
</UL>
<BR>[Calls]<UL><LI><a href="#[bf]">&gt;&gt;</a>&nbsp;&nbsp;&nbsp;vPortStartFirstTask
</UL>
<BR>[Called By]<UL><LI><a href="#[ae]">&gt;&gt;</a>&nbsp;&nbsp;&nbsp;vTaskStartScheduler
</UL>

<P><STRONG><a name="[8b]"></a>xPortSysTickHandler</STRONG> (Thumb, 26 bytes, Stack size 8 bytes, port.o(i.xPortSysTickHandler))
<BR><BR>[Stack]<UL><LI>Max Depth = 32<LI>Call Chain = xPortSysTickHandler &rArr; vTaskIncrementTick
</UL>
<BR>[Calls]<UL><LI><a href="#[bc]">&gt;&gt;</a>&nbsp;&nbsp;&nbsp;vTaskIncrementTick
<LI><a href="#[bb]">&gt;&gt;</a>&nbsp;&nbsp;&nbsp;vPortClearInterruptMask
<LI><a href="#[ba]">&gt;&gt;</a>&nbsp;&nbsp;&nbsp;vPortSetInterruptMask
</UL>
<BR>[Called By]<UL><LI><a href="#[9]">&gt;&gt;</a>&nbsp;&nbsp;&nbsp;SysTick_Handler
</UL>

<P><STRONG><a name="[ad]"></a>xTaskGenericCreate</STRONG> (Thumb, 350 bytes, Stack size 56 bytes, tasks.o(i.xTaskGenericCreate))
<BR><BR>[Stack]<UL><LI>Max Depth = 136<LI>Call Chain = xTaskGenericCreate &rArr; pvPortMalloc &rArr; xTaskResumeAll &rArr; vTaskIncrementTick
</UL>
<BR>[Calls]<UL><LI><a href="#[c0]">&gt;&gt;</a>&nbsp;&nbsp;&nbsp;strncpy
<LI><a href="#[54]">&gt;&gt;</a>&nbsp;&nbsp;&nbsp;__aeabi_memset
<LI><a href="#[b8]">&gt;&gt;</a>&nbsp;&nbsp;&nbsp;vPortYieldFromISR
<LI><a href="#[b6]">&gt;&gt;</a>&nbsp;&nbsp;&nbsp;vPortExitCritical
<LI><a href="#[b4]">&gt;&gt;</a>&nbsp;&nbsp;&nbsp;vPortEnterCritical
<LI><a href="#[c2]">&gt;&gt;</a>&nbsp;&nbsp;&nbsp;pxPortInitialiseStack
<LI><a href="#[bd]">&gt;&gt;</a>&nbsp;&nbsp;&nbsp;vListInsertEnd
<LI><a href="#[c1]">&gt;&gt;</a>&nbsp;&nbsp;&nbsp;vListInitialiseItem
<LI><a href="#[c3]">&gt;&gt;</a>&nbsp;&nbsp;&nbsp;vListInitialise
<LI><a href="#[b7]">&gt;&gt;</a>&nbsp;&nbsp;&nbsp;vPortFree
<LI><a href="#[b9]">&gt;&gt;</a>&nbsp;&nbsp;&nbsp;pvPortMalloc
</UL>
<BR>[Called By]<UL><LI><a href="#[ae]">&gt;&gt;</a>&nbsp;&nbsp;&nbsp;vTaskStartScheduler
<LI><a href="#[47]">&gt;&gt;</a>&nbsp;&nbsp;&nbsp;main
</UL>

<P><STRONG><a name="[58]"></a>xTaskGetTickCount</STRONG> (Thumb, 18 bytes, Stack size 8 bytes, tasks.o(i.xTaskGetTickCount))
<BR><BR>[Stack]<UL><LI>Max Depth = 16<LI>Call Chain = xTaskGetTickCount &rArr; vPortEnterCritical
</UL>
<BR>[Calls]<UL><LI><a href="#[b6]">&gt;&gt;</a>&nbsp;&nbsp;&nbsp;vPortExitCritical
<LI><a href="#[b4]">&gt;&gt;</a>&nbsp;&nbsp;&nbsp;vPortEnterCritical
</UL>
<BR>[Called By]<UL><LI><a href="#[4d]">&gt;&gt;</a>&nbsp;&nbsp;&nbsp;DataTask
</UL>

<P><STRONG><a name="[b3]"></a>xTaskResumeAll</STRONG> (Thumb, 158 bytes, Stack size 32 bytes, tasks.o(i.xTaskResumeAll))
<BR><BR>[Stack]<UL><LI>Max Depth = 56<LI>Call Chain = xTaskResumeAll &rArr; vTaskIncrementTick
</UL>
<BR>[Calls]<UL><LI><a href="#[bc]">&gt;&gt;</a>&nbsp;&nbsp;&nbsp;vTaskIncrementTick
<LI><a href="#[b8]">&gt;&gt;</a>&nbsp;&nbsp;&nbsp;vPortYieldFromISR
<LI><a href="#[b6]">&gt;&gt;</a>&nbsp;&nbsp;&nbsp;vPortExitCritical
<LI><a href="#[b4]">&gt;&gt;</a>&nbsp;&nbsp;&nbsp;vPortEnterCritical
<LI><a href="#[b5]">&gt;&gt;</a>&nbsp;&nbsp;&nbsp;vListRemove
<LI><a href="#[bd]">&gt;&gt;</a>&nbsp;&nbsp;&nbsp;vListInsertEnd
</UL>
<BR>[Called By]<UL><LI><a href="#[64]">&gt;&gt;</a>&nbsp;&nbsp;&nbsp;vTaskDelayUntil
<LI><a href="#[57]">&gt;&gt;</a>&nbsp;&nbsp;&nbsp;vTaskDelay
<LI><a href="#[b1]">&gt;&gt;</a>&nbsp;&nbsp;&nbsp;prvCheckTasksWaitingTermination
<LI><a href="#[b7]">&gt;&gt;</a>&nbsp;&nbsp;&nbsp;vPortFree
<LI><a href="#[b9]">&gt;&gt;</a>&nbsp;&nbsp;&nbsp;pvPortMalloc
</UL>
<P>
<H3>
Local Symbols
</H3>
<P><STRONG><a name="[9b]"></a>TI1_Config</STRONG> (Thumb, 84 bytes, Stack size 12 bytes, stm32f10x_tim.o(i.TI1_Config))
<BR><BR>[Stack]<UL><LI>Max Depth = 12<LI>Call Chain = TI1_Config
</UL>
<BR>[Called By]<UL><LI><a href="#[95]">&gt;&gt;</a>&nbsp;&nbsp;&nbsp;TIM_ICInit
</UL>

<P><STRONG><a name="[9d]"></a>TI2_Config</STRONG> (Thumb, 98 bytes, Stack size 16 bytes, stm32f10x_tim.o(i.TI2_Config))
<BR><BR>[Stack]<UL><LI>Max Depth = 16<LI>Call Chain = TI2_Config
</UL>
<BR>[Called By]<UL><LI><a href="#[95]">&gt;&gt;</a>&nbsp;&nbsp;&nbsp;TIM_ICInit
</UL>

<P><STRONG><a name="[8c]"></a>SetSysClockTo72</STRONG> (Thumb, 138 bytes, Stack size 0 bytes, system_stm32f10x.o(i.SetSysClockTo72))
<BR><BR>[Called By]<UL><LI><a href="#[48]">&gt;&gt;</a>&nbsp;&nbsp;&nbsp;SystemInit
</UL>

<P><STRONG><a name="[7a]"></a>delay</STRONG> (Thumb, 14 bytes, Stack size 0 bytes, stm3210c_eval_lcd.o(i.delay))
<BR><BR>[Called By]<UL><LI><a href="#[79]">&gt;&gt;</a>&nbsp;&nbsp;&nbsp;LCD_Setup
</UL>

<P><STRONG><a name="[af]"></a>prvAddCurrentTaskToDelayedList</STRONG> (Thumb, 48 bytes, Stack size 16 bytes, tasks.o(i.prvAddCurrentTaskToDelayedList))
<BR><BR>[Stack]<UL><LI>Max Depth = 24<LI>Call Chain = prvAddCurrentTaskToDelayedList &rArr; vListInsert
</UL>
<BR>[Calls]<UL><LI><a href="#[b0]">&gt;&gt;</a>&nbsp;&nbsp;&nbsp;vListInsert
</UL>
<BR>[Called By]<UL><LI><a href="#[64]">&gt;&gt;</a>&nbsp;&nbsp;&nbsp;vTaskDelayUntil
<LI><a href="#[57]">&gt;&gt;</a>&nbsp;&nbsp;&nbsp;vTaskDelay
</UL>

<P><STRONG><a name="[b1]"></a>prvCheckTasksWaitingTermination</STRONG> (Thumb, 80 bytes, Stack size 16 bytes, tasks.o(i.prvCheckTasksWaitingTermination))
<BR><BR>[Stack]<UL><LI>Max Depth = 80<LI>Call Chain = prvCheckTasksWaitingTermination &rArr; vPortFree &rArr; xTaskResumeAll &rArr; vTaskIncrementTick
</UL>
<BR>[Calls]<UL><LI><a href="#[b6]">&gt;&gt;</a>&nbsp;&nbsp;&nbsp;vPortExitCritical
<LI><a href="#[b4]">&gt;&gt;</a>&nbsp;&nbsp;&nbsp;vPortEnterCritical
<LI><a href="#[b5]">&gt;&gt;</a>&nbsp;&nbsp;&nbsp;vListRemove
<LI><a href="#[b3]">&gt;&gt;</a>&nbsp;&nbsp;&nbsp;xTaskResumeAll
<LI><a href="#[b2]">&gt;&gt;</a>&nbsp;&nbsp;&nbsp;vTaskSuspendAll
<LI><a href="#[b7]">&gt;&gt;</a>&nbsp;&nbsp;&nbsp;vPortFree
</UL>
<BR>[Called By]<UL><LI><a href="#[4e]">&gt;&gt;</a>&nbsp;&nbsp;&nbsp;prvIdleTask
</UL>

<P><STRONG><a name="[4e]"></a>prvIdleTask</STRONG> (Thumb, 20 bytes, Stack size 0 bytes, tasks.o(i.prvIdleTask))
<BR><BR>[Stack]<UL><LI>Max Depth = 80<LI>Call Chain = prvIdleTask &rArr; prvCheckTasksWaitingTermination &rArr; vPortFree &rArr; xTaskResumeAll &rArr; vTaskIncrementTick
</UL>
<BR>[Calls]<UL><LI><a href="#[b1]">&gt;&gt;</a>&nbsp;&nbsp;&nbsp;prvCheckTasksWaitingTermination
<LI><a href="#[b8]">&gt;&gt;</a>&nbsp;&nbsp;&nbsp;vPortYieldFromISR
</UL>
<BR>[Address Reference Count : 1]<UL><LI> tasks.o(i.vTaskStartScheduler)
</UL>
<P><STRONG><a name="[a3]"></a>_printf_core</STRONG> (Thumb, 208 bytes, Stack size 40 bytes, printf2.o(i._printf_core), UNUSED)
<BR><BR>[Called By]<UL><LI><a href="#[a2]">&gt;&gt;</a>&nbsp;&nbsp;&nbsp;__0printf$2
</UL>
<P>
<H3>
Undefined Global Symbols
</H3><HR></body></html>
