Build target 'STM3210C-EVAL'
compiling stm32f10x_it.c...
compiling main.c...
compiling stm32f10x_rcc.c...
compiling stm32f10x_gpio.c...
compiling misc.c...
compiling stm32f10x_exti.c...
compiling stm32f10x_spi.c...
compiling stm32f10x_fsmc.c...
compiling stm32f10x_usart.c...
compiling stm32f10x_sdio.c...
compiling stm32f10x_dma.c...
compiling stm32f10x_i2c.c...
compiling stm32f10x_adc.c...
compiling stm32f10x_bkp.c...
compiling stm32f10x_can.c...
compiling stm32f10x_cec.c...
compiling stm32f10x_crc.c...
compiling stm32f10x_dac.c...
compiling stm32f10x_dbgmcu.c...
compiling stm32f10x_flash.c...
compiling stm32f10x_iwdg.c...
compiling stm32f10x_pwr.c...
compiling stm32f10x_rtc.c...
compiling stm32f10x_tim.c...
compiling stm32f10x_wwdg.c...
compiling core_cm3.c...
compiling system_stm32f10x.c...
compiling stm32_eval.c...
compiling stm32_eval_spi_sd.c...
compiling stm3210c_eval_lcd.c...
compiling stm3210c_eval_ioe.c...
assembling startup_stm32f10x_cl.s...
linking...
Program Size: Code=3584 RO-data=5012 RW-data=80 ZI-data=1040  
FromELF: creating hex file...
".\STM3210C-EVAL\STM3210C-EVAL.axf" - 0 Error(s), 0 Warning(s).
Build target 'STM3210C-EVAL'
compiling stm32f10x_it.c...
compiling main.c...
compiling stm32f10x_rcc.c...
compiling stm32f10x_gpio.c...
compiling misc.c...
compiling stm32f10x_exti.c...
compiling stm32f10x_spi.c...
compiling stm32f10x_fsmc.c...
compiling stm32f10x_usart.c...
compiling stm32f10x_sdio.c...
compiling stm32f10x_dma.c...
compiling stm32f10x_i2c.c...
compiling stm32f10x_adc.c...
compiling stm32f10x_bkp.c...
compiling stm32f10x_can.c...
compiling stm32f10x_cec.c...
compiling stm32f10x_crc.c...
compiling stm32f10x_dac.c...
compiling stm32f10x_dbgmcu.c...
compiling stm32f10x_flash.c...
compiling stm32f10x_iwdg.c...
compiling stm32f10x_pwr.c...
compiling stm32f10x_rtc.c...
compiling stm32f10x_tim.c...
compiling stm32f10x_wwdg.c...
compiling core_cm3.c...
compiling system_stm32f10x.c...
compiling stm32_eval.c...
compiling stm32_eval_spi_sd.c...
compiling stm3210c_eval_lcd.c...
compiling stm3210c_eval_ioe.c...
compiling heap_2.c...
..\..\..\Source\include\FreeRTOS.h(67): error:  #5: cannot open source input file "FreeRTOSConfig.h": No such file or directory
compiling list.c...
..\..\..\Source\include\FreeRTOS.h(67): error:  #5: cannot open source input file "FreeRTOSConfig.h": No such file or directory
compiling port.c...
..\..\..\Source\include\FreeRTOS.h(67): error:  #5: cannot open source input file "FreeRTOSConfig.h": No such file or directory
compiling queue.c...
..\..\..\Source\include\FreeRTOS.h(67): error:  #5: cannot open source input file "FreeRTOSConfig.h": No such file or directory
compiling tasks.c...
..\..\..\Source\include\FreeRTOS.h(67): error:  #5: cannot open source input file "FreeRTOSConfig.h": No such file or directory
Target not created
Build target 'STM3210C-EVAL'
compiling heap_2.c...
compiling list.c...
compiling port.c...
compiling queue.c...
compiling tasks.c...
linking...
Program Size: Code=3584 RO-data=5012 RW-data=80 ZI-data=1040  
FromELF: creating hex file...
".\STM3210C-EVAL\STM3210C-EVAL.axf" - 0 Error(s), 0 Warning(s).
Build target 'STM3210C-EVAL'
compiling stm32f10x_it.c...
..\stm32f10x_it.c(110): warning:  #223-D: function "vPortSVCHandler" declared implicitly
..\stm32f10x_it.c(129): warning:  #223-D: function "xPortPendSVHandler" declared implicitly
..\stm32f10x_it.c(139): warning:  #223-D: function "xPortSysTickHandler" declared implicitly
compiling main.c...
linking...
Program Size: Code=5284 RO-data=5012 RW-data=168 ZI-data=18712  
FromELF: creating hex file...
".\STM3210C-EVAL\STM3210C-EVAL.axf" - 0 Error(s), 3 Warning(s).
Build target 'STM3210C-EVAL'
compiling stm32f10x_it.c...
..\stm32f10x_it.c(114): warning:  #223-D: function "vPortSVCHandler" declared implicitly
linking...
Program Size: Code=5284 RO-data=5012 RW-data=168 ZI-data=18712  
FromELF: creating hex file...
".\STM3210C-EVAL\STM3210C-EVAL.axf" - 0 Error(s), 1 Warning(s).
Build target 'STM3210C-EVAL'
compiling stm32f10x_it.c...
linking...
Program Size: Code=5284 RO-data=5012 RW-data=168 ZI-data=18712  
FromELF: creating hex file...
".\STM3210C-EVAL\STM3210C-EVAL.axf" - 0 Error(s), 0 Warning(s).
Build target 'STM3210C-EVAL'
compiling main.c...
..\main.c(195): warning:  #167-D: argument of type "void (*)(void)" is incompatible with parameter of type "pdTASK_CODE"
..\main.c(196): warning:  #167-D: argument of type "void (*)(void)" is incompatible with parameter of type "pdTASK_CODE"
linking...
Program Size: Code=5364 RO-data=5012 RW-data=168 ZI-data=18712  
FromELF: creating hex file...
".\STM3210C-EVAL\STM3210C-EVAL.axf" - 0 Error(s), 2 Warning(s).
Build target 'STM3210C-EVAL'
compiling main.c...
linking...
Program Size: Code=5364 RO-data=5012 RW-data=168 ZI-data=18712  
FromELF: creating hex file...
".\STM3210C-EVAL\STM3210C-EVAL.axf" - 0 Error(s), 0 Warning(s).
