ARM Linker, 4.1 [Build 894] [Standard]

==============================================================================

Section Cross References

    stm32f10x_it.o(i.PendSV_Handler) refers to port.o(.emb_text) for xPortPendSVHandler
    stm32f10x_it.o(i.SVC_Handler) refers to port.o(.emb_text) for vPortSVCHandler
    stm32f10x_it.o(i.SysTick_Handler) refers to port.o(i.xPortSysTickHandler) for xPortSysTickHandler
    main.o(i.AddTask) refers to tasks.o(i.vTaskDelay) for vTaskDelay
    main.o(i.DataTask) refers to tasks.o(i.xTaskGetTickCount) for xTaskGetTickCount
    main.o(i.DataTask) refers to main.o(i.RCC_Configuration_ADC) for RCC_Configuration_ADC
    main.o(i.DataTask) refers to main.o(i.GPIO_Configuration_ADC) for GPIO_Configuration_ADC
    main.o(i.DataTask) refers to stm32f10x_adc.o(i.ADC_Init) for ADC_Init
    main.o(i.DataTask) refers to stm32f10x_adc.o(i.ADC_RegularChannelConfig) for ADC_RegularChannelConfig
    main.o(i.DataTask) refers to stm32f10x_adc.o(i.ADC_Cmd) for ADC_Cmd
    main.o(i.DataTask) refers to stm32f10x_adc.o(i.ADC_ResetCalibration) for ADC_ResetCalibration
    main.o(i.DataTask) refers to stm32f10x_adc.o(i.ADC_GetResetCalibrationStatus) for ADC_GetResetCalibrationStatus
    main.o(i.DataTask) refers to stm32f10x_adc.o(i.ADC_StartCalibration) for ADC_StartCalibration
    main.o(i.DataTask) refers to stm32f10x_adc.o(i.ADC_GetCalibrationStatus) for ADC_GetCalibrationStatus
    main.o(i.DataTask) refers to stm32f10x_adc.o(i.ADC_SoftwareStartConvCmd) for ADC_SoftwareStartConvCmd
    main.o(i.DataTask) refers to stm32f10x_adc.o(i.ADC_GetConversionValue) for ADC_GetConversionValue
    main.o(i.DataTask) refers to tasks.o(i.vTaskDelayUntil) for vTaskDelayUntil
    main.o(i.DataTask) refers to main.o(.data) for .data
    main.o(i.GPIO_Configuration_ADC) refers to stm32f10x_gpio.o(i.GPIO_Init) for GPIO_Init
    main.o(i.MyTask) refers to tasks.o(i.vTaskDelay) for vTaskDelay
    main.o(i.RCC_Configuration_ADC) refers to stm32f10x_rcc.o(i.RCC_ADCCLKConfig) for RCC_ADCCLKConfig
    main.o(i.RCC_Configuration_ADC) refers to stm32f10x_rcc.o(i.RCC_APB2PeriphClockCmd) for RCC_APB2PeriphClockCmd
    main.o(i.fputc) refers to stm32f10x_usart.o(i.USART_SendData) for USART_SendData
    main.o(i.fputc) refers to stm32f10x_usart.o(i.USART_GetFlagStatus) for USART_GetFlagStatus
    main.o(i.main) refers to stm32_eval.o(i.STM_EVAL_LEDInit) for STM_EVAL_LEDInit
    main.o(i.main) refers to stm32_eval.o(i.STM_EVAL_COMInit) for STM_EVAL_COMInit
    main.o(i.main) refers to stm3210c_eval_lcd.o(i.STM3210C_LCD_Init) for STM3210C_LCD_Init
    main.o(i.main) refers to stm3210c_eval_lcd.o(i.LCD_Clear) for LCD_Clear
    main.o(i.main) refers to stm3210c_eval_lcd.o(i.LCD_SetBackColor) for LCD_SetBackColor
    main.o(i.main) refers to stm3210c_eval_lcd.o(i.LCD_SetTextColor) for LCD_SetTextColor
    main.o(i.main) refers to stm3210c_eval_lcd.o(i.LCD_GetFont) for LCD_GetFont
    main.o(i.main) refers to stm3210c_eval_lcd.o(i.LCD_DisplayStringLine) for LCD_DisplayStringLine
    main.o(i.main) refers to printf2.o(i.__0printf$2) for __2printf
    main.o(i.main) refers to stm32_eval.o(i.STM_EVAL_LEDOn) for STM_EVAL_LEDOn
    main.o(i.main) refers to misc.o(i.NVIC_PriorityGroupConfig) for NVIC_PriorityGroupConfig
    main.o(i.main) refers to ppm.o(i.initPPM) for initPPM
    main.o(i.main) refers to tasks.o(i.xTaskGenericCreate) for xTaskGenericCreate
    main.o(i.main) refers to tasks.o(i.vTaskStartScheduler) for vTaskStartScheduler
    main.o(i.main) refers to main.o(.bss) for .bss
    main.o(i.main) refers to main.o(i.MyTask) for MyTask
    main.o(i.main) refers to main.o(i.AddTask) for AddTask
    main.o(i.main) refers to main.o(i.DataTask) for DataTask
    ppm.o(i.GPIO_Configuration_PPM) refers to stm32f10x_gpio.o(i.GPIO_Init) for GPIO_Init
    ppm.o(i.NVIC_Configuration_PPM) refers to misc.o(i.NVIC_Init) for NVIC_Init
    ppm.o(i.RCC_Configuration_PPM) refers to stm32f10x_rcc.o(i.RCC_APB1PeriphClockCmd) for RCC_APB1PeriphClockCmd
    ppm.o(i.RCC_Configuration_PPM) refers to stm32f10x_rcc.o(i.RCC_APB2PeriphClockCmd) for RCC_APB2PeriphClockCmd
    ppm.o(i.TIM3_IRQHandler) refers to stm32f10x_tim.o(i.TIM_GetITStatus) for TIM_GetITStatus
    ppm.o(i.TIM3_IRQHandler) refers to stm32f10x_tim.o(i.TIM_ClearITPendingBit) for TIM_ClearITPendingBit
    ppm.o(i.TIM3_IRQHandler) refers to stm32f10x_tim.o(i.TIM_GetCapture1) for TIM_GetCapture1
    ppm.o(i.TIM3_IRQHandler) refers to stm32f10x_tim.o(i.TIM_GetCapture2) for TIM_GetCapture2
    ppm.o(i.TIM3_IRQHandler) refers to stm32f10x_tim.o(i.TIM_SetCompare1) for TIM_SetCompare1
    ppm.o(i.TIM3_IRQHandler) refers to ppm.o(.bss) for .bss
    ppm.o(i.TIM3_IRQHandler) refers to ppm.o(.data) for .data
    ppm.o(i.TIM_Configuration_PPM) refers to stm32f10x_tim.o(i.TIM_DeInit) for TIM_DeInit
    ppm.o(i.TIM_Configuration_PPM) refers to stm32f10x_tim.o(i.TIM_TimeBaseInit) for TIM_TimeBaseInit
[...]
    Removing stm32f10x_flash.o(i.FLASH_WaitForLastBank1Operation), (36 bytes).
    Removing stm32f10x_flash.o(i.FLASH_WaitForLastOperation), (36 bytes).
    Removing stm32f10x_iwdg.o(i.IWDG_Enable), (16 bytes).
    Removing stm32f10x_iwdg.o(i.IWDG_GetFlagStatus), (20 bytes).
    Removing stm32f10x_iwdg.o(i.IWDG_ReloadCounter), (16 bytes).
    Removing stm32f10x_iwdg.o(i.IWDG_SetPrescaler), (12 bytes).
    Removing stm32f10x_iwdg.o(i.IWDG_SetReload), (12 bytes).
    Removing stm32f10x_iwdg.o(i.IWDG_WriteAccessCmd), (12 bytes).
    Removing stm32f10x_pwr.o(i.PWR_BackupAccessCmd), (12 bytes).
    Removing stm32f10x_pwr.o(i.PWR_ClearFlag), (16 bytes).
    Removing stm32f10x_pwr.o(i.PWR_DeInit), (24 bytes).
    Removing stm32f10x_pwr.o(i.PWR_EnterSTANDBYMode), (40 bytes).
    Removing stm32f10x_pwr.o(i.PWR_EnterSTOPMode), (52 bytes).
    Removing stm32f10x_pwr.o(i.PWR_GetFlagStatus), (20 bytes).
    Removing stm32f10x_pwr.o(i.PWR_PVDCmd), (12 bytes).
    Removing stm32f10x_pwr.o(i.PWR_PVDLevelConfig), (20 bytes).
    Removing stm32f10x_pwr.o(i.PWR_WakeUpPinCmd), (12 bytes).
    Removing stm32f10x_rtc.o(i.RTC_ClearFlag), (16 bytes).
    Removing stm32f10x_rtc.o(i.RTC_ClearITPendingBit), (16 bytes).
    Removing stm32f10x_rtc.o(i.RTC_EnterConfigMode), (16 bytes).
    Removing stm32f10x_rtc.o(i.RTC_ExitConfigMode), (16 bytes).
    Removing stm32f10x_rtc.o(i.RTC_GetCounter), (20 bytes).
    Removing stm32f10x_rtc.o(i.RTC_GetDivider), (24 bytes).
    Removing stm32f10x_rtc.o(i.RTC_GetFlagStatus), (20 bytes).
    Removing stm32f10x_rtc.o(i.RTC_GetITStatus), (32 bytes).
    Removing stm32f10x_rtc.o(i.RTC_ITConfig), (24 bytes).
    Removing stm32f10x_rtc.o(i.RTC_SetAlarm), (32 bytes).
    Removing stm32f10x_rtc.o(i.RTC_SetCounter), (32 bytes).
    Removing stm32f10x_rtc.o(i.RTC_SetPrescaler), (32 bytes).
    Removing stm32f10x_rtc.o(i.RTC_WaitForLastTask), (16 bytes).
    Removing stm32f10x_rtc.o(i.RTC_WaitForSynchro), (24 bytes).
    Removing stm32f10x_tim.o(i.TIM_BDTRConfig), (34 bytes).
    Removing stm32f10x_tim.o(i.TIM_BDTRStructInit), (18 bytes).
    Removing stm32f10x_tim.o(i.TIM_CCPreloadControl), (20 bytes).
    Removing stm32f10x_tim.o(i.TIM_CCxCmd), (22 bytes).
    Removing stm32f10x_tim.o(i.TIM_CCxNCmd), (22 bytes).
    Removing stm32f10x_tim.o(i.TIM_ClearFlag), (6 bytes).
    Removing stm32f10x_tim.o(i.TIM_ClearOC1Ref), (12 bytes).
    Removing stm32f10x_tim.o(i.TIM_ClearOC2Ref), (14 bytes).
    Removing stm32f10x_tim.o(i.TIM_ClearOC3Ref), (12 bytes).
    Removing stm32f10x_tim.o(i.TIM_ClearOC4Ref), (14 bytes).
    Removing stm32f10x_tim.o(i.TIM_CounterModeConfig), (12 bytes).
    Removing stm32f10x_tim.o(i.TIM_CtrlPWMOutputs), (22 bytes).
    Removing stm32f10x_tim.o(i.TIM_DMACmd), (16 bytes).
    Removing stm32f10x_tim.o(i.TIM_DMAConfig), (8 bytes).
    Removing stm32f10x_tim.o(i.TIM_ETRClockMode1Config), (18 bytes).
    Removing stm32f10x_tim.o(i.TIM_ETRClockMode2Config), (18 bytes).
    Removing stm32f10x_tim.o(i.TIM_ETRConfig), (18 bytes).
    Removing stm32f10x_tim.o(i.TIM_EncoderInterfaceConfig), (44 bytes).
    Removing stm32f10x_tim.o(i.TIM_ForcedOC1Config), (12 bytes).
    Removing stm32f10x_tim.o(i.TIM_ForcedOC2Config), (14 bytes).
    Removing stm32f10x_tim.o(i.TIM_ForcedOC3Config), (12 bytes).
    Removing stm32f10x_tim.o(i.TIM_ForcedOC4Config), (14 bytes).
    Removing stm32f10x_tim.o(i.TIM_GenerateEvent), (4 bytes).
    Removing stm32f10x_tim.o(i.TIM_GetCapture3), (4 bytes).
    Removing stm32f10x_tim.o(i.TIM_GetCapture4), (6 bytes).
    Removing stm32f10x_tim.o(i.TIM_GetCounter), (4 bytes).
    Removing stm32f10x_tim.o(i.TIM_GetFlagStatus), (14 bytes).
    Removing stm32f10x_tim.o(i.TIM_GetPrescaler), (4 bytes).
    Removing stm32f10x_tim.o(i.TIM_ICStructInit), (16 bytes).
    Removing stm32f10x_tim.o(i.TIM_ITRxExternalClockConfig), (18 bytes).
    Removing stm32f10x_tim.o(i.TIM_InternalClockConfig), (10 bytes).
    Removing stm32f10x_tim.o(i.TIM_OC1FastConfig), (12 bytes).
    Removing stm32f10x_tim.o(i.TIM_OC1NPolarityConfig), (12 bytes).
    Removing stm32f10x_tim.o(i.TIM_OC1PolarityConfig), (12 bytes).
    Removing stm32f10x_tim.o(i.TIM_OC2FastConfig), (14 bytes).
    Removing stm32f10x_tim.o(i.TIM_OC2Init), (124 bytes).
    Removing stm32f10x_tim.o(i.TIM_OC2NPolarityConfig), (14 bytes).
    Removing stm32f10x_tim.o(i.TIM_OC2PolarityConfig), (14 bytes).
    Removing stm32f10x_tim.o(i.TIM_OC2PreloadConfig), (14 bytes).
    Removing stm32f10x_tim.o(i.TIM_OC3FastConfig), (12 bytes).
    Removing stm32f10x_tim.o(i.TIM_OC3Init), (120 bytes).
    Removing stm32f10x_tim.o(i.TIM_OC3NPolarityConfig), (14 bytes).
    Removing stm32f10x_tim.o(i.TIM_OC3PolarityConfig), (14 bytes).
    Removing stm32f10x_tim.o(i.TIM_OC3PreloadConfig), (12 bytes).
    Removing stm32f10x_tim.o(i.TIM_OC4FastConfig), (14 bytes).
    Removing stm32f10x_tim.o(i.TIM_OC4Init), (96 bytes).
    Removing stm32f10x_tim.o(i.TIM_OC4PolarityConfig), (14 bytes).
    Removing stm32f10x_tim.o(i.TIM_OC4PreloadConfig), (14 bytes).
    Removing stm32f10x_tim.o(i.TIM_OCStructInit), (20 bytes).
    Removing stm32f10x_tim.o(i.TIM_PWMIConfig), (108 bytes).
    Removing stm32f10x_tim.o(i.TIM_PrescalerConfig), (6 bytes).
    Removing stm32f10x_tim.o(i.TIM_SelectCCDMA), (20 bytes).
    Removing stm32f10x_tim.o(i.TIM_SelectCOM), (20 bytes).
    Removing stm32f10x_tim.o(i.TIM_SelectHallSensor), (20 bytes).
    Removing stm32f10x_tim.o(i.TIM_SelectInputTrigger), (12 bytes).
    Removing stm32f10x_tim.o(i.TIM_SelectMasterSlaveMode), (16 bytes).
    Removing stm32f10x_tim.o(i.TIM_SelectOCxM), (66 bytes).
    Removing stm32f10x_tim.o(i.TIM_SelectOnePulseMode), (16 bytes).
    Removing stm32f10x_tim.o(i.TIM_SelectOutputTrigger), (16 bytes).
    Removing stm32f10x_tim.o(i.TIM_SelectSlaveMode), (16 bytes).
    Removing stm32f10x_tim.o(i.TIM_SetAutoreload), (4 bytes).
    Removing stm32f10x_tim.o(i.TIM_SetClockDivision), (16 bytes).
    Removing stm32f10x_tim.o(i.TIM_SetCompare2), (4 bytes).
    Removing stm32f10x_tim.o(i.TIM_SetCompare3), (4 bytes).
    Removing stm32f10x_tim.o(i.TIM_SetCompare4), (6 bytes).
    Removing stm32f10x_tim.o(i.TIM_SetCounter), (4 bytes).
    Removing stm32f10x_tim.o(i.TIM_TIxExternalClockConfig), (44 bytes).
    Removing stm32f10x_tim.o(i.TIM_TimeBaseStructInit), (18 bytes).
    Removing stm32f10x_tim.o(i.TIM_UpdateDisableConfig), (20 bytes).
    Removing stm32f10x_tim.o(i.TIM_UpdateRequestConfig), (20 bytes).
    Removing stm32f10x_wwdg.o(i.WWDG_ClearFlag), (12 bytes).
    Removing stm32f10x_wwdg.o(i.WWDG_DeInit), (24 bytes).
    Removing stm32f10x_wwdg.o(i.WWDG_Enable), (16 bytes).
    Removing stm32f10x_wwdg.o(i.WWDG_EnableIT), (12 bytes).
    Removing stm32f10x_wwdg.o(i.WWDG_GetFlagStatus), (12 bytes).
    Removing stm32f10x_wwdg.o(i.WWDG_SetCounter), (16 bytes).
    Removing stm32f10x_wwdg.o(i.WWDG_SetPrescaler), (20 bytes).
    Removing stm32f10x_wwdg.o(i.WWDG_SetWindowValue), (24 bytes).
    Removing core_cm3.o(.emb_text), (32 bytes).
    Removing system_stm32f10x.o(i.SystemCoreClockUpdate), (104 bytes).
    Removing system_stm32f10x.o(.data), (20 bytes).
    Removing stm32_eval.o(i.SD_LowLevel_DeInit), (136 bytes).
    Removing stm32_eval.o(i.SD_LowLevel_Init), (228 bytes).
    Removing stm32_eval.o(i.STM_EVAL_LEDOff), (24 bytes).
    Removing stm32_eval.o(i.STM_EVAL_LEDToggle), (28 bytes).
    Removing stm32_eval.o(i.STM_EVAL_PBGetState), (24 bytes).
    Removing stm32_eval.o(i.STM_EVAL_PBInit), (164 bytes).
    Removing stm32_eval.o(i.sEE_LowLevel_DMAConfig), (44 bytes).
    Removing stm32_eval.o(i.sEE_LowLevel_DeInit), (160 bytes).
    Removing stm32_eval.o(i.sEE_LowLevel_Init), (224 bytes).
    Removing stm32_eval.o(.bss), (44 bytes).
    Removing stm32_eval_spi_sd.o(i.SD_DeInit), (4 bytes).
    Removing stm32_eval_spi_sd.o(i.SD_Detect), (24 bytes).
    Removing stm32_eval_spi_sd.o(i.SD_GetCIDRegister), (260 bytes).
    Removing stm32_eval_spi_sd.o(i.SD_GetCSDRegister), (424 bytes).
    Removing stm32_eval_spi_sd.o(i.SD_GetCardInfo), (44 bytes).
    Removing stm32_eval_spi_sd.o(i.SD_GetDataResponse), (50 bytes).
    Removing stm32_eval_spi_sd.o(i.SD_GetResponse), (36 bytes).
    Removing stm32_eval_spi_sd.o(i.SD_GetStatus), (60 bytes).
    Removing stm32_eval_spi_sd.o(i.SD_GoIdleState), (100 bytes).
    Removing stm32_eval_spi_sd.o(i.SD_Init), (40 bytes).
    Removing stm32_eval_spi_sd.o(i.SD_ReadBlock), (104 bytes).
    Removing stm32_eval_spi_sd.o(i.SD_ReadByte), (52 bytes).
    Removing stm32_eval_spi_sd.o(i.SD_ReadMultiBlocks), (132 bytes).
    Removing stm32_eval_spi_sd.o(i.SD_SendCmd), (54 bytes).
    Removing stm32_eval_spi_sd.o(i.SD_WriteBlock), (116 bytes).
    Removing stm32_eval_spi_sd.o(i.SD_WriteByte), (52 bytes).
    Removing stm32_eval_spi_sd.o(i.SD_WriteMultiBlocks), (140 bytes).
    Removing stm3210c_eval_lcd.o(i.LCD_ClearLine), (48 bytes).
    Removing stm3210c_eval_lcd.o(i.LCD_ClosedPolyLine), (34 bytes).
    Removing stm3210c_eval_lcd.o(i.LCD_ClosedPolyLineRelative), (6 bytes).
    Removing stm3210c_eval_lcd.o(i.LCD_DeInit), (120 bytes).
    Removing stm3210c_eval_lcd.o(i.LCD_DisplayOff), (8 bytes).
    Removing stm3210c_eval_lcd.o(i.LCD_DisplayOn), (10 bytes).
    Removing stm3210c_eval_lcd.o(i.LCD_DrawCircle), (236 bytes).
    Removing stm3210c_eval_lcd.o(i.LCD_DrawFullCircle), (176 bytes).
    Removing stm3210c_eval_lcd.o(i.LCD_DrawFullRect), (136 bytes).
    Removing stm3210c_eval_lcd.o(i.LCD_DrawLine), (96 bytes).
    Removing stm3210c_eval_lcd.o(i.LCD_DrawMonoPict), (92 bytes).
    Removing stm3210c_eval_lcd.o(i.LCD_DrawRect), (66 bytes).
    Removing stm3210c_eval_lcd.o(i.LCD_DrawUniLine), (184 bytes).
    Removing stm3210c_eval_lcd.o(i.LCD_FillPolyLine), (424 bytes).
    Removing stm3210c_eval_lcd.o(i.LCD_GetColors), (16 bytes).
    Removing stm3210c_eval_lcd.o(i.LCD_PolyLine), (40 bytes).
    Removing stm3210c_eval_lcd.o(i.LCD_PolyLineRelative), (6 bytes).
    Removing stm3210c_eval_lcd.o(i.LCD_PolyLineRelativeClosed), (98 bytes).
    Removing stm3210c_eval_lcd.o(i.LCD_PowerOn), (120 bytes).
    Removing stm3210c_eval_lcd.o(i.LCD_ReadReg), (192 bytes).
    Removing stm3210c_eval_lcd.o(i.LCD_SetColors), (12 bytes).
    Removing stm3210c_eval_lcd.o(i.LCD_SetDisplayWindow), (76 bytes).
    Removing stm3210c_eval_lcd.o(i.LCD_SetFont), (12 bytes).
    Removing stm3210c_eval_lcd.o(i.LCD_WindowModeDisable), (30 bytes).
    Removing stm3210c_eval_lcd.o(i.LCD_WriteRAMWord), (32 bytes).
    Removing stm3210c_eval_lcd.o(i.PutPixel), (28 bytes).
    Removing stm3210c_eval_lcd.o(.constdata), (2304 bytes).
    Removing stm3210c_eval_lcd.o(.constdata), (2304 bytes).
    Removing stm3210c_eval_lcd.o(.constdata), (1536 bytes).
    Removing stm3210c_eval_lcd.o(.data), (8 bytes).
    Removing stm3210c_eval_lcd.o(.data), (8 bytes).
    Removing stm3210c_eval_lcd.o(.data), (8 bytes).
    Removing stm3210c_eval_ioe.o(i.I2C_ReadDataBuffer), (368 bytes).
    Removing stm3210c_eval_ioe.o(i.I2C_ReadDeviceRegister), (348 bytes).
    Removing stm3210c_eval_ioe.o(i.I2C_WriteDeviceRegister), (288 bytes).
    Removing stm3210c_eval_ioe.o(i.IOE_ClearGITPending), (14 bytes).
    Removing stm3210c_eval_ioe.o(i.IOE_ClearIOITPending), (46 bytes).
    Removing stm3210c_eval_ioe.o(i.IOE_Config), (264 bytes).
    Removing stm3210c_eval_ioe.o(i.IOE_DMA_Config), (100 bytes).
    Removing stm3210c_eval_ioe.o(i.IOE_FnctCmd), (36 bytes).
    Removing stm3210c_eval_ioe.o(i.IOE_GITCmd), (32 bytes).
    Removing stm3210c_eval_ioe.o(i.IOE_GITConfig), (36 bytes).
    Removing stm3210c_eval_ioe.o(i.IOE_GPIO_Config), (116 bytes).
    Removing stm3210c_eval_ioe.o(i.IOE_GetGITStatus), (18 bytes).
    Removing stm3210c_eval_ioe.o(i.IOE_GetIOITStatus), (18 bytes).
    Removing stm3210c_eval_ioe.o(i.IOE_IOAFConfig), (36 bytes).
    Removing stm3210c_eval_ioe.o(i.IOE_IOEdgeConfig), (74 bytes).
    Removing stm3210c_eval_ioe.o(i.IOE_IOITConfig), (36 bytes).
    Removing stm3210c_eval_ioe.o(i.IOE_IOPinConfig), (36 bytes).
    Removing stm3210c_eval_ioe.o(i.IOE_ITConfig), (260 bytes).
    Removing stm3210c_eval_ioe.o(i.IOE_ITOutConfig), (60 bytes).
    Removing stm3210c_eval_ioe.o(i.IOE_IsOperational), (36 bytes).
    Removing stm3210c_eval_ioe.o(i.IOE_JoyStickGetState), (62 bytes).
    Removing stm3210c_eval_ioe.o(i.IOE_ReadID), (24 bytes).
    Removing stm3210c_eval_ioe.o(i.IOE_ReadIOPin), (42 bytes).
    Removing stm3210c_eval_ioe.o(i.IOE_Reset), (32 bytes).
    Removing stm3210c_eval_ioe.o(i.IOE_TS_Config), (188 bytes).
    Removing stm3210c_eval_ioe.o(i.IOE_TS_GetState), (188 bytes).
    Removing stm3210c_eval_ioe.o(i.IOE_TempSens_Config), (46 bytes).
    Removing stm3210c_eval_ioe.o(i.IOE_TempSens_GetData), (80 bytes).
    Removing stm3210c_eval_ioe.o(i.IOE_WriteIOPin), (42 bytes).
    Removing stm3210c_eval_ioe.o(i.delay), (20 bytes).
    Removing stm3210c_eval_ioe.o(.data), (24 bytes).
    Removing startup_stm32f10x_cl.o(HEAP), (512 bytes).
    Removing heap_2.o(i.vPortInitialiseBlocks), (2 bytes).
    Removing heap_2.o(i.xPortGetFreeHeapSize), (12 bytes).
    Removing port.o(i.vPortEndScheduler), (2 bytes).
    Removing queue.o(i.prvCopyDataFromQueue), (42 bytes).
    Removing queue.o(i.prvCopyDataToQueue), (90 bytes).
    Removing queue.o(i.prvUnlockQueue), (100 bytes).
    Removing queue.o(i.uxQueueMessagesWaiting), (18 bytes).
    Removing queue.o(i.uxQueueMessagesWaitingFromISR), (4 bytes).
    Removing queue.o(i.vQueueDelete), (20 bytes).
    Removing queue.o(i.xQueueCreateMutex), (68 bytes).
    Removing queue.o(i.xQueueGenericCreate), (100 bytes).
    Removing queue.o(i.xQueueGenericReceive), (264 bytes).
    Removing queue.o(i.xQueueGenericSend), (210 bytes).
    Removing queue.o(i.xQueueGenericSendFromISR), (84 bytes).
    Removing queue.o(i.xQueueIsQueueEmptyFromISR), (12 bytes).
    Removing queue.o(i.xQueueIsQueueFullFromISR), (16 bytes).
    Removing queue.o(i.xQueueReceiveFromISR), (78 bytes).
    Removing tasks.o(i.uxTaskGetNumberOfTasks), (12 bytes).
    Removing tasks.o(i.uxTaskPriorityGet), (28 bytes).
    Removing tasks.o(i.vTaskDelete), (100 bytes).
    Removing tasks.o(i.vTaskEndScheduler), (24 bytes).
    Removing tasks.o(i.vTaskMissedYield), (12 bytes).
    Removing tasks.o(i.vTaskPlaceOnEventList), (60 bytes).
    Removing tasks.o(i.vTaskPriorityDisinherit), (72 bytes).
    Removing tasks.o(i.vTaskPriorityInherit), (100 bytes).
    Removing tasks.o(i.vTaskPrioritySet), (156 bytes).
    Removing tasks.o(i.vTaskResume), (92 bytes).
    Removing tasks.o(i.vTaskSetTimeOutState), (16 bytes).
    Removing tasks.o(i.vTaskSuspend), (108 bytes).
    Removing tasks.o(i.xTaskCheckForTimeOut), (76 bytes).
    Removing tasks.o(i.xTaskGetCurrentTaskHandle), (12 bytes).
    Removing tasks.o(i.xTaskGetTickCountFromISR), (24 bytes).
    Removing tasks.o(i.xTaskIsTaskSuspended), (32 bytes).
    Removing tasks.o(i.xTaskRemoveFromEventList), (88 bytes).
    Removing tasks.o(i.xTaskResumeFromISR), (100 bytes).
    Removing dflti.o(.text), (34 bytes).
    Removing dfltui.o(.text), (26 bytes).
    Removing cdcmple.o(.text), (40 bytes).
    Removing cdrcmple.o(.text), (40 bytes).
    Removing depilogue.o(.text), (190 bytes).
    Removing dadd.o(.text), (332 bytes).
    Removing dmul.o(.text), (224 bytes).
    Removing ddiv.o(.text), (222 bytes).
    Removing dfixul.o(.text), (48 bytes).

584 unused section(s) (total 30596 bytes) removed from the image.

==============================================================================

Image Symbol Table

    Local Symbols

    Symbol Name                              Value     Ov Type        Size  Object(Section)

    ../../microlib/division.c                0x00000000   Number         0  uidiv.o ABSOLUTE
    ../../microlib/division.c                0x00000000   Number         0  uldiv.o ABSOLUTE
    ../../microlib/fpadd.c                   0x00000000   Number         0  dadd.o ABSOLUTE
    ../../microlib/fpdiv.c                   0x00000000   Number         0  ddiv.o ABSOLUTE
    ../../microlib/fpepilogue.c              0x00000000   Number         0  depilogue.o ABSOLUTE
    ../../microlib/fpfix.c                   0x00000000   Number         0  dfixul.o ABSOLUTE
    ../../microlib/fpflt.c                   0x00000000   Number         0  dflti.o ABSOLUTE
    ../../microlib/fpflt.c                   0x00000000   Number         0  dfltui.o ABSOLUTE
    ../../microlib/fpmul.c                   0x00000000   Number         0  dmul.o ABSOLUTE
    ../../microlib/init/entry.s              0x00000000   Number         0  entry.o ABSOLUTE
    ../../microlib/init/entry.s              0x00000000   Number         0  entry2.o ABSOLUTE
    ../../microlib/init/entry.s              0x00000000   Number         0  entry5.o ABSOLUTE
    ../../microlib/init/entry.s              0x00000000   Number         0  entry7a.o ABSOLUTE
    ../../microlib/init/entry.s              0x00000000   Number         0  entry7b.o ABSOLUTE
    ../../microlib/init/entry.s              0x00000000   Number         0  entry8.o ABSOLUTE
    ../../microlib/longlong.c                0x00000000   Number         0  llsshr.o ABSOLUTE
    ../../microlib/longlong.c                0x00000000   Number         0  llushr.o ABSOLUTE
    ../../microlib/longlong.c                0x00000000   Number         0  llshl.o ABSOLUTE
    ../../microlib/printf/printf.c           0x00000000   Number         0  printfa.o ABSOLUTE
    ../../microlib/printf/printf.c           0x00000000   Number         0  printf2.o ABSOLUTE
    ../../microlib/printf/printf.c           0x00000000   Number         0  printf8.o ABSOLUTE
    ../../microlib/printf/printf.c           0x00000000   Number         0  printf7.o ABSOLUTE
    ../../microlib/printf/printf.c           0x00000000   Number         0  printfb.o ABSOLUTE
    ../../microlib/printf/printf.c           0x00000000   Number         0  printf0.o ABSOLUTE
    ../../microlib/printf/printf.c           0x00000000   Number         0  printf1.o ABSOLUTE
    ../../microlib/printf/printf.c           0x00000000   Number         0  printf3.o ABSOLUTE
    ../../microlib/printf/printf.c           0x00000000   Number         0  printf4.o ABSOLUTE
    ../../microlib/printf/printf.c           0x00000000   Number         0  printf5.o ABSOLUTE
    ../../microlib/printf/printf.c           0x00000000   Number         0  printf6.o ABSOLUTE
    ../../microlib/printf/stubs.s            0x00000000   Number         0  stubs.o ABSOLUTE
    ../../microlib/stdio/streams.c           0x00000000   Number         0  stdout.o ABSOLUTE
    ../../microlib/string/memcpy.c           0x00000000   Number         0  memcpyb.o ABSOLUTE
    ../../microlib/string/memcpy.c           0x00000000   Number         0  memcpya.o ABSOLUTE
    ../../microlib/string/memset.c           0x00000000   Number         0  memseta.o ABSOLUTE
    ../../microlib/string/strncpy.c          0x00000000   Number         0  strncpy.o ABSOLUTE
    ../../microlib/stubs.s                   0x00000000   Number         0  iusefp.o ABSOLUTE
    ..\..\..\Libraries\CMSIS\CM3\CoreSupport\core_cm3.c 0x00000000   Number         0  core_cm3.o ABSOLUTE
    ..\..\..\Libraries\CMSIS\CM3\DeviceSupport\ST\STM32F10x\startup\arm\startup_stm32f10x_cl.s 0x00000000   Number         0  startup_stm32f10x_cl.o ABSOLUTE
    ..\..\..\Libraries\STM32F10x_StdPeriph_Driver\src\misc.c 0x00000000   Number         0  misc.o ABSOLUTE
    ..\..\..\Libraries\STM32F10x_StdPeriph_Driver\src\stm32f10x_adc.c 0x00000000   Number         0  stm32f10x_adc.o ABSOLUTE
    ..\..\..\Libraries\STM32F10x_StdPeriph_Driver\src\stm32f10x_bkp.c 0x00000000   Number         0  stm32f10x_bkp.o ABSOLUTE
    ..\..\..\Libraries\STM32F10x_StdPeriph_Driver\src\stm32f10x_can.c 0x00000000   Number         0  stm32f10x_can.o ABSOLUTE
    ..\..\..\Libraries\STM32F10x_StdPeriph_Driver\src\stm32f10x_cec.c 0x00000000   Number         0  stm32f10x_cec.o ABSOLUTE
    ..\..\..\Libraries\STM32F10x_StdPeriph_Driver\src\stm32f10x_crc.c 0x00000000   Number         0  stm32f10x_crc.o ABSOLUTE
    ..\..\..\Libraries\STM32F10x_StdPeriph_Driver\src\stm32f10x_dac.c 0x00000000   Number         0  stm32f10x_dac.o ABSOLUTE
    ..\..\..\Libraries\STM32F10x_StdPeriph_Driver\src\stm32f10x_dbgmcu.c 0x00000000   Number         0  stm32f10x_dbgmcu.o ABSOLUTE
    ..\..\..\Libraries\STM32F10x_StdPeriph_Driver\src\stm32f10x_dma.c 0x00000000   Number         0  stm32f10x_dma.o ABSOLUTE
    ..\..\..\Libraries\STM32F10x_StdPeriph_Driver\src\stm32f10x_exti.c 0x00000000   Number         0  stm32f10x_exti.o ABSOLUTE
    ..\..\..\Libraries\STM32F10x_StdPeriph_Driver\src\stm32f10x_flash.c 0x00000000   Number         0  stm32f10x_flash.o ABSOLUTE
    ..\..\..\Libraries\STM32F10x_StdPeriph_Driver\src\stm32f10x_fsmc.c 0x00000000   Number         0  stm32f10x_fsmc.o ABSOLUTE
    ..\..\..\Libraries\STM32F10x_StdPeriph_Driver\src\stm32f10x_gpio.c 0x00000000   Number         0  stm32f10x_gpio.o ABSOLUTE
    ..\..\..\Libraries\STM32F10x_StdPeriph_Driver\src\stm32f10x_i2c.c 0x00000000   Number         0  stm32f10x_i2c.o ABSOLUTE
    ..\..\..\Libraries\STM32F10x_StdPeriph_Driver\src\stm32f10x_iwdg.c 0x00000000   Number         0  stm32f10x_iwdg.o ABSOLUTE
    ..\..\..\Libraries\STM32F10x_StdPeriph_Driver\src\stm32f10x_pwr.c 0x00000000   Number         0  stm32f10x_pwr.o ABSOLUTE
    ..\..\..\Libraries\STM32F10x_StdPeriph_Driver\src\stm32f10x_rcc.c 0x00000000   Number         0  stm32f10x_rcc.o ABSOLUTE
    ..\..\..\Libraries\STM32F10x_StdPeriph_Driver\src\stm32f10x_rtc.c 0x00000000   Number         0  stm32f10x_rtc.o ABSOLUTE
    ..\..\..\Libraries\STM32F10x_StdPeriph_Driver\src\stm32f10x_sdio.c 0x00000000   Number         0  stm32f10x_sdio.o ABSOLUTE
    ..\..\..\Libraries\STM32F10x_StdPeriph_Driver\src\stm32f10x_spi.c 0x00000000   Number         0  stm32f10x_spi.o ABSOLUTE
    ..\..\..\Libraries\STM32F10x_StdPeriph_Driver\src\stm32f10x_tim.c 0x00000000   Number         0  stm32f10x_tim.o ABSOLUTE
    ..\..\..\Libraries\STM32F10x_StdPeriph_Driver\src\stm32f10x_usart.c 0x00000000   Number         0  stm32f10x_usart.o ABSOLUTE
    ..\..\..\Libraries\STM32F10x_StdPeriph_Driver\src\stm32f10x_wwdg.c 0x00000000   Number         0  stm32f10x_wwdg.o ABSOLUTE
    ..\..\..\Source\list.c                   0x00000000   Number         0  list.o ABSOLUTE
    ..\..\..\Source\portable\MemMang\heap_2.c 0x00000000   Number         0  heap_2.o ABSOLUTE
    ..\..\..\Source\portable\RVDS\ARM_CM3\port.c 0x00000000   Number         0  port.o ABSOLUTE
    ..\..\..\Source\queue.c                  0x00000000   Number         0  queue.o ABSOLUTE
    ..\..\..\Source\tasks.c                  0x00000000   Number         0  tasks.o ABSOLUTE
    ..\..\..\Utilities\STM32_EVAL\Common\stm32_eval_spi_sd.c 0x00000000   Number         0  stm32_eval_spi_sd.o ABSOLUTE
    ..\..\..\Utilities\STM32_EVAL\STM3210C_EVAL\stm3210c_eval_ioe.c 0x00000000   Number         0  stm3210c_eval_ioe.o ABSOLUTE
    ..\..\..\Utilities\STM32_EVAL\STM3210C_EVAL\stm3210c_eval_lcd.c 0x00000000   Number         0  stm3210c_eval_lcd.o ABSOLUTE
    ..\..\..\Utilities\STM32_EVAL\stm32_eval.c 0x00000000   Number         0  stm32_eval.o ABSOLUTE
    ..\PPM.c                                 0x00000000   Number         0  ppm.o ABSOLUTE
    ..\\..\\..\\Libraries\\CMSIS\\CM3\\CoreSupport\\core_cm3.c 0x00000000   Number         0  core_cm3.o ABSOLUTE
    ..\\..\\..\\Source\\portable\\RVDS\\ARM_CM3\\port.c 0x00000000   Number         0  port.o ABSOLUTE
    ..\main.c                                0x00000000   Number         0  main.o ABSOLUTE
    ..\stm32f10x_it.c                        0x00000000   Number         0  stm32f10x_it.o ABSOLUTE
    ..\system_stm32f10x.c                    0x00000000   Number         0  system_stm32f10x.o ABSOLUTE
    cdcmple.s                                0x00000000   Number         0  cdcmple.o ABSOLUTE
    cdrcmple.s                               0x00000000   Number         0  cdrcmple.o ABSOLUTE
    dc.s                                     0x00000000   Number         0  dc.o ABSOLUTE
    handlers.s                               0x00000000   Number         0  handlers.o ABSOLUTE
    init.s                                   0x00000000   Number         0  init.o ABSOLUTE
    RESET                                    0x08000000   Section      336  startup_stm32f10x_cl.o(RESET)
    .ARM.Collect$$$$00000000                 0x08000150   Section        0  entry.o(.ARM.Collect$$$$00000000)
    .ARM.Collect$$$$00000001                 0x08000150   Section        4  entry2.o(.ARM.Collect$$$$00000001)
    .ARM.Collect$$$$00000004                 0x08000154   Section        4  entry5.o(.ARM.Collect$$$$00000004)
    .ARM.Collect$$$$00000008                 0x08000158   Section        0  entry7b.o(.ARM.Collect$$$$00000008)
    .ARM.Collect$$$$00000009                 0x08000158   Section        8  entry8.o(.ARM.Collect$$$$00000009)
    .ARM.Collect$$$$00002712                 0x08000160   Section        4  entry2.o(.ARM.Collect$$$$00002712)
    __lit__00000000                          0x08000160   Data           4  entry2.o(.ARM.Collect$$$$00002712)
    .emb_text                                0x08000164   Section      140  port.o(.emb_text)
    .text                                    0x080001f0   Section       36  startup_stm32f10x_cl.o(.text)
    .text                                    0x08000214   Section        0  memseta.o(.text)
    .text                                    0x0800023a   Section        0  strncpy.o(.text)
    .text                                    0x08000254   Section       36  init.o(.text)
    i.ADC_Cmd                                0x08000278   Section        0  stm32f10x_adc.o(i.ADC_Cmd)
    i.ADC_GetCalibrationStatus               0x0800028c   Section        0  stm32f10x_adc.o(i.ADC_GetCalibrationStatus)
    i.ADC_GetConversionValue                 0x0800029a   Section        0  stm32f10x_adc.o(i.ADC_GetConversionValue)
    i.ADC_GetResetCalibrationStatus          0x080002a0   Section        0  stm32f10x_adc.o(i.ADC_GetResetCalibrationStatus)
    i.ADC_Init                               0x080002b0   Section        0  stm32f10x_adc.o(i.ADC_Init)
    i.ADC_RegularChannelConfig               0x080002f8   Section        0  stm32f10x_adc.o(i.ADC_RegularChannelConfig)
    i.ADC_ResetCalibration                   0x0800036c   Section        0  stm32f10x_adc.o(i.ADC_ResetCalibration)
    i.ADC_SoftwareStartConvCmd               0x08000376   Section        0  stm32f10x_adc.o(i.ADC_SoftwareStartConvCmd)
    i.ADC_StartCalibration                   0x0800038a   Section        0  stm32f10x_adc.o(i.ADC_StartCalibration)
    i.AddTask                                0x08000394   Section        0  main.o(i.AddTask)
    i.BusFault_Handler                       0x0800039c   Section        0  stm32f10x_it.o(i.BusFault_Handler)
    i.DataTask                               0x080003a0   Section        0  main.o(i.DataTask)
    i.DebugMon_Handler                       0x0800042c   Section        0  stm32f10x_it.o(i.DebugMon_Handler)
    i.GPIO_Configuration_ADC                 0x08000430   Section        0  main.o(i.GPIO_Configuration_ADC)
    i.GPIO_Configuration_PPM                 0x0800044c   Section        0  ppm.o(i.GPIO_Configuration_PPM)
    i.GPIO_Init                              0x08000488   Section        0  stm32f10x_gpio.o(i.GPIO_Init)
    i.GPIO_PinRemapConfig                    0x0800052c   Section        0  stm32f10x_gpio.o(i.GPIO_PinRemapConfig)
    i.GPIO_WriteBit                          0x08000584   Section        0  stm32f10x_gpio.o(i.GPIO_WriteBit)
    i.HardFault_Handler                      0x0800058e   Section        0  stm32f10x_it.o(i.HardFault_Handler)
    i.LCD_Clear                              0x08000590   Section        0  stm3210c_eval_lcd.o(i.LCD_Clear)
    i.LCD_CtrlLinesConfig                    0x080005c8   Section        0  stm3210c_eval_lcd.o(i.LCD_CtrlLinesConfig)
    i.LCD_CtrlLinesWrite                     0x080005f4   Section        0  stm3210c_eval_lcd.o(i.LCD_CtrlLinesWrite)
    i.LCD_DisplayChar                        0x080005f8   Section        0  stm3210c_eval_lcd.o(i.LCD_DisplayChar)
    i.LCD_DisplayStringLine                  0x08000618   Section        0  stm3210c_eval_lcd.o(i.LCD_DisplayStringLine)
    i.LCD_DrawChar                           0x08000654   Section        0  stm3210c_eval_lcd.o(i.LCD_DrawChar)
    i.LCD_GetFont                            0x080006e0   Section        0  stm3210c_eval_lcd.o(i.LCD_GetFont)
    i.LCD_SPIConfig                          0x080006ec   Section        0  stm3210c_eval_lcd.o(i.LCD_SPIConfig)
    i.LCD_SetBackColor                       0x08000798   Section        0  stm3210c_eval_lcd.o(i.LCD_SetBackColor)
    i.LCD_SetCursor                          0x080007a4   Section        0  stm3210c_eval_lcd.o(i.LCD_SetCursor)
    i.LCD_SetTextColor                       0x080007bc   Section        0  stm3210c_eval_lcd.o(i.LCD_SetTextColor)
    i.LCD_Setup                              0x080007c8   Section        0  stm3210c_eval_lcd.o(i.LCD_Setup)
    i.LCD_WriteRAM                           0x080009d0   Section        0  stm3210c_eval_lcd.o(i.LCD_WriteRAM)
    i.LCD_WriteRAM_Prepare                   0x08000a04   Section        0  stm3210c_eval_lcd.o(i.LCD_WriteRAM_Prepare)
    i.LCD_WriteReg                           0x08000a18   Section        0  stm3210c_eval_lcd.o(i.LCD_WriteReg)
    i.LCD_WriteRegIndex                      0x08000a68   Section        0  stm3210c_eval_lcd.o(i.LCD_WriteRegIndex)
    i.LCD_nCS_StartByte                      0x08000ab4   Section        0  stm3210c_eval_lcd.o(i.LCD_nCS_StartByte)
    i.MemManage_Handler                      0x08000ae4   Section        0  stm32f10x_it.o(i.MemManage_Handler)
    i.MyTask                                 0x08000ae6   Section        0  main.o(i.MyTask)
    i.NMI_Handler                            0x08000aee   Section        0  stm32f10x_it.o(i.NMI_Handler)
    i.NVIC_Configuration_PPM                 0x08000af0   Section        0  ppm.o(i.NVIC_Configuration_PPM)
    i.NVIC_Init                              0x08000b10   Section        0  misc.o(i.NVIC_Init)
    i.NVIC_PriorityGroupConfig               0x08000b74   Section        0  misc.o(i.NVIC_PriorityGroupConfig)
    i.PendSV_Handler                         0x08000b88   Section        0  stm32f10x_it.o(i.PendSV_Handler)
    i.RCC_ADCCLKConfig                       0x08000b8c   Section        0  stm32f10x_rcc.o(i.RCC_ADCCLKConfig)
    i.RCC_APB1PeriphClockCmd                 0x08000ba0   Section        0  stm32f10x_rcc.o(i.RCC_APB1PeriphClockCmd)
    i.RCC_APB1PeriphResetCmd                 0x08000bb8   Section        0  stm32f10x_rcc.o(i.RCC_APB1PeriphResetCmd)
    i.RCC_APB2PeriphClockCmd                 0x08000bd0   Section        0  stm32f10x_rcc.o(i.RCC_APB2PeriphClockCmd)
    i.RCC_APB2PeriphResetCmd                 0x08000be8   Section        0  stm32f10x_rcc.o(i.RCC_APB2PeriphResetCmd)
    i.RCC_Configuration_ADC                  0x08000c00   Section        0  main.o(i.RCC_Configuration_ADC)
    i.RCC_Configuration_PPM                  0x08000c18   Section        0  ppm.o(i.RCC_Configuration_PPM)
    i.RCC_GetClocksFreq                      0x08000c38   Section        0  stm32f10x_rcc.o(i.RCC_GetClocksFreq)
    i.SPI_Cmd                                0x08000cd4   Section        0  stm32f10x_spi.o(i.SPI_Cmd)
    i.SPI_I2S_DeInit                         0x08000ce8   Section        0  stm32f10x_spi.o(i.SPI_I2S_DeInit)
    i.SPI_I2S_GetFlagStatus                  0x08000d3c   Section        0  stm32f10x_spi.o(i.SPI_I2S_GetFlagStatus)
    i.SPI_I2S_SendData                       0x08000d4a   Section        0  stm32f10x_spi.o(i.SPI_I2S_SendData)
    i.SPI_Init                               0x08000d4e   Section        0  stm32f10x_spi.o(i.SPI_Init)
    i.STM3210C_LCD_Init                      0x08000d88   Section        0  stm3210c_eval_lcd.o(i.STM3210C_LCD_Init)
    i.STM_EVAL_COMInit                       0x08000d9c   Section        0  stm32_eval.o(i.STM_EVAL_COMInit)
    i.STM_EVAL_LEDInit                       0x08000e38   Section        0  stm32_eval.o(i.STM_EVAL_LEDInit)
    i.STM_EVAL_LEDOn                         0x08000e78   Section        0  stm32_eval.o(i.STM_EVAL_LEDOn)
    i.SVC_Handler                            0x08000e90   Section        0  stm32f10x_it.o(i.SVC_Handler)
    i.SetSysClockTo72                        0x08000e94   Section        0  system_stm32f10x.o(i.SetSysClockTo72)
    SetSysClockTo72                          0x08000e95   Thumb Code   138  system_stm32f10x.o(i.SetSysClockTo72)
    i.SysTick_Handler                        0x08000f28   Section        0  stm32f10x_it.o(i.SysTick_Handler)
    i.SystemInit                             0x08000f2c   Section        0  system_stm32f10x.o(i.SystemInit)
    i.TI1_Config                             0x08000f7c   Section        0  stm32f10x_tim.o(i.TI1_Config)
    TI1_Config                               0x08000f7d   Thumb Code    84  stm32f10x_tim.o(i.TI1_Config)
    i.TI2_Config                             0x08000fe4   Section        0  stm32f10x_tim.o(i.TI2_Config)
    TI2_Config                               0x08000fe5   Thumb Code    98  stm32f10x_tim.o(i.TI2_Config)
    i.TIM3_IRQHandler                        0x0800105c   Section        0  ppm.o(i.TIM3_IRQHandler)
    i.TIM_ARRPreloadConfig                   0x08001184   Section        0  stm32f10x_tim.o(i.TIM_ARRPreloadConfig)
    i.TIM_ClearITPendingBit                  0x08001198   Section        0  stm32f10x_tim.o(i.TIM_ClearITPendingBit)
    i.TIM_Cmd                                0x0800119e   Section        0  stm32f10x_tim.o(i.TIM_Cmd)
    i.TIM_Configuration_PPM                  0x080011b4   Section        0  ppm.o(i.TIM_Configuration_PPM)
    i.TIM_DeInit                             0x08001238   Section        0  stm32f10x_tim.o(i.TIM_DeInit)
    i.TIM_GetCapture1                        0x080013a8   Section        0  stm32f10x_tim.o(i.TIM_GetCapture1)
    i.TIM_GetCapture2                        0x080013ac   Section        0  stm32f10x_tim.o(i.TIM_GetCapture2)
    i.TIM_GetITStatus                        0x080013b0   Section        0  stm32f10x_tim.o(i.TIM_GetITStatus)
    i.TIM_ICInit                             0x080013c8   Section        0  stm32f10x_tim.o(i.TIM_ICInit)
    i.TIM_ITConfig                           0x080014ec   Section        0  stm32f10x_tim.o(i.TIM_ITConfig)
    i.TIM_OC1Init                            0x080014fc   Section        0  stm32f10x_tim.o(i.TIM_OC1Init)
    i.TIM_OC1PreloadConfig                   0x0800157c   Section        0  stm32f10x_tim.o(i.TIM_OC1PreloadConfig)
    i.TIM_SetCompare1                        0x08001588   Section        0  stm32f10x_tim.o(i.TIM_SetCompare1)
    i.TIM_SetIC1Prescaler                    0x0800158c   Section        0  stm32f10x_tim.o(i.TIM_SetIC1Prescaler)
    i.TIM_SetIC2Prescaler                    0x0800159c   Section        0  stm32f10x_tim.o(i.TIM_SetIC2Prescaler)
    i.TIM_SetIC3Prescaler                    0x080015ae   Section        0  stm32f10x_tim.o(i.TIM_SetIC3Prescaler)
    i.TIM_SetIC4Prescaler                    0x080015be   Section        0  stm32f10x_tim.o(i.TIM_SetIC4Prescaler)
    i.TIM_TimeBaseInit                       0x080015d0   Section        0  stm32f10x_tim.o(i.TIM_TimeBaseInit)
    i.USART_Cmd                              0x0800166c   Section        0  stm32f10x_usart.o(i.USART_Cmd)
    i.USART_GetFlagStatus                    0x08001680   Section        0  stm32f10x_usart.o(i.USART_GetFlagStatus)
    i.USART_Init                             0x08001690   Section        0  stm32f10x_usart.o(i.USART_Init)
    i.USART_SendData                         0x08001744   Section        0  stm32f10x_usart.o(i.USART_SendData)
    i.UsageFault_Handler                     0x0800174c   Section        0  stm32f10x_it.o(i.UsageFault_Handler)
    i.__0printf$2                            0x08001750   Section        0  printf2.o(i.__0printf$2)
    i.__scatterload_copy                     0x08001770   Section       14  handlers.o(i.__scatterload_copy)
    i.__scatterload_null                     0x0800177e   Section        2  handlers.o(i.__scatterload_null)
    i.__scatterload_zeroinit                 0x08001780   Section       14  handlers.o(i.__scatterload_zeroinit)
    i._printf_core                           0x0800178e   Section        0  printf2.o(i._printf_core)
    _printf_core                             0x0800178f   Thumb Code   208  printf2.o(i._printf_core)
    i.delay                                  0x08001860   Section        0  stm3210c_eval_lcd.o(i.delay)
    delay                                    0x08001861   Thumb Code    14  stm3210c_eval_lcd.o(i.delay)
    i.fputc                                  0x08001874   Section        0  main.o(i.fputc)
    i.initPPM                                0x08001898   Section        0  ppm.o(i.initPPM)
    i.main                                   0x080018b0   Section        0  main.o(i.main)
    i.prvAddCurrentTaskToDelayedList         0x08001a38   Section        0  tasks.o(i.prvAddCurrentTaskToDelayedList)
    prvAddCurrentTaskToDelayedList           0x08001a39   Thumb Code    48  tasks.o(i.prvAddCurrentTaskToDelayedList)
    i.prvCheckTasksWaitingTermination        0x08001a6c   Section        0  tasks.o(i.prvCheckTasksWaitingTermination)
    prvCheckTasksWaitingTermination          0x08001a6d   Thumb Code    80  tasks.o(i.prvCheckTasksWaitingTermination)
    i.prvIdleTask                            0x08001ac4   Section        0  tasks.o(i.prvIdleTask)
    prvIdleTask                              0x08001ac5   Thumb Code    20  tasks.o(i.prvIdleTask)
    i.pvPortMalloc                           0x08001adc   Section        0  heap_2.o(i.pvPortMalloc)
    i.pxPortInitialiseStack                  0x08001b8c   Section        0  port.o(i.pxPortInitialiseStack)
    i.vListInitialise                        0x08001ba8   Section        0  list.o(i.vListInitialise)
    i.vListInitialiseItem                    0x08001bbe   Section        0  list.o(i.vListInitialiseItem)
    i.vListInsert                            0x08001bc4   Section        0  list.o(i.vListInsert)
    i.vListInsertEnd                         0x08001bf4   Section        0  list.o(i.vListInsertEnd)
    i.vListRemove                            0x08001c10   Section        0  list.o(i.vListRemove)
    i.vPortEnterCritical                     0x08001c34   Section        0  port.o(i.vPortEnterCritical)
    i.vPortExitCritical                      0x08001c48   Section        0  port.o(i.vPortExitCritical)
    i.vPortFree                              0x08001c5c   Section        0  heap_2.o(i.vPortFree)
    i.vPortYieldFromISR                      0x08001c98   Section        0  port.o(i.vPortYieldFromISR)
    i.vTaskDelay                             0x08001ca8   Section        0  tasks.o(i.vTaskDelay)
    i.vTaskDelayUntil                        0x08001cdc   Section        0  tasks.o(i.vTaskDelayUntil)
    i.vTaskIncrementTick                     0x08001d2c   Section        0  tasks.o(i.vTaskIncrementTick)
    i.vTaskStartScheduler                    0x08001dcc   Section        0  tasks.o(i.vTaskStartScheduler)
    i.vTaskSuspendAll                        0x08001e10   Section        0  tasks.o(i.vTaskSuspendAll)
    i.vTaskSwitchContext                     0x08001e20   Section        0  tasks.o(i.vTaskSwitchContext)
    i.xPortStartScheduler                    0x08001e6c   Section        0  port.o(i.xPortStartScheduler)
    i.xPortSysTickHandler                    0x08001ea8   Section        0  port.o(i.xPortSysTickHandler)
    i.xTaskGenericCreate                     0x08001ec8   Section        0  tasks.o(i.xTaskGenericCreate)
    i.xTaskGetTickCount                      0x08002030   Section        0  tasks.o(i.xTaskGetTickCount)
    i.xTaskResumeAll                         0x08002048   Section        0  tasks.o(i.xTaskResumeAll)
    .constdata                               0x080020f0   Section       84  stm32_eval.o(.constdata)
    .constdata                               0x08002144   Section     4560  stm3210c_eval_lcd.o(.constdata)
    .data                                    0x20000000   Section        2  main.o(.data)
    .data                                    0x20000002   Section       38  ppm.o(.data)
    index_in                                 0x20000002   Data           1  ppm.o(.data)
    index_out                                0x20000003   Data           1  ppm.o(.data)
    pulse                                    0x20000004   Data           1  ppm.o(.data)
    oldCapture                               0x20000006   Data           2  ppm.o(.data)
    capture                                  0x20000008   Data           2  ppm.o(.data)
    compare                                  0x2000000a   Data           2  ppm.o(.data)
    signal                                   0x2000000c   Data           2  ppm.o(.data)
    elapsedTime                              0x2000000e   Data           2  ppm.o(.data)
    .data                                    0x20000028   Section       20  stm32f10x_rcc.o(.data)
    ADCPrescTable                            0x20000028   Data           4  stm32f10x_rcc.o(.data)
    APBAHBPrescTable                         0x2000002c   Data          16  stm32f10x_rcc.o(.data)
    .data                                    0x2000003c   Section       40  stm32_eval.o(.data)
    .data                                    0x20000064   Section       16  stm3210c_eval_lcd.o(.data)
    TextColor                                0x20000064   Data           2  stm3210c_eval_lcd.o(.data)
    BackColor                                0x20000066   Data           2  stm3210c_eval_lcd.o(.data)
    LCD_Currentfonts                         0x20000068   Data           4  stm3210c_eval_lcd.o(.data)
    .data                                    0x20000074   Section       24  heap_2.o(.data)
    xFreeBytesRemaining                      0x20000074   Data           4  heap_2.o(.data)
    xHeapHasBeenInitialised                  0x20000078   Data           4  heap_2.o(.data)
    xStart                                   0x2000007c   Data           8  heap_2.o(.data)
    xEnd                                     0x20000084   Data           8  heap_2.o(.data)
    .data                                    0x2000008c   Section        4  port.o(.data)
    uxCriticalNesting                        0x2000008c   Data           4  port.o(.data)
    .data                                    0x20000090   Section       60  tasks.o(.data)
    uxTasksDeleted                           0x20000094   Data           4  tasks.o(.data)
    uxCurrentNumberOfTasks                   0x20000098   Data           4  tasks.o(.data)
    xTickCount                               0x2000009c   Data           4  tasks.o(.data)
    uxTopUsedPriority                        0x200000a0   Data           4  tasks.o(.data)
    uxTopReadyPriority                       0x200000a4   Data           4  tasks.o(.data)
    xSchedulerRunning                        0x200000a8   Data           4  tasks.o(.data)
    uxSchedulerSuspended                     0x200000ac   Data           4  tasks.o(.data)
    uxMissedTicks                            0x200000b0   Data           4  tasks.o(.data)
    xMissedYield                             0x200000b4   Data           4  tasks.o(.data)
    xNumOfOverflows                          0x200000b8   Data           4  tasks.o(.data)
    uxTCBNumber                              0x200000bc   Data           4  tasks.o(.data)
    xNextTaskUnblockTime                     0x200000c0   Data           4  tasks.o(.data)
    pxDelayedTaskList                        0x200000c4   Data           4  tasks.o(.data)
    pxOverflowDelayedTaskList                0x200000c8   Data           4  tasks.o(.data)
    .data                                    0x200000cc   Section        4  stdout.o(.data)
    .bss                                     0x200000d0   Section       16  main.o(.bss)
    .bss                                     0x200000e0   Section       60  ppm.o(.bss)
    .bss                                     0x20000120   Section    17408  heap_2.o(.bss)
    xHeap                                    0x20000120   Data       17408  heap_2.o(.bss)
    .bss                                     0x20004520   Section      260  tasks.o(.bss)
    pxReadyTasksLists                        0x20004520   Data         160  tasks.o(.bss)
    xDelayedTaskList1                        0x200045c0   Data          20  tasks.o(.bss)
    xDelayedTaskList2                        0x200045d4   Data          20  tasks.o(.bss)
    xPendingReadyList                        0x200045e8   Data          20  tasks.o(.bss)
    xTasksWaitingTermination                 0x200045fc   Data          20  tasks.o(.bss)
    xSuspendedTaskList                       0x20004610   Data          20  tasks.o(.bss)
    STACK                                    0x20004628   Section     1024  startup_stm32f10x_cl.o(STACK)

    Global Symbols

    Symbol Name                              Value     Ov Type        Size  Object(Section)

    BuildAttributes$$THM_ISAv4$P$D$K$B$S$PE$A:L22UL41UL21$X:L11$S22US41US21$IEEE1$IW$USESV6$~STKCKD$USESV7$~SHL$OSPACE$ROPI$EBA8$MICROLIB$REQ8$PRES8$EABIv2 0x00000000   Number         0  anon$$obj.o ABSOLUTE
    __ARM_use_no_argv                        0x00000000   Number         0  main.o ABSOLUTE
    _printf_a                                0x00000000   Number         0  stubs.o ABSOLUTE
    _printf_c                                0x00000000   Number         0  stubs.o ABSOLUTE
    _printf_charcount                        0x00000000   Number         0  stubs.o ABSOLUTE
    _printf_d                                0x00000000   Number         0  stubs.o ABSOLUTE
    _printf_e                                0x00000000   Number         0  stubs.o ABSOLUTE
    _printf_f                                0x00000000   Number         0  stubs.o ABSOLUTE
    _printf_flags                            0x00000000   Number         0  stubs.o ABSOLUTE
    _printf_fp_dec                           0x00000000   Number         0  stubs.o ABSOLUTE
    _printf_fp_hex                           0x00000000   Number         0  stubs.o ABSOLUTE
    _printf_g                                0x00000000   Number         0  stubs.o ABSOLUTE
    _printf_i                                0x00000000   Number         0  stubs.o ABSOLUTE
    _printf_int_dec                          0x00000000   Number         0  stubs.o ABSOLUTE
    _printf_l                                0x00000000   Number         0  stubs.o ABSOLUTE
    _printf_lc                               0x00000000   Number         0  stubs.o ABSOLUTE
    _printf_ll                               0x00000000   Number         0  stubs.o ABSOLUTE
    _printf_lld                              0x00000000   Number         0  stubs.o ABSOLUTE
    _printf_lli                              0x00000000   Number         0  stubs.o ABSOLUTE
    _printf_llo                              0x00000000   Number         0  stubs.o ABSOLUTE
    _printf_llu                              0x00000000   Number         0  stubs.o ABSOLUTE
    _printf_llx                              0x00000000   Number         0  stubs.o ABSOLUTE
    _printf_longlong_dec                     0x00000000   Number         0  stubs.o ABSOLUTE
    _printf_longlong_hex                     0x00000000   Number         0  stubs.o ABSOLUTE
    _printf_longlong_oct                     0x00000000   Number         0  stubs.o ABSOLUTE
    _printf_ls                               0x00000000   Number         0  stubs.o ABSOLUTE
    _printf_mbtowc                           0x00000000   Number         0  stubs.o ABSOLUTE
    _printf_n                                0x00000000   Number         0  stubs.o ABSOLUTE
    _printf_o                                0x00000000   Number         0  stubs.o ABSOLUTE
    _printf_p                                0x00000000   Number         0  stubs.o ABSOLUTE
    _printf_percent                          0x00000000   Number         0  stubs.o ABSOLUTE
    _printf_pre_padding                      0x00000000   Number         0  stubs.o ABSOLUTE
    _printf_return_value                     0x00000000   Number         0  stubs.o ABSOLUTE
    _printf_s                                0x00000000   Number         0  stubs.o ABSOLUTE
    _printf_sizespec                         0x00000000   Number         0  stubs.o ABSOLUTE
    _printf_str                              0x00000000   Number         0  stubs.o ABSOLUTE
    _printf_truncate_signed                  0x00000000   Number         0  stubs.o ABSOLUTE
    _printf_truncate_unsigned                0x00000000   Number         0  stubs.o ABSOLUTE
    _printf_u                                0x00000000   Number         0  stubs.o ABSOLUTE
    _printf_wc                               0x00000000   Number         0  stubs.o ABSOLUTE
    _printf_wctomb                           0x00000000   Number         0  stubs.o ABSOLUTE
    _printf_widthprec                        0x00000000   Number         0  stubs.o ABSOLUTE
    _printf_x                                0x00000000   Number         0  stubs.o ABSOLUTE
    __decompress                              - Undefined Weak Reference
    _clock_init                               - Undefined Weak Reference
    __Vectors_Size                           0x00000150   Number         0  startup_stm32f10x_cl.o ABSOLUTE
    __Vectors                                0x08000000   Data           4  startup_stm32f10x_cl.o(RESET)
    __Vectors_End                            0x08000150   Data           0  startup_stm32f10x_cl.o(RESET)
    __main                                   0x08000151   Thumb Code     0  entry.o(.ARM.Collect$$$$00000000)
    _main_stk                                0x08000151   Thumb Code     0  entry2.o(.ARM.Collect$$$$00000001)
    _main_scatterload                        0x08000155   Thumb Code     0  entry5.o(.ARM.Collect$$$$00000004)
    __main_after_scatterload                 0x08000159   Thumb Code     0  entry5.o(.ARM.Collect$$$$00000004)
    _main_clock                              0x08000159   Thumb Code     0  entry7b.o(.ARM.Collect$$$$00000008)
    _main_init                               0x08000159   Thumb Code     0  entry8.o(.ARM.Collect$$$$00000009)
    vPortSVCHandler                          0x08000165   Thumb Code    28  port.o(.emb_text)
    vPortStartFirstTask                      0x08000185   Thumb Code    16  port.o(.emb_text)
    xPortPendSVHandler                       0x08000199   Thumb Code    56  port.o(.emb_text)
    vPortSetInterruptMask                    0x080001d5   Thumb Code    14  port.o(.emb_text)
    vPortClearInterruptMask                  0x080001e3   Thumb Code    14  port.o(.emb_text)
    Reset_Handler                            0x080001f1   Thumb Code     8  startup_stm32f10x_cl.o(.text)
    ADC1_2_IRQHandler                        0x0800020b   Thumb Code     0  startup_stm32f10x_cl.o(.text)
    CAN1_RX0_IRQHandler                      0x0800020b   Thumb Code     0  startup_stm32f10x_cl.o(.text)
    CAN1_RX1_IRQHandler                      0x0800020b   Thumb Code     0  startup_stm32f10x_cl.o(.text)
    CAN1_SCE_IRQHandler                      0x0800020b   Thumb Code     0  startup_stm32f10x_cl.o(.text)
    CAN1_TX_IRQHandler                       0x0800020b   Thumb Code     0  startup_stm32f10x_cl.o(.text)
    CAN2_RX0_IRQHandler                      0x0800020b   Thumb Code     0  startup_stm32f10x_cl.o(.text)
    CAN2_RX1_IRQHandler                      0x0800020b   Thumb Code     0  startup_stm32f10x_cl.o(.text)
    CAN2_SCE_IRQHandler                      0x0800020b   Thumb Code     0  startup_stm32f10x_cl.o(.text)
    CAN2_TX_IRQHandler                       0x0800020b   Thumb Code     0  startup_stm32f10x_cl.o(.text)
    DMA1_Channel1_IRQHandler                 0x0800020b   Thumb Code     0  startup_stm32f10x_cl.o(.text)
    DMA1_Channel2_IRQHandler                 0x0800020b   Thumb Code     0  startup_stm32f10x_cl.o(.text)
    DMA1_Channel3_IRQHandler                 0x0800020b   Thumb Code     0  startup_stm32f10x_cl.o(.text)
    DMA1_Channel4_IRQHandler                 0x0800020b   Thumb Code     0  startup_stm32f10x_cl.o(.text)
    DMA1_Channel5_IRQHandler                 0x0800020b   Thumb Code     0  startup_stm32f10x_cl.o(.text)
    DMA1_Channel6_IRQHandler                 0x0800020b   Thumb Code     0  startup_stm32f10x_cl.o(.text)
    DMA1_Channel7_IRQHandler                 0x0800020b   Thumb Code     0  startup_stm32f10x_cl.o(.text)
    DMA2_Channel1_IRQHandler                 0x0800020b   Thumb Code     0  startup_stm32f10x_cl.o(.text)
    DMA2_Channel2_IRQHandler                 0x0800020b   Thumb Code     0  startup_stm32f10x_cl.o(.text)
    DMA2_Channel3_IRQHandler                 0x0800020b   Thumb Code     0  startup_stm32f10x_cl.o(.text)
    DMA2_Channel4_IRQHandler                 0x0800020b   Thumb Code     0  startup_stm32f10x_cl.o(.text)
    DMA2_Channel5_IRQHandler                 0x0800020b   Thumb Code     0  startup_stm32f10x_cl.o(.text)
    ETH_IRQHandler                           0x0800020b   Thumb Code     0  startup_stm32f10x_cl.o(.text)
    ETH_WKUP_IRQHandler                      0x0800020b   Thumb Code     0  startup_stm32f10x_cl.o(.text)
    EXTI0_IRQHandler                         0x0800020b   Thumb Code     0  startup_stm32f10x_cl.o(.text)
    EXTI15_10_IRQHandler                     0x0800020b   Thumb Code     0  startup_stm32f10x_cl.o(.text)
    EXTI1_IRQHandler                         0x0800020b   Thumb Code     0  startup_stm32f10x_cl.o(.text)
    EXTI2_IRQHandler                         0x0800020b   Thumb Code     0  startup_stm32f10x_cl.o(.text)
    EXTI3_IRQHandler                         0x0800020b   Thumb Code     0  startup_stm32f10x_cl.o(.text)
    EXTI4_IRQHandler                         0x0800020b   Thumb Code     0  startup_stm32f10x_cl.o(.text)
    EXTI9_5_IRQHandler                       0x0800020b   Thumb Code     0  startup_stm32f10x_cl.o(.text)
    FLASH_IRQHandler                         0x0800020b   Thumb Code     0  startup_stm32f10x_cl.o(.text)
    I2C1_ER_IRQHandler                       0x0800020b   Thumb Code     0  startup_stm32f10x_cl.o(.text)
    I2C1_EV_IRQHandler                       0x0800020b   Thumb Code     0  startup_stm32f10x_cl.o(.text)
    I2C2_ER_IRQHandler                       0x0800020b   Thumb Code     0  startup_stm32f10x_cl.o(.text)
    I2C2_EV_IRQHandler                       0x0800020b   Thumb Code     0  startup_stm32f10x_cl.o(.text)
    OTG_FS_IRQHandler                        0x0800020b   Thumb Code     0  startup_stm32f10x_cl.o(.text)
    OTG_FS_WKUP_IRQHandler                   0x0800020b   Thumb Code     0  startup_stm32f10x_cl.o(.text)
    PVD_IRQHandler                           0x0800020b   Thumb Code     0  startup_stm32f10x_cl.o(.text)
    RCC_IRQHandler                           0x0800020b   Thumb Code     0  startup_stm32f10x_cl.o(.text)
    RTCAlarm_IRQHandler                      0x0800020b   Thumb Code     0  startup_stm32f10x_cl.o(.text)
    RTC_IRQHandler                           0x0800020b   Thumb Code     0  startup_stm32f10x_cl.o(.text)
    SPI1_IRQHandler                          0x0800020b   Thumb Code     0  startup_stm32f10x_cl.o(.text)
    SPI2_IRQHandler                          0x0800020b   Thumb Code     0  startup_stm32f10x_cl.o(.text)
    SPI3_IRQHandler                          0x0800020b   Thumb Code     0  startup_stm32f10x_cl.o(.text)
    TAMPER_IRQHandler                        0x0800020b   Thumb Code     0  startup_stm32f10x_cl.o(.text)
    TIM1_BRK_IRQHandler                      0x0800020b   Thumb Code     0  startup_stm32f10x_cl.o(.text)
    TIM1_CC_IRQHandler                       0x0800020b   Thumb Code     0  startup_stm32f10x_cl.o(.text)
    TIM1_TRG_COM_IRQHandler                  0x0800020b   Thumb Code     0  startup_stm32f10x_cl.o(.text)
    TIM1_UP_IRQHandler                       0x0800020b   Thumb Code     0  startup_stm32f10x_cl.o(.text)
    TIM2_IRQHandler                          0x0800020b   Thumb Code     0  startup_stm32f10x_cl.o(.text)
    TIM4_IRQHandler                          0x0800020b   Thumb Code     0  startup_stm32f10x_cl.o(.text)
    TIM5_IRQHandler                          0x0800020b   Thumb Code     0  startup_stm32f10x_cl.o(.text)
    TIM6_IRQHandler                          0x0800020b   Thumb Code     0  startup_stm32f10x_cl.o(.text)
    TIM7_IRQHandler                          0x0800020b   Thumb Code     0  startup_stm32f10x_cl.o(.text)
    UART4_IRQHandler                         0x0800020b   Thumb Code     0  startup_stm32f10x_cl.o(.text)
    UART5_IRQHandler                         0x0800020b   Thumb Code     0  startup_stm32f10x_cl.o(.text)
    USART1_IRQHandler                        0x0800020b   Thumb Code     0  startup_stm32f10x_cl.o(.text)
    USART2_IRQHandler                        0x0800020b   Thumb Code     0  startup_stm32f10x_cl.o(.text)
    USART3_IRQHandler                        0x0800020b   Thumb Code     0  startup_stm32f10x_cl.o(.text)
    WWDG_IRQHandler                          0x0800020b   Thumb Code     0  startup_stm32f10x_cl.o(.text)
    __aeabi_memset                           0x08000215   Thumb Code    14  memseta.o(.text)
    __aeabi_memset4                          0x08000215   Thumb Code     0  memseta.o(.text)
    __aeabi_memset8                          0x08000215   Thumb Code     0  memseta.o(.text)
    __aeabi_memclr                           0x08000223   Thumb Code     4  memseta.o(.text)
    __aeabi_memclr4                          0x08000223   Thumb Code     0  memseta.o(.text)
    __aeabi_memclr8                          0x08000223   Thumb Code     0  memseta.o(.text)
    _memset$wrapper                          0x08000227   Thumb Code    20  memseta.o(.text)
    strncpy                                  0x0800023b   Thumb Code    24  strncpy.o(.text)
    __scatterload                            0x08000255   Thumb Code    28  init.o(.text)
    __scatterload_rt2                        0x08000255   Thumb Code     0  init.o(.text)
    ADC_Cmd                                  0x08000279   Thumb Code    20  stm32f10x_adc.o(i.ADC_Cmd)
    ADC_GetCalibrationStatus                 0x0800028d   Thumb Code    14  stm32f10x_adc.o(i.ADC_GetCalibrationStatus)
    ADC_GetConversionValue                   0x0800029b   Thumb Code     6  stm32f10x_adc.o(i.ADC_GetConversionValue)
    ADC_GetResetCalibrationStatus            0x080002a1   Thumb Code    14  stm32f10x_adc.o(i.ADC_GetResetCalibrationStatus)
    ADC_Init                                 0x080002b1   Thumb Code    62  stm32f10x_adc.o(i.ADC_Init)
    ADC_RegularChannelConfig                 0x080002f9   Thumb Code   116  stm32f10x_adc.o(i.ADC_RegularChannelConfig)
    ADC_ResetCalibration                     0x0800036d   Thumb Code    10  stm32f10x_adc.o(i.ADC_ResetCalibration)
    ADC_SoftwareStartConvCmd                 0x08000377   Thumb Code    20  stm32f10x_adc.o(i.ADC_SoftwareStartConvCmd)
    ADC_StartCalibration                     0x0800038b   Thumb Code    10  stm32f10x_adc.o(i.ADC_StartCalibration)
    AddTask                                  0x08000395   Thumb Code     8  main.o(i.AddTask)
    BusFault_Handler                         0x0800039d   Thumb Code     2  stm32f10x_it.o(i.BusFault_Handler)
    DataTask                                 0x080003a1   Thumb Code   132  main.o(i.DataTask)
    DebugMon_Handler                         0x0800042d   Thumb Code     2  stm32f10x_it.o(i.DebugMon_Handler)
    GPIO_Configuration_ADC                   0x08000431   Thumb Code    24  main.o(i.GPIO_Configuration_ADC)
    GPIO_Configuration_PPM                   0x0800044d   Thumb Code    56  ppm.o(i.GPIO_Configuration_PPM)
    GPIO_Init                                0x08000489   Thumb Code   164  stm32f10x_gpio.o(i.GPIO_Init)
    GPIO_PinRemapConfig                      0x0800052d   Thumb Code    82  stm32f10x_gpio.o(i.GPIO_PinRemapConfig)
    GPIO_WriteBit                            0x08000585   Thumb Code    10  stm32f10x_gpio.o(i.GPIO_WriteBit)
    HardFault_Handler                        0x0800058f   Thumb Code     2  stm32f10x_it.o(i.HardFault_Handler)
    LCD_Clear                                0x08000591   Thumb Code    50  stm3210c_eval_lcd.o(i.LCD_Clear)
    LCD_CtrlLinesConfig                      0x080005c9   Thumb Code    38  stm3210c_eval_lcd.o(i.LCD_CtrlLinesConfig)
    LCD_CtrlLinesWrite                       0x080005f5   Thumb Code     4  stm3210c_eval_lcd.o(i.LCD_CtrlLinesWrite)
    LCD_DisplayChar                          0x080005f9   Thumb Code    26  stm3210c_eval_lcd.o(i.LCD_DisplayChar)
    LCD_DisplayStringLine                    0x08000619   Thumb Code    56  stm3210c_eval_lcd.o(i.LCD_DisplayStringLine)
    LCD_DrawChar                             0x08000655   Thumb Code   132  stm3210c_eval_lcd.o(i.LCD_DrawChar)
    LCD_GetFont                              0x080006e1   Thumb Code     6  stm3210c_eval_lcd.o(i.LCD_GetFont)
    LCD_SPIConfig                            0x080006ed   Thumb Code   158  stm3210c_eval_lcd.o(i.LCD_SPIConfig)
    LCD_SetBackColor                         0x08000799   Thumb Code     6  stm3210c_eval_lcd.o(i.LCD_SetBackColor)
    LCD_SetCursor                            0x080007a5   Thumb Code    24  stm3210c_eval_lcd.o(i.LCD_SetCursor)
    LCD_SetTextColor                         0x080007bd   Thumb Code     6  stm3210c_eval_lcd.o(i.LCD_SetTextColor)
    LCD_Setup                                0x080007c9   Thumb Code   518  stm3210c_eval_lcd.o(i.LCD_Setup)
    LCD_WriteRAM                             0x080009d1   Thumb Code    48  stm3210c_eval_lcd.o(i.LCD_WriteRAM)
    LCD_WriteRAM_Prepare                     0x08000a05   Thumb Code    18  stm3210c_eval_lcd.o(i.LCD_WriteRAM_Prepare)
    LCD_WriteReg                             0x08000a19   Thumb Code    70  stm3210c_eval_lcd.o(i.LCD_WriteReg)
    LCD_WriteRegIndex                        0x08000a69   Thumb Code    66  stm3210c_eval_lcd.o(i.LCD_WriteRegIndex)
    LCD_nCS_StartByte                        0x08000ab5   Thumb Code    38  stm3210c_eval_lcd.o(i.LCD_nCS_StartByte)
    MemManage_Handler                        0x08000ae5   Thumb Code     2  stm32f10x_it.o(i.MemManage_Handler)
    MyTask                                   0x08000ae7   Thumb Code     8  main.o(i.MyTask)
    NMI_Handler                              0x08000aef   Thumb Code     2  stm32f10x_it.o(i.NMI_Handler)
    NVIC_Configuration_PPM                   0x08000af1   Thumb Code    32  ppm.o(i.NVIC_Configuration_PPM)
    NVIC_Init                                0x08000b11   Thumb Code    90  misc.o(i.NVIC_Init)
    NVIC_PriorityGroupConfig                 0x08000b75   Thumb Code    10  misc.o(i.NVIC_PriorityGroupConfig)
    PendSV_Handler                           0x08000b89   Thumb Code     4  stm32f10x_it.o(i.PendSV_Handler)
    RCC_ADCCLKConfig                         0x08000b8d   Thumb Code    14  stm32f10x_rcc.o(i.RCC_ADCCLKConfig)
    RCC_APB1PeriphClockCmd                   0x08000ba1   Thumb Code    18  stm32f10x_rcc.o(i.RCC_APB1PeriphClockCmd)
    RCC_APB1PeriphResetCmd                   0x08000bb9   Thumb Code    18  stm32f10x_rcc.o(i.RCC_APB1PeriphResetCmd)
    RCC_APB2PeriphClockCmd                   0x08000bd1   Thumb Code    18  stm32f10x_rcc.o(i.RCC_APB2PeriphClockCmd)
    RCC_APB2PeriphResetCmd                   0x08000be9   Thumb Code    18  stm32f10x_rcc.o(i.RCC_APB2PeriphResetCmd)
    RCC_Configuration_ADC                    0x08000c01   Thumb Code    24  main.o(i.RCC_Configuration_ADC)
    RCC_Configuration_PPM                    0x08000c19   Thumb Code    30  ppm.o(i.RCC_Configuration_PPM)
    RCC_GetClocksFreq                        0x08000c39   Thumb Code   138  stm32f10x_rcc.o(i.RCC_GetClocksFreq)
    SPI_Cmd                                  0x08000cd5   Thumb Code    20  stm32f10x_spi.o(i.SPI_Cmd)
    SPI_I2S_DeInit                           0x08000ce9   Thumb Code    72  stm32f10x_spi.o(i.SPI_I2S_DeInit)
    SPI_I2S_GetFlagStatus                    0x08000d3d   Thumb Code    14  stm32f10x_spi.o(i.SPI_I2S_GetFlagStatus)
    SPI_I2S_SendData                         0x08000d4b   Thumb Code     4  stm32f10x_spi.o(i.SPI_I2S_SendData)
    SPI_Init                                 0x08000d4f   Thumb Code    56  stm32f10x_spi.o(i.SPI_Init)
    STM3210C_LCD_Init                        0x08000d89   Thumb Code    16  stm3210c_eval_lcd.o(i.STM3210C_LCD_Init)
    STM_EVAL_COMInit                         0x08000d9d   Thumb Code   148  stm32_eval.o(i.STM_EVAL_COMInit)
    STM_EVAL_LEDInit                         0x08000e39   Thumb Code    54  stm32_eval.o(i.STM_EVAL_LEDInit)
    STM_EVAL_LEDOn                           0x08000e79   Thumb Code    16  stm32_eval.o(i.STM_EVAL_LEDOn)
    SVC_Handler                              0x08000e91   Thumb Code     4  stm32f10x_it.o(i.SVC_Handler)
    SysTick_Handler                          0x08000f29   Thumb Code     4  stm32f10x_it.o(i.SysTick_Handler)
    SystemInit                               0x08000f2d   Thumb Code    64  system_stm32f10x.o(i.SystemInit)
    TIM3_IRQHandler                          0x0800105d   Thumb Code   282  ppm.o(i.TIM3_IRQHandler)
    TIM_ARRPreloadConfig                     0x08001185   Thumb Code    20  stm32f10x_tim.o(i.TIM_ARRPreloadConfig)
    TIM_ClearITPendingBit                    0x08001199   Thumb Code     6  stm32f10x_tim.o(i.TIM_ClearITPendingBit)
    TIM_Cmd                                  0x0800119f   Thumb Code    20  stm32f10x_tim.o(i.TIM_Cmd)
    TIM_Configuration_PPM                    0x080011b5   Thumb Code   122  ppm.o(i.TIM_Configuration_PPM)
    TIM_DeInit                               0x08001239   Thumb Code   304  stm32f10x_tim.o(i.TIM_DeInit)
    TIM_GetCapture1                          0x080013a9   Thumb Code     4  stm32f10x_tim.o(i.TIM_GetCapture1)
    TIM_GetCapture2                          0x080013ad   Thumb Code     4  stm32f10x_tim.o(i.TIM_GetCapture2)
    TIM_GetITStatus                          0x080013b1   Thumb Code    22  stm32f10x_tim.o(i.TIM_GetITStatus)
    TIM_ICInit                               0x080013c9   Thumb Code   270  stm32f10x_tim.o(i.TIM_ICInit)
    TIM_ITConfig                             0x080014ed   Thumb Code    16  stm32f10x_tim.o(i.TIM_ITConfig)
    TIM_OC1Init                              0x080014fd   Thumb Code   106  stm32f10x_tim.o(i.TIM_OC1Init)
    TIM_OC1PreloadConfig                     0x0800157d   Thumb Code    12  stm32f10x_tim.o(i.TIM_OC1PreloadConfig)
    TIM_SetCompare1                          0x08001589   Thumb Code     4  stm32f10x_tim.o(i.TIM_SetCompare1)
    TIM_SetIC1Prescaler                      0x0800158d   Thumb Code    16  stm32f10x_tim.o(i.TIM_SetIC1Prescaler)
    TIM_SetIC2Prescaler                      0x0800159d   Thumb Code    18  stm32f10x_tim.o(i.TIM_SetIC2Prescaler)
    TIM_SetIC3Prescaler                      0x080015af   Thumb Code    16  stm32f10x_tim.o(i.TIM_SetIC3Prescaler)
    TIM_SetIC4Prescaler                      0x080015bf   Thumb Code    18  stm32f10x_tim.o(i.TIM_SetIC4Prescaler)
    TIM_TimeBaseInit                         0x080015d1   Thumb Code   114  stm32f10x_tim.o(i.TIM_TimeBaseInit)
    USART_Cmd                                0x0800166d   Thumb Code    20  stm32f10x_usart.o(i.USART_Cmd)
    USART_GetFlagStatus                      0x08001681   Thumb Code    14  stm32f10x_usart.o(i.USART_GetFlagStatus)
    USART_Init                               0x08001691   Thumb Code   176  stm32f10x_usart.o(i.USART_Init)
    USART_SendData                           0x08001745   Thumb Code     8  stm32f10x_usart.o(i.USART_SendData)
    UsageFault_Handler                       0x0800174d   Thumb Code     2  stm32f10x_it.o(i.UsageFault_Handler)
    __0printf$2                              0x08001751   Thumb Code    22  printf2.o(i.__0printf$2)
    __1printf$2                              0x08001751   Thumb Code     0  printf2.o(i.__0printf$2)
    __2printf                                0x08001751   Thumb Code     0  printf2.o(i.__0printf$2)
    __scatterload_copy                       0x08001771   Thumb Code    14  handlers.o(i.__scatterload_copy)
    __scatterload_null                       0x0800177f   Thumb Code     2  handlers.o(i.__scatterload_null)
    __scatterload_zeroinit                   0x08001781   Thumb Code    14  handlers.o(i.__scatterload_zeroinit)
    fputc                                    0x08001875   Thumb Code    30  main.o(i.fputc)
    initPPM                                  0x08001899   Thumb Code    22  ppm.o(i.initPPM)
    main                                     0x080018b1   Thumb Code   256  main.o(i.main)
    pvPortMalloc                             0x08001add   Thumb Code   168  heap_2.o(i.pvPortMalloc)
    pxPortInitialiseStack                    0x08001b8d   Thumb Code    28  port.o(i.pxPortInitialiseStack)
    vListInitialise                          0x08001ba9   Thumb Code    22  list.o(i.vListInitialise)
    vListInitialiseItem                      0x08001bbf   Thumb Code     6  list.o(i.vListInitialiseItem)
    vListInsert                              0x08001bc5   Thumb Code    48  list.o(i.vListInsert)
    vListInsertEnd                           0x08001bf5   Thumb Code    28  list.o(i.vListInsertEnd)
    vListRemove                              0x08001c11   Thumb Code    36  list.o(i.vListRemove)
    vPortEnterCritical                       0x08001c35   Thumb Code    16  port.o(i.vPortEnterCritical)
    vPortExitCritical                        0x08001c49   Thumb Code    16  port.o(i.vPortExitCritical)
    vPortFree                                0x08001c5d   Thumb Code    56  heap_2.o(i.vPortFree)
    vPortYieldFromISR                        0x08001c99   Thumb Code    10  port.o(i.vPortYieldFromISR)
    vTaskDelay                               0x08001ca9   Thumb Code    48  tasks.o(i.vTaskDelay)
    vTaskDelayUntil                          0x08001cdd   Thumb Code    76  tasks.o(i.vTaskDelayUntil)
    vTaskIncrementTick                       0x08001d2d   Thumb Code   150  tasks.o(i.vTaskIncrementTick)
    vTaskStartScheduler                      0x08001dcd   Thumb Code    50  tasks.o(i.vTaskStartScheduler)
    vTaskSuspendAll                          0x08001e11   Thumb Code    10  tasks.o(i.vTaskSuspendAll)
    vTaskSwitchContext                       0x08001e21   Thumb Code    66  tasks.o(i.vTaskSwitchContext)
    xPortStartScheduler                      0x08001e6d   Thumb Code    46  port.o(i.xPortStartScheduler)
    xPortSysTickHandler                      0x08001ea9   Thumb Code    26  port.o(i.xPortSysTickHandler)
    xTaskGenericCreate                       0x08001ec9   Thumb Code   350  tasks.o(i.xTaskGenericCreate)
    xTaskGetTickCount                        0x08002031   Thumb Code    18  tasks.o(i.xTaskGetTickCount)
    xTaskResumeAll                           0x08002049   Thumb Code   158  tasks.o(i.xTaskResumeAll)
    COM_TX_PIN                               0x080020f0   Data           2  stm32_eval.o(.constdata)
    COM_RX_PIN                               0x080020f2   Data           2  stm32_eval.o(.constdata)
    COM_USART_CLK                            0x080020f4   Data           4  stm32_eval.o(.constdata)
    COM_TX_PORT_CLK                          0x080020f8   Data           4  stm32_eval.o(.constdata)
    COM_RX_PORT_CLK                          0x080020fc   Data           4  stm32_eval.o(.constdata)
    BUTTON_PIN                               0x08002100   Data           6  stm32_eval.o(.constdata)
    BUTTON_EXTI_LINE                         0x08002106   Data           6  stm32_eval.o(.constdata)
    BUTTON_PORT_SOURCE                       0x0800210c   Data           6  stm32_eval.o(.constdata)
    BUTTON_PIN_SOURCE                        0x08002112   Data           6  stm32_eval.o(.constdata)
    BUTTON_IRQn                              0x08002118   Data           6  stm32_eval.o(.constdata)
    GPIO_PIN                                 0x0800211e   Data           8  stm32_eval.o(.constdata)
    GPIO_CLK                                 0x08002128   Data          16  stm32_eval.o(.constdata)
    BUTTON_CLK                               0x08002138   Data          12  stm32_eval.o(.constdata)
    ASCII16x24_Table                         0x08002144   Data        4560  stm3210c_eval_lcd.o(.constdata)
    Region$$Table$$Base                      0x08003314   Number         0  anon$$obj.o(Region$$Table)
    Region$$Table$$Limit                     0x08003334   Number         0  anon$$obj.o(Region$$Table)
    readVoltage                              0x20000000   Data           2  main.o(.data)
    PPM_out                                  0x20000010   Data          24  ppm.o(.data)
    COM_USART                                0x2000003c   Data           4  stm32_eval.o(.data)
    COM_TX_PORT                              0x20000040   Data           4  stm32_eval.o(.data)
    COM_RX_PORT                              0x20000044   Data           4  stm32_eval.o(.data)
    GPIO_PORT                                0x20000048   Data          16  stm32_eval.o(.data)
    BUTTON_PORT                              0x20000058   Data          12  stm32_eval.o(.data)
    Font16x24                                0x2000006c   Data           8  stm3210c_eval_lcd.o(.data)
    pxCurrentTCB                             0x20000090   Data           4  tasks.o(.data)
    __stdout                                 0x200000cc   Data           4  stdout.o(.data)
    USART_InitStructure                      0x200000d0   Data          16  main.o(.bss)
    TIM_TimeBaseStructure                    0x200000e0   Data          10  ppm.o(.bss)
    TIM_ICInitStructure                      0x200000ea   Data          10  ppm.o(.bss)
    TIM_OCInitStructure                      0x200000f4   Data          16  ppm.o(.bss)
    PPM_in                                   0x20000104   Data          24  ppm.o(.bss)
    __initial_sp                             0x20004a28   Data           0  startup_stm32f10x_cl.o(STACK)



==============================================================================

Memory Map of the image

  Image Entry point : 0x08000151

  Load Region LR_IROM1 (Base: 0x08000000, Size: 0x00003404, Max: 0x00080000, ABSOLUTE)

    Execution Region ER_IROM1 (Base: 0x08000000, Size: 0x00003334, Max: 0x00080000, ABSOLUTE)

    Base Addr    Size         Type   Attr      Idx    E Section Name        Object

    0x08000000   0x00000150   Data   RO         4226    RESET               startup_stm32f10x_cl.o
    0x08000150   0x00000000   Code   RO         4668  * .ARM.Collect$$$$00000000  mc_w.l(entry.o)
    0x08000150   0x00000004   Code   RO         4948    .ARM.Collect$$$$00000001  mc_w.l(entry2.o)
    0x08000154   0x00000004   Code   RO         4951    .ARM.Collect$$$$00000004  mc_w.l(entry5.o)
    0x08000158   0x00000000   Code   RO         4953    .ARM.Collect$$$$00000008  mc_w.l(entry7b.o)
    0x08000158   0x00000008   Code   RO         4954    .ARM.Collect$$$$00000009  mc_w.l(entry8.o)
    0x08000160   0x00000004   Code   RO         4949    .ARM.Collect$$$$00002712  mc_w.l(entry2.o)
    0x08000164   0x0000008c   Code   RO         4321    .emb_text           port.o
    0x080001f0   0x00000024   Code   RO         4227    .text               startup_stm32f10x_cl.o
    0x08000214   0x00000026   Code   RO         4673    .text               mc_w.l(memseta.o)
    0x0800023a   0x00000018   Code   RO         4675    .text               mc_w.l(strncpy.o)
    0x08000252   0x00000002   PAD
    0x08000254   0x00000024   Code   RO         4971    .text               mc_w.l(init.o)
    0x08000278   0x00000014   Code   RO         1866    i.ADC_Cmd           stm32f10x_adc.o
    0x0800028c   0x0000000e   Code   RO         1874    i.ADC_GetCalibrationStatus  stm32f10x_adc.o
    0x0800029a   0x00000006   Code   RO         1875    i.ADC_GetConversionValue  stm32f10x_adc.o
    0x080002a0   0x0000000e   Code   RO         1880    i.ADC_GetResetCalibrationStatus  stm32f10x_adc.o
    0x080002ae   0x00000002   PAD
    0x080002b0   0x00000048   Code   RO         1884    i.ADC_Init          stm32f10x_adc.o
    0x080002f8   0x00000074   Code   RO         1888    i.ADC_RegularChannelConfig  stm32f10x_adc.o
    0x0800036c   0x0000000a   Code   RO         1889    i.ADC_ResetCalibration  stm32f10x_adc.o
    0x08000376   0x00000014   Code   RO         1891    i.ADC_SoftwareStartConvCmd  stm32f10x_adc.o
    0x0800038a   0x0000000a   Code   RO         1893    i.ADC_StartCalibration  stm32f10x_adc.o
    0x08000394   0x00000008   Code   RO          152    i.AddTask           main.o
    0x0800039c   0x00000002   Code   RO            1    i.BusFault_Handler  stm32f10x_it.o
    0x0800039e   0x00000002   PAD
    0x080003a0   0x0000008c   Code   RO          153    i.DataTask          main.o
    0x0800042c   0x00000002   Code   RO            2    i.DebugMon_Handler  stm32f10x_it.o
    0x0800042e   0x00000002   PAD
    0x08000430   0x0000001c   Code   RO          154    i.GPIO_Configuration_ADC  main.o
    0x0800044c   0x0000003c   Code   RO          272    i.GPIO_Configuration_PPM  ppm.o
    0x08000488   0x000000a4   Code   RO          726    i.GPIO_Init         stm32f10x_gpio.o
    0x0800052c   0x00000058   Code   RO          728    i.GPIO_PinRemapConfig  stm32f10x_gpio.o
    0x08000584   0x0000000a   Code   RO          737    i.GPIO_WriteBit     stm32f10x_gpio.o
    0x0800058e   0x00000002   Code   RO            3    i.HardFault_Handler  stm32f10x_it.o
    0x08000590   0x00000038   Code   RO         3760    i.LCD_Clear         stm3210c_eval_lcd.o
    0x080005c8   0x0000002c   Code   RO         3764    i.LCD_CtrlLinesConfig  stm3210c_eval_lcd.o
    0x080005f4   0x00000004   Code   RO         3765    i.LCD_CtrlLinesWrite  stm3210c_eval_lcd.o
    0x080005f8   0x00000020   Code   RO         3767    i.LCD_DisplayChar   stm3210c_eval_lcd.o
    0x08000618   0x0000003c   Code   RO         3770    i.LCD_DisplayStringLine  stm3210c_eval_lcd.o
    0x08000654   0x0000008c   Code   RO         3771    i.LCD_DrawChar      stm3210c_eval_lcd.o
    0x080006e0   0x0000000c   Code   RO         3781    i.LCD_GetFont       stm3210c_eval_lcd.o
    0x080006ec   0x000000ac   Code   RO         3787    i.LCD_SPIConfig     stm3210c_eval_lcd.o
    0x08000798   0x0000000c   Code   RO         3788    i.LCD_SetBackColor  stm3210c_eval_lcd.o
    0x080007a4   0x00000018   Code   RO         3790    i.LCD_SetCursor     stm3210c_eval_lcd.o
    0x080007bc   0x0000000c   Code   RO         3793    i.LCD_SetTextColor  stm3210c_eval_lcd.o
    0x080007c8   0x00000206   Code   RO         3794    i.LCD_Setup         stm3210c_eval_lcd.o
    0x080009ce   0x00000002   PAD
    0x080009d0   0x00000034   Code   RO         3796    i.LCD_WriteRAM      stm3210c_eval_lcd.o
    0x08000a04   0x00000012   Code   RO         3798    i.LCD_WriteRAM_Prepare  stm3210c_eval_lcd.o
    0x08000a16   0x00000002   PAD
    0x08000a18   0x00000050   Code   RO         3799    i.LCD_WriteReg      stm3210c_eval_lcd.o
    0x08000a68   0x0000004c   Code   RO         3800    i.LCD_WriteRegIndex  stm3210c_eval_lcd.o
    0x08000ab4   0x00000030   Code   RO         3801    i.LCD_nCS_StartByte  stm3210c_eval_lcd.o
    0x08000ae4   0x00000002   Code   RO            4    i.MemManage_Handler  stm32f10x_it.o
    0x08000ae6   0x00000008   Code   RO          155    i.MyTask            main.o
    0x08000aee   0x00000002   Code   RO            5    i.NMI_Handler       stm32f10x_it.o
    0x08000af0   0x00000020   Code   RO          273    i.NVIC_Configuration_PPM  ppm.o
    0x08000b10   0x00000064   Code   RO          840    i.NVIC_Init         misc.o
    0x08000b74   0x00000014   Code   RO          841    i.NVIC_PriorityGroupConfig  misc.o
    0x08000b88   0x00000004   Code   RO            6    i.PendSV_Handler    stm32f10x_it.o
    0x08000b8c   0x00000014   Code   RO          451    i.RCC_ADCCLKConfig  stm32f10x_rcc.o
    0x08000ba0   0x00000018   Code   RO          453    i.RCC_APB1PeriphClockCmd  stm32f10x_rcc.o
    0x08000bb8   0x00000018   Code   RO          454    i.RCC_APB1PeriphResetCmd  stm32f10x_rcc.o
    0x08000bd0   0x00000018   Code   RO          455    i.RCC_APB2PeriphClockCmd  stm32f10x_rcc.o
    0x08000be8   0x00000018   Code   RO          456    i.RCC_APB2PeriphResetCmd  stm32f10x_rcc.o
    0x08000c00   0x00000018   Code   RO          156    i.RCC_Configuration_ADC  main.o
    0x08000c18   0x0000001e   Code   RO          274    i.RCC_Configuration_PPM  ppm.o
    0x08000c36   0x00000002   PAD
    0x08000c38   0x0000009c   Code   RO          463    i.RCC_GetClocksFreq  stm32f10x_rcc.o
    0x08000cd4   0x00000014   Code   RO          941    i.SPI_Cmd           stm32f10x_spi.o
    0x08000ce8   0x00000054   Code   RO          948    i.SPI_I2S_DeInit    stm32f10x_spi.o
    0x08000d3c   0x0000000e   Code   RO          949    i.SPI_I2S_GetFlagStatus  stm32f10x_spi.o
    0x08000d4a   0x00000004   Code   RO          953    i.SPI_I2S_SendData  stm32f10x_spi.o
    0x08000d4e   0x00000038   Code   RO          954    i.SPI_Init          stm32f10x_spi.o
    0x08000d86   0x00000002   PAD
    0x08000d88   0x00000014   Code   RO         3803    i.STM3210C_LCD_Init  stm3210c_eval_lcd.o
    0x08000d9c   0x0000009c   Code   RO         3559    i.STM_EVAL_COMInit  stm32_eval.o
    0x08000e38   0x00000040   Code   RO         3560    i.STM_EVAL_LEDInit  stm32_eval.o
    0x08000e78   0x00000018   Code   RO         3562    i.STM_EVAL_LEDOn    stm32_eval.o
    0x08000e90   0x00000004   Code   RO            7    i.SVC_Handler       stm32f10x_it.o
    0x08000e94   0x00000094   Code   RO         3528    i.SetSysClockTo72   system_stm32f10x.o
    0x08000f28   0x00000004   Code   RO            8    i.SysTick_Handler   stm32f10x_it.o
    0x08000f2c   0x00000050   Code   RO         3530    i.SystemInit        system_stm32f10x.o
    0x08000f7c   0x00000068   Code   RO         2927    i.TI1_Config        stm32f10x_tim.o
    0x08000fe4   0x00000078   Code   RO         2928    i.TI2_Config        stm32f10x_tim.o
    0x0800105c   0x00000128   Code   RO          275    i.TIM3_IRQHandler   ppm.o
    0x08001184   0x00000014   Code   RO         2929    i.TIM_ARRPreloadConfig  stm32f10x_tim.o
    0x08001198   0x00000006   Code   RO         2936    i.TIM_ClearITPendingBit  stm32f10x_tim.o
    0x0800119e   0x00000014   Code   RO         2941    i.TIM_Cmd           stm32f10x_tim.o
    0x080011b2   0x00000002   PAD
    0x080011b4   0x00000084   Code   RO          276    i.TIM_Configuration_PPM  ppm.o
    0x08001238   0x00000170   Code   RO         2946    i.TIM_DeInit        stm32f10x_tim.o
    0x080013a8   0x00000004   Code   RO         2956    i.TIM_GetCapture1   stm32f10x_tim.o
    0x080013ac   0x00000004   Code   RO         2957    i.TIM_GetCapture2   stm32f10x_tim.o
    0x080013b0   0x00000016   Code   RO         2962    i.TIM_GetITStatus   stm32f10x_tim.o
    0x080013c6   0x00000002   PAD
    0x080013c8   0x00000124   Code   RO         2964    i.TIM_ICInit        stm32f10x_tim.o
    0x080014ec   0x00000010   Code   RO         2966    i.TIM_ITConfig      stm32f10x_tim.o
    0x080014fc   0x00000080   Code   RO         2970    i.TIM_OC1Init       stm32f10x_tim.o
    0x0800157c   0x0000000c   Code   RO         2973    i.TIM_OC1PreloadConfig  stm32f10x_tim.o
    0x08001588   0x00000004   Code   RO         3002    i.TIM_SetCompare1   stm32f10x_tim.o
    0x0800158c   0x00000010   Code   RO         3007    i.TIM_SetIC1Prescaler  stm32f10x_tim.o
    0x0800159c   0x00000012   Code   RO         3008    i.TIM_SetIC2Prescaler  stm32f10x_tim.o
    0x080015ae   0x00000010   Code   RO         3009    i.TIM_SetIC3Prescaler  stm32f10x_tim.o
    0x080015be   0x00000012   Code   RO         3010    i.TIM_SetIC4Prescaler  stm32f10x_tim.o
    0x080015d0   0x0000009c   Code   RO         3012    i.TIM_TimeBaseInit  stm32f10x_tim.o
    0x0800166c   0x00000014   Code   RO         1210    i.USART_Cmd         stm32f10x_usart.o
    0x08001680   0x0000000e   Code   RO         1213    i.USART_GetFlagStatus  stm32f10x_usart.o
    0x0800168e   0x00000002   PAD
    0x08001690   0x000000b4   Code   RO         1217    i.USART_Init        stm32f10x_usart.o
    0x08001744   0x00000008   Code   RO         1227    i.USART_SendData    stm32f10x_usart.o
    0x0800174c   0x00000002   Code   RO            9    i.UsageFault_Handler  stm32f10x_it.o
    0x0800174e   0x00000002   PAD
    0x08001750   0x00000020   Code   RO         4746    i.__0printf$2       mc_w.l(printf2.o)
    0x08001770   0x0000000e   Code   RO         4981    i.__scatterload_copy  mc_w.l(handlers.o)
    0x0800177e   0x00000002   Code   RO         4982    i.__scatterload_null  mc_w.l(handlers.o)
    0x08001780   0x0000000e   Code   RO         4983    i.__scatterload_zeroinit  mc_w.l(handlers.o)
    0x0800178e   0x000000d0   Code   RO         4753    i._printf_core      mc_w.l(printf2.o)
    0x0800185e   0x00000002   PAD
    0x08001860   0x00000014   Code   RO         3804    i.delay             stm3210c_eval_lcd.o
    0x08001874   0x00000024   Code   RO          157    i.fputc             main.o
    0x08001898   0x00000016   Code   RO          285    i.initPPM           ppm.o
    0x080018ae   0x00000002   PAD
    0x080018b0   0x00000188   Code   RO          158    i.main              main.o
    0x08001a38   0x00000034   Code   RO         4468    i.prvAddCurrentTaskToDelayedList  tasks.o
    0x08001a6c   0x00000058   Code   RO         4469    i.prvCheckTasksWaitingTermination  tasks.o
    0x08001ac4   0x00000018   Code   RO         4470    i.prvIdleTask       tasks.o
    0x08001adc   0x000000b0   Code   RO         4231    i.pvPortMalloc      heap_2.o
    0x08001b8c   0x0000001c   Code   RO         4322    i.pxPortInitialiseStack  port.o
    0x08001ba8   0x00000016   Code   RO         4285    i.vListInitialise   list.o
    0x08001bbe   0x00000006   Code   RO         4286    i.vListInitialiseItem  list.o
    0x08001bc4   0x00000030   Code   RO         4287    i.vListInsert       list.o
    0x08001bf4   0x0000001c   Code   RO         4288    i.vListInsertEnd    list.o
    0x08001c10   0x00000024   Code   RO         4289    i.vListRemove       list.o
    0x08001c34   0x00000014   Code   RO         4324    i.vPortEnterCritical  port.o
    0x08001c48   0x00000014   Code   RO         4325    i.vPortExitCritical  port.o
    0x08001c5c   0x0000003c   Code   RO         4232    i.vPortFree         heap_2.o
    0x08001c98   0x00000010   Code   RO         4326    i.vPortYieldFromISR  port.o
    0x08001ca8   0x00000034   Code   RO         4473    i.vTaskDelay        tasks.o
    0x08001cdc   0x00000050   Code   RO         4474    i.vTaskDelayUntil   tasks.o
    0x08001d2c   0x000000a0   Code   RO         4477    i.vTaskIncrementTick  tasks.o
    0x08001dcc   0x00000044   Code   RO         4485    i.vTaskStartScheduler  tasks.o
    0x08001e10   0x00000010   Code   RO         4487    i.vTaskSuspendAll   tasks.o
    0x08001e20   0x0000004c   Code   RO         4488    i.vTaskSwitchContext  tasks.o
    0x08001e6c   0x0000003c   Code   RO         4327    i.xPortStartScheduler  port.o
    0x08001ea8   0x00000020   Code   RO         4328    i.xPortSysTickHandler  port.o
    0x08001ec8   0x00000168   Code   RO         4490    i.xTaskGenericCreate  tasks.o
    0x08002030   0x00000018   Code   RO         4492    i.xTaskGetTickCount  tasks.o
    0x08002048   0x000000a8   Code   RO         4496    i.xTaskResumeAll    tasks.o
    0x080020f0   0x00000054   Data   RO         3570    .constdata          stm32_eval.o
    0x08002144   0x000011d0   Data   RO         3805    .constdata          stm3210c_eval_lcd.o
    0x08003314   0x00000020   Data   RO         4979    Region$$Table       anon$$obj.o


    Execution Region RW_IRAM1 (Base: 0x20000000, Size: 0x00004a28, Max: 0x00010000, ABSOLUTE)

    Base Addr    Size         Type   Attr      Idx    E Section Name        Object

    0x20000000   0x00000002   Data   RW          160    .data               main.o
    0x20000002   0x00000026   Data   RW          302    .data               ppm.o
    0x20000028   0x00000014   Data   RW          483    .data               stm32f10x_rcc.o
    0x2000003c   0x00000028   Data   RW         3571    .data               stm32_eval.o
    0x20000064   0x00000010   Data   RW         3809    .data               stm3210c_eval_lcd.o
    0x20000074   0x00000018   Data   RW         4236    .data               heap_2.o
    0x2000008c   0x00000004   Data   RW         4329    .data               port.o
    0x20000090   0x0000003c   Data   RW         4499    .data               tasks.o
    0x200000cc   0x00000004   Data   RW         4955    .data               mc_w.l(stdout.o)
    0x200000d0   0x00000010   Zero   RW          159    .bss                main.o
    0x200000e0   0x0000003c   Zero   RW          299    .bss                ppm.o
    0x2000011c   0x00000004   PAD
    0x20000120   0x00004400   Zero   RW         4235    .bss                heap_2.o
    0x20004520   0x00000104   Zero   RW         4498    .bss                tasks.o
    0x20004624   0x00000004   PAD
    0x20004628   0x00000400   Zero   RW         4224    STACK               startup_stm32f10x_cl.o


==============================================================================

Image component sizes


      Code (inc. data)   RO Data    RW Data    ZI Data      Debug   Object Name

         0          0          0          0          0         32   core_cm3.o
       236         12          0         24      17408       7483   heap_2.o
       140          0          0          0          0       3049   list.o
       636        154          0          2         16     219390   main.o
       120         20          0          0          0       3547   misc.o
       316         46          0          4          0       5297   port.o
       572         28          0         38         60       6100   ppm.o
        36          8        336          0       1024        912   startup_stm32f10x_cl.o
      1400        106       4560         16          0      14821   stm3210c_eval_lcd.o
       244         26         84         40          0       7548   stm32_eval.o
       282         10          0          0          0      17229   stm32f10x_adc.o
       262          6          0          0          0      20834   stm32f10x_gpio.o
        24          0          0          0          0     276118   stm32f10x_it.o
       272         48          0         20          0      15515   stm32f10x_rcc.o
       178         12          0          0          0      11421   stm32f10x_spi.o
      1344        192          0          0          0      35313   stm32f10x_tim.o
       222          4          0          0          0      10640   stm32f10x_usart.o
       228         26          0          0          0       1565   system_stm32f10x.o
      1168         94          0         60        260      11956   tasks.o

    ----------------------------------------------------------------------
      7704        792       5012        204      18776     668770   Object Totals
         0          0         32          0          0          0   (incl. Generated)
        24          0          0          0          8          0   (incl. Padding)

    ----------------------------------------------------------------------

      Code (inc. data)   RO Data    RW Data    ZI Data      Debug   Library Member Name

         0          0          0          0          0          0   entry.o
         8          4          0          0          0          0   entry2.o
         4          0          0          0          0          0   entry5.o
         0          0          0          0          0          0   entry7b.o
         8          4          0          0          0          0   entry8.o
        30          0          0          0          0          0   handlers.o
        36          8          0          0          0         68   init.o
        38          0          0          0          0        108   memseta.o
       240         10          0          0          0        176   printf2.o
         0          0          0          4          0          0   stdout.o
        24          0          0          0          0         76   strncpy.o

    ----------------------------------------------------------------------
       392         26          0          4          0        428   Library Totals
         4          0          0          0          0          0   (incl. Padding)

    ----------------------------------------------------------------------

      Code (inc. data)   RO Data    RW Data    ZI Data      Debug   Library Name

       388         26          0          4          0        428   mc_w.l

    ----------------------------------------------------------------------
       392         26          0          4          0        428   Library Totals

    ----------------------------------------------------------------------

==============================================================================


      Code (inc. data)   RO Data    RW Data    ZI Data      Debug   

      8096        818       5012        208      18776     663010   Grand Totals
      8096        818       5012        208      18776     663010   ELF Image Totals
      8096        818       5012        208          0          0   ROM Totals

==============================================================================

    Total RO  Size (Code + RO Data)                13108 (  12.80kB)
    Total RW  Size (RW Data + ZI Data)             18984 (  18.54kB)
    Total ROM Size (Code + RO Data + RW Data)      13316 (  13.00kB)

==============================================================================

